221  [JavaFX Application Thread] INFO  richrail.TrainApplication - Example log richrail.TrainApplication
1223 [JavaFX Application Thread] INFO  o.s.d.r.c.RepositoryConfigurationDelegate - Bootstrapping Spring Data JPA repositories in DEFAULT mode.
1310 [JavaFX Application Thread] INFO  o.s.d.r.c.RepositoryConfigurationDelegate - Finished Spring Data repository scanning in 79ms. Found 3 JPA repository interfaces.
1909 [JavaFX Application Thread] INFO  o.h.jpa.internal.util.LogHelper - HHH000204: Processing PersistenceUnitInfo [name: default]
1958 [JavaFX Application Thread] INFO  org.hibernate.Version - HHH000412: Hibernate ORM core version 5.4.20.Final
2086 [JavaFX Application Thread] INFO  o.h.annotations.common.Version - HCANN000001: Hibernate Commons Annotations {5.1.0.Final}
2383 [JavaFX Application Thread] INFO  com.zaxxer.hikari.HikariDataSource - HikariPool-1 - Starting...
2904 [JavaFX Application Thread] INFO  com.zaxxer.hikari.HikariDataSource - HikariPool-1 - Start completed.
2939 [JavaFX Application Thread] INFO  org.hibernate.dialect.Dialect - HHH000400: Using dialect: org.hibernate.dialect.PostgreSQL10Dialect
7251 [JavaFX Application Thread] INFO  o.h.validator.internal.util.Version - HV000001: Hibernate Validator 6.0.18.Final
8392 [JavaFX Application Thread] INFO  o.h.e.t.j.p.i.JtaPlatformInitiator - HHH000490: Using JtaPlatform implementation: [org.hibernate.engine.transaction.jta.platform.internal.NoJtaPlatform]
8399 [JavaFX Application Thread] INFO  o.s.o.j.LocalContainerEntityManagerFactoryBean - Initialized JPA EntityManagerFactory for persistence unit 'default'
12529 [JavaFX Application Thread] INFO  r.application.AdministrationService - Add new train
19661 [JavaFX Application Thread] INFO  r.application.AdministrationService - Find powersource by weight input
19662 [JavaFX Application Thread] INFO  r.application.AdministrationService - Print powersources compatible with train weight
21950 [JavaFX Application Thread] INFO  r.application.AdministrationService - Creating new train
22126 [JavaFX Application Thread] INFO  r.application.AdministrationService - Train created
259  [JavaFX Application Thread] INFO  richrail.TrainApplication - Example log richrail.TrainApplication
1055 [JavaFX Application Thread] INFO  o.s.d.r.c.RepositoryConfigurationDelegate - Bootstrapping Spring Data JPA repositories in DEFAULT mode.
1145 [JavaFX Application Thread] INFO  o.s.d.r.c.RepositoryConfigurationDelegate - Finished Spring Data repository scanning in 81ms. Found 3 JPA repository interfaces.
1739 [JavaFX Application Thread] INFO  o.h.jpa.internal.util.LogHelper - HHH000204: Processing PersistenceUnitInfo [name: default]
1795 [JavaFX Application Thread] INFO  org.hibernate.Version - HHH000412: Hibernate ORM core version 5.4.20.Final
1928 [JavaFX Application Thread] INFO  o.h.annotations.common.Version - HCANN000001: Hibernate Commons Annotations {5.1.0.Final}
2229 [JavaFX Application Thread] INFO  com.zaxxer.hikari.HikariDataSource - HikariPool-1 - Starting...
2820 [JavaFX Application Thread] INFO  com.zaxxer.hikari.HikariDataSource - HikariPool-1 - Start completed.
2847 [JavaFX Application Thread] INFO  org.hibernate.dialect.Dialect - HHH000400: Using dialect: org.hibernate.dialect.PostgreSQL10Dialect
7399 [JavaFX Application Thread] INFO  o.h.validator.internal.util.Version - HV000001: Hibernate Validator 6.0.18.Final
8591 [JavaFX Application Thread] INFO  o.h.e.t.j.p.i.JtaPlatformInitiator - HHH000490: Using JtaPlatform implementation: [org.hibernate.engine.transaction.jta.platform.internal.NoJtaPlatform]
8597 [JavaFX Application Thread] INFO  o.s.o.j.LocalContainerEntityManagerFactoryBean - Initialized JPA EntityManagerFactory for persistence unit 'default'
16930 [JavaFX Application Thread] INFO  r.application.AdministrationService - initialize
27219 [JavaFX Application Thread] INFO  r.application.AdministrationService - Find powersource by weight input
27219 [JavaFX Application Thread] INFO  r.application.AdministrationService - Print powersources compatible with train weight
33931 [JavaFX Application Thread] INFO  r.application.AdministrationService - Creating new train
34126 [JavaFX Application Thread] INFO  r.application.AdministrationService - Train created
292  [JavaFX Application Thread] INFO  richrail.TrainApplication - Example log richrail.TrainApplication
1697 [JavaFX Application Thread] INFO  o.s.d.r.c.RepositoryConfigurationDelegate - Bootstrapping Spring Data JPA repositories in DEFAULT mode.
1805 [JavaFX Application Thread] INFO  o.s.d.r.c.RepositoryConfigurationDelegate - Finished Spring Data repository scanning in 96ms. Found 3 JPA repository interfaces.
2585 [JavaFX Application Thread] INFO  o.h.jpa.internal.util.LogHelper - HHH000204: Processing PersistenceUnitInfo [name: default]
2660 [JavaFX Application Thread] INFO  org.hibernate.Version - HHH000412: Hibernate ORM core version 5.4.20.Final
2855 [JavaFX Application Thread] INFO  o.h.annotations.common.Version - HCANN000001: Hibernate Commons Annotations {5.1.0.Final}
3225 [JavaFX Application Thread] INFO  com.zaxxer.hikari.HikariDataSource - HikariPool-1 - Starting...
3915 [JavaFX Application Thread] INFO  com.zaxxer.hikari.HikariDataSource - HikariPool-1 - Start completed.
3960 [JavaFX Application Thread] INFO  org.hibernate.dialect.Dialect - HHH000400: Using dialect: org.hibernate.dialect.PostgreSQL10Dialect
8483 [JavaFX Application Thread] INFO  o.h.validator.internal.util.Version - HV000001: Hibernate Validator 6.0.18.Final
9834 [JavaFX Application Thread] INFO  o.h.e.t.j.p.i.JtaPlatformInitiator - HHH000490: Using JtaPlatform implementation: [org.hibernate.engine.transaction.jta.platform.internal.NoJtaPlatform]
9842 [JavaFX Application Thread] INFO  o.s.o.j.LocalContainerEntityManagerFactoryBean - Initialized JPA EntityManagerFactory for persistence unit 'default'
345  [JavaFX Application Thread] INFO  richrail.TrainApplication - Example log richrail.TrainApplication
1901 [JavaFX Application Thread] INFO  o.s.d.r.c.RepositoryConfigurationDelegate - Bootstrapping Spring Data JPA repositories in DEFAULT mode.
2064 [JavaFX Application Thread] INFO  o.s.d.r.c.RepositoryConfigurationDelegate - Finished Spring Data repository scanning in 149ms. Found 3 JPA repository interfaces.
3003 [JavaFX Application Thread] INFO  o.h.jpa.internal.util.LogHelper - HHH000204: Processing PersistenceUnitInfo [name: default]
3077 [JavaFX Application Thread] INFO  org.hibernate.Version - HHH000412: Hibernate ORM core version 5.4.20.Final
3274 [JavaFX Application Thread] INFO  o.h.annotations.common.Version - HCANN000001: Hibernate Commons Annotations {5.1.0.Final}
3639 [JavaFX Application Thread] INFO  com.zaxxer.hikari.HikariDataSource - HikariPool-1 - Starting...
4287 [JavaFX Application Thread] INFO  com.zaxxer.hikari.HikariDataSource - HikariPool-1 - Start completed.
4324 [JavaFX Application Thread] INFO  org.hibernate.dialect.Dialect - HHH000400: Using dialect: org.hibernate.dialect.PostgreSQL10Dialect
9034 [JavaFX Application Thread] INFO  o.h.validator.internal.util.Version - HV000001: Hibernate Validator 6.0.18.Final
10166 [JavaFX Application Thread] WARN  o.h.e.jdbc.spi.SqlExceptionHelper - SQL Warning Code: 0, SQLState: 00000
10166 [JavaFX Application Thread] WARN  o.h.e.jdbc.spi.SqlExceptionHelper - constraint "uk_d41lv3ey5l9geutlf65m1od8m" of relation "train_train_wagons" does not exist, skipping
10668 [JavaFX Application Thread] INFO  o.h.e.t.j.p.i.JtaPlatformInitiator - HHH000490: Using JtaPlatform implementation: [org.hibernate.engine.transaction.jta.platform.internal.NoJtaPlatform]
10677 [JavaFX Application Thread] INFO  o.s.o.j.LocalContainerEntityManagerFactoryBean - Initialized JPA EntityManagerFactory for persistence unit 'default'
199  [JavaFX Application Thread] INFO  richrail.TrainApplication - Example log richrail.TrainApplication
1102 [JavaFX Application Thread] INFO  o.s.d.r.c.RepositoryConfigurationDelegate - Bootstrapping Spring Data JPA repositories in DEFAULT mode.
1196 [JavaFX Application Thread] INFO  o.s.d.r.c.RepositoryConfigurationDelegate - Finished Spring Data repository scanning in 84ms. Found 3 JPA repository interfaces.
1836 [JavaFX Application Thread] INFO  o.h.jpa.internal.util.LogHelper - HHH000204: Processing PersistenceUnitInfo [name: default]
1893 [JavaFX Application Thread] INFO  org.hibernate.Version - HHH000412: Hibernate ORM core version 5.4.20.Final
2062 [JavaFX Application Thread] INFO  o.h.annotations.common.Version - HCANN000001: Hibernate Commons Annotations {5.1.0.Final}
2366 [JavaFX Application Thread] INFO  com.zaxxer.hikari.HikariDataSource - HikariPool-1 - Starting...
3079 [JavaFX Application Thread] INFO  com.zaxxer.hikari.HikariDataSource - HikariPool-1 - Start completed.
3121 [JavaFX Application Thread] INFO  org.hibernate.dialect.Dialect - HHH000400: Using dialect: org.hibernate.dialect.PostgreSQL10Dialect
7796 [JavaFX Application Thread] INFO  o.h.validator.internal.util.Version - HV000001: Hibernate Validator 6.0.18.Final
9070 [JavaFX Application Thread] INFO  o.h.e.t.j.p.i.JtaPlatformInitiator - HHH000490: Using JtaPlatform implementation: [org.hibernate.engine.transaction.jta.platform.internal.NoJtaPlatform]
9077 [JavaFX Application Thread] INFO  o.s.o.j.LocalContainerEntityManagerFactoryBean - Initialized JPA EntityManagerFactory for persistence unit 'default'
9478 [JavaFX Application Thread] WARN  o.s.c.a.AnnotationConfigApplicationContext - Exception encountered during context initialization - cancelling refresh attempt: org.springframework.beans.factory.UnsatisfiedDependencyException: Error creating bean with name 'guiTrainServiceV' defined in richrail.AppConfig: Unsatisfied dependency expressed through method 'guiTrainServiceV' parameter 0; nested exception is org.springframework.beans.factory.UnsatisfiedDependencyException: Error creating bean with name 'administrationServiceV' defined in richrail.AppConfig: Unsatisfied dependency expressed through method 'administrationServiceV' parameter 0; nested exception is org.springframework.beans.factory.UnsatisfiedDependencyException: Error creating bean with name 'trainServiceV' defined in richrail.AppConfig: Unsatisfied dependency expressed through method 'trainServiceV' parameter 0; nested exception is org.springframework.beans.factory.UnsatisfiedDependencyException: Error creating bean with name 'springTrainDaoV' defined in richrail.AppConfig: Unsatisfied dependency expressed through method 'springTrainDaoV' parameter 0; nested exception is org.springframework.beans.factory.BeanCreationException: Error creating bean with name 'trainJpaRepository': Invocation of init method failed; nested exception is java.lang.IllegalArgumentException: Validation failed for query for method public abstract void richrail.data.TrainJpaRepository.updateTrainWagons(java.util.List,java.util.UUID)!
9478 [JavaFX Application Thread] INFO  o.s.o.j.LocalContainerEntityManagerFactoryBean - Closing JPA EntityManagerFactory for persistence unit 'default'
9481 [JavaFX Application Thread] INFO  com.zaxxer.hikari.HikariDataSource - HikariPool-1 - Shutdown initiated...
9496 [JavaFX Application Thread] INFO  com.zaxxer.hikari.HikariDataSource - HikariPool-1 - Shutdown completed.
226  [JavaFX Application Thread] INFO  richrail.TrainApplication - Example log richrail.TrainApplication
1181 [JavaFX Application Thread] INFO  o.s.d.r.c.RepositoryConfigurationDelegate - Bootstrapping Spring Data JPA repositories in DEFAULT mode.
1274 [JavaFX Application Thread] INFO  o.s.d.r.c.RepositoryConfigurationDelegate - Finished Spring Data repository scanning in 84ms. Found 3 JPA repository interfaces.
1870 [JavaFX Application Thread] INFO  o.h.jpa.internal.util.LogHelper - HHH000204: Processing PersistenceUnitInfo [name: default]
1918 [JavaFX Application Thread] INFO  org.hibernate.Version - HHH000412: Hibernate ORM core version 5.4.20.Final
2062 [JavaFX Application Thread] INFO  o.h.annotations.common.Version - HCANN000001: Hibernate Commons Annotations {5.1.0.Final}
2362 [JavaFX Application Thread] INFO  com.zaxxer.hikari.HikariDataSource - HikariPool-1 - Starting...
2890 [JavaFX Application Thread] INFO  com.zaxxer.hikari.HikariDataSource - HikariPool-1 - Start completed.
2918 [JavaFX Application Thread] INFO  org.hibernate.dialect.Dialect - HHH000400: Using dialect: org.hibernate.dialect.PostgreSQL10Dialect
7293 [JavaFX Application Thread] INFO  o.h.validator.internal.util.Version - HV000001: Hibernate Validator 6.0.18.Final
8492 [JavaFX Application Thread] INFO  o.h.e.t.j.p.i.JtaPlatformInitiator - HHH000490: Using JtaPlatform implementation: [org.hibernate.engine.transaction.jta.platform.internal.NoJtaPlatform]
8499 [JavaFX Application Thread] INFO  o.s.o.j.LocalContainerEntityManagerFactoryBean - Initialized JPA EntityManagerFactory for persistence unit 'default'
13935 [JavaFX Application Thread] INFO  r.application.AdministrationService - All trains
248  [JavaFX Application Thread] INFO  richrail.TrainApplication - Example log richrail.TrainApplication
1223 [JavaFX Application Thread] INFO  o.s.d.r.c.RepositoryConfigurationDelegate - Bootstrapping Spring Data JPA repositories in DEFAULT mode.
1316 [JavaFX Application Thread] INFO  o.s.d.r.c.RepositoryConfigurationDelegate - Finished Spring Data repository scanning in 85ms. Found 3 JPA repository interfaces.
1933 [JavaFX Application Thread] INFO  o.h.jpa.internal.util.LogHelper - HHH000204: Processing PersistenceUnitInfo [name: default]
1984 [JavaFX Application Thread] INFO  org.hibernate.Version - HHH000412: Hibernate ORM core version 5.4.20.Final
2109 [JavaFX Application Thread] INFO  o.h.annotations.common.Version - HCANN000001: Hibernate Commons Annotations {5.1.0.Final}
2408 [JavaFX Application Thread] INFO  com.zaxxer.hikari.HikariDataSource - HikariPool-1 - Starting...
3014 [JavaFX Application Thread] INFO  com.zaxxer.hikari.HikariDataSource - HikariPool-1 - Start completed.
3045 [JavaFX Application Thread] INFO  org.hibernate.dialect.Dialect - HHH000400: Using dialect: org.hibernate.dialect.PostgreSQL10Dialect
7696 [JavaFX Application Thread] INFO  o.h.validator.internal.util.Version - HV000001: Hibernate Validator 6.0.18.Final
8850 [JavaFX Application Thread] INFO  o.h.e.t.j.p.i.JtaPlatformInitiator - HHH000490: Using JtaPlatform implementation: [org.hibernate.engine.transaction.jta.platform.internal.NoJtaPlatform]
8855 [JavaFX Application Thread] INFO  o.s.o.j.LocalContainerEntityManagerFactoryBean - Initialized JPA EntityManagerFactory for persistence unit 'default'
13384 [JavaFX Application Thread] INFO  r.application.AdministrationService - All trains
16993 [JavaFX Application Thread] INFO  r.application.AdministrationService - Show train info
17269 [JavaFX Application Thread] INFO  r.application.AdministrationService - Show train info[Train]: test[id] e46b2be3-b235-4706-9e09-806c66876cd0 [Powersource] electric[MAXWEIGHT]:4000 [CLIMATEIMPACT]:medium [1 : car [NameOfCar] peugeot [Weight]:20 [WagonTypeName]:garage, 1 : cargo [NameOfGoods] mais [Weight]:20 [WagonTypeName]:boer, 1 : car [NameOfCar] audi [Weight]:50 [WagonTypeName]:dealer]
17270 [JavaFX Application Thread] INFO  r.application.AdministrationService - All wagons from train[Train]: test[id] e46b2be3-b235-4706-9e09-806c66876cd0 [Powersource] electric[MAXWEIGHT]:4000 [CLIMATEIMPACT]:medium [1 : car [NameOfCar] peugeot [Weight]:20 [WagonTypeName]:garage, 1 : cargo [NameOfGoods] mais [Weight]:20 [WagonTypeName]:boer, 1 : car [NameOfCar] audi [Weight]:50 [WagonTypeName]:dealer]
234  [JavaFX Application Thread] INFO  richrail.TrainApplication - Example log richrail.TrainApplication
1191 [JavaFX Application Thread] INFO  o.s.d.r.c.RepositoryConfigurationDelegate - Bootstrapping Spring Data JPA repositories in DEFAULT mode.
1280 [JavaFX Application Thread] INFO  o.s.d.r.c.RepositoryConfigurationDelegate - Finished Spring Data repository scanning in 80ms. Found 3 JPA repository interfaces.
1892 [JavaFX Application Thread] INFO  o.h.jpa.internal.util.LogHelper - HHH000204: Processing PersistenceUnitInfo [name: default]
1940 [JavaFX Application Thread] INFO  org.hibernate.Version - HHH000412: Hibernate ORM core version 5.4.20.Final
2064 [JavaFX Application Thread] INFO  o.h.annotations.common.Version - HCANN000001: Hibernate Commons Annotations {5.1.0.Final}
2365 [JavaFX Application Thread] INFO  com.zaxxer.hikari.HikariDataSource - HikariPool-1 - Starting...
2952 [JavaFX Application Thread] INFO  com.zaxxer.hikari.HikariDataSource - HikariPool-1 - Start completed.
2981 [JavaFX Application Thread] INFO  org.hibernate.dialect.Dialect - HHH000400: Using dialect: org.hibernate.dialect.PostgreSQL10Dialect
7500 [JavaFX Application Thread] INFO  o.h.validator.internal.util.Version - HV000001: Hibernate Validator 6.0.18.Final
8658 [JavaFX Application Thread] INFO  o.h.e.t.j.p.i.JtaPlatformInitiator - HHH000490: Using JtaPlatform implementation: [org.hibernate.engine.transaction.jta.platform.internal.NoJtaPlatform]
8665 [JavaFX Application Thread] INFO  o.s.o.j.LocalContainerEntityManagerFactoryBean - Initialized JPA EntityManagerFactory for persistence unit 'default'
12374 [JavaFX Application Thread] INFO  r.application.AdministrationService - All trains
15907 [JavaFX Application Thread] INFO  r.application.AdministrationService - Show train info
16190 [JavaFX Application Thread] INFO  r.application.AdministrationService - Show train info[Train]: test[id] e46b2be3-b235-4706-9e09-806c66876cd0 [Powersource] electric[MAXWEIGHT]:4000 [CLIMATEIMPACT]:medium [1 : car [NameOfCar] peugeot [Weight]:20 [WagonTypeName]:garage, 1 : cargo [NameOfGoods] mais [Weight]:20 [WagonTypeName]:boer, 1 : car [NameOfCar] audi [Weight]:50 [WagonTypeName]:dealer]
16191 [JavaFX Application Thread] INFO  r.application.AdministrationService - All wagons from train[Train]: test[id] e46b2be3-b235-4706-9e09-806c66876cd0 [Powersource] electric[MAXWEIGHT]:4000 [CLIMATEIMPACT]:medium [1 : car [NameOfCar] peugeot [Weight]:20 [WagonTypeName]:garage, 1 : cargo [NameOfGoods] mais [Weight]:20 [WagonTypeName]:boer, 1 : car [NameOfCar] audi [Weight]:50 [WagonTypeName]:dealer]
18612 [JavaFX Application Thread] INFO  r.application.AdministrationService - Delete wagon
18613 [JavaFX Application Thread] INFO  r.application.AdministrationService - Trainwagons before delete [1 : car [NameOfCar] peugeot [Weight]:20 [WagonTypeName]:garage, 1 : cargo [NameOfGoods] mais [Weight]:20 [WagonTypeName]:boer, 1 : car [NameOfCar] audi [Weight]:50 [WagonTypeName]:dealer]
19207 [JavaFX Application Thread] INFO  r.application.AdministrationService - Show train info
19470 [JavaFX Application Thread] INFO  r.application.AdministrationService - Show train info[Train]: test[id] e46b2be3-b235-4706-9e09-806c66876cd0 [Powersource] electric[MAXWEIGHT]:4000 [CLIMATEIMPACT]:medium [1 : car [NameOfCar] peugeot [Weight]:20 [WagonTypeName]:garage, 1 : cargo [NameOfGoods] mais [Weight]:20 [WagonTypeName]:boer, 1 : car [NameOfCar] audi [Weight]:50 [WagonTypeName]:dealer]
19470 [JavaFX Application Thread] INFO  r.application.AdministrationService - All wagons from train[Train]: test[id] e46b2be3-b235-4706-9e09-806c66876cd0 [Powersource] electric[MAXWEIGHT]:4000 [CLIMATEIMPACT]:medium [1 : car [NameOfCar] peugeot [Weight]:20 [WagonTypeName]:garage, 1 : cargo [NameOfGoods] mais [Weight]:20 [WagonTypeName]:boer, 1 : car [NameOfCar] audi [Weight]:50 [WagonTypeName]:dealer]
32318 [JavaFX Application Thread] INFO  r.application.AdministrationService - Delete wagon
32319 [JavaFX Application Thread] INFO  r.application.AdministrationService - Trainwagons before delete [1 : car [NameOfCar] peugeot [Weight]:20 [WagonTypeName]:garage, 1 : cargo [NameOfGoods] mais [Weight]:20 [WagonTypeName]:boer, 1 : car [NameOfCar] audi [Weight]:50 [WagonTypeName]:dealer]
32845 [JavaFX Application Thread] INFO  r.application.AdministrationService - Show train info
33110 [JavaFX Application Thread] INFO  r.application.AdministrationService - Show train info[Train]: test[id] e46b2be3-b235-4706-9e09-806c66876cd0 [Powersource] electric[MAXWEIGHT]:4000 [CLIMATEIMPACT]:medium [1 : car [NameOfCar] peugeot [Weight]:20 [WagonTypeName]:garage, 1 : cargo [NameOfGoods] mais [Weight]:20 [WagonTypeName]:boer, 1 : car [NameOfCar] audi [Weight]:50 [WagonTypeName]:dealer]
33111 [JavaFX Application Thread] INFO  r.application.AdministrationService - All wagons from train[Train]: test[id] e46b2be3-b235-4706-9e09-806c66876cd0 [Powersource] electric[MAXWEIGHT]:4000 [CLIMATEIMPACT]:medium [1 : car [NameOfCar] peugeot [Weight]:20 [WagonTypeName]:garage, 1 : cargo [NameOfGoods] mais [Weight]:20 [WagonTypeName]:boer, 1 : car [NameOfCar] audi [Weight]:50 [WagonTypeName]:dealer]
232  [JavaFX Application Thread] INFO  richrail.TrainApplication - Example log richrail.TrainApplication
1207 [JavaFX Application Thread] INFO  o.s.d.r.c.RepositoryConfigurationDelegate - Bootstrapping Spring Data JPA repositories in DEFAULT mode.
1301 [JavaFX Application Thread] INFO  o.s.d.r.c.RepositoryConfigurationDelegate - Finished Spring Data repository scanning in 85ms. Found 3 JPA repository interfaces.
1891 [JavaFX Application Thread] INFO  o.h.jpa.internal.util.LogHelper - HHH000204: Processing PersistenceUnitInfo [name: default]
1940 [JavaFX Application Thread] INFO  org.hibernate.Version - HHH000412: Hibernate ORM core version 5.4.20.Final
2064 [JavaFX Application Thread] INFO  o.h.annotations.common.Version - HCANN000001: Hibernate Commons Annotations {5.1.0.Final}
2375 [JavaFX Application Thread] INFO  com.zaxxer.hikari.HikariDataSource - HikariPool-1 - Starting...
3722 [JavaFX Application Thread] INFO  com.zaxxer.hikari.HikariDataSource - HikariPool-1 - Start completed.
3750 [JavaFX Application Thread] INFO  org.hibernate.dialect.Dialect - HHH000400: Using dialect: org.hibernate.dialect.PostgreSQL10Dialect
17414 [JavaFX Application Thread] INFO  o.h.validator.internal.util.Version - HV000001: Hibernate Validator 6.0.18.Final
18689 [JavaFX Application Thread] INFO  o.h.e.t.j.p.i.JtaPlatformInitiator - HHH000490: Using JtaPlatform implementation: [org.hibernate.engine.transaction.jta.platform.internal.NoJtaPlatform]
18695 [JavaFX Application Thread] INFO  o.s.o.j.LocalContainerEntityManagerFactoryBean - Initialized JPA EntityManagerFactory for persistence unit 'default'
23482 [JavaFX Application Thread] INFO  r.application.AdministrationService - All trains
26960 [JavaFX Application Thread] INFO  r.application.AdministrationService - Show train info
27232 [JavaFX Application Thread] INFO  r.application.AdministrationService - Show train info[Train]: test[id] e46b2be3-b235-4706-9e09-806c66876cd0 [Powersource] electric[MAXWEIGHT]:4000 [CLIMATEIMPACT]:medium [1 : car [NameOfCar] peugeot [Weight]:20 [WagonTypeName]:garage, 1 : cargo [NameOfGoods] mais [Weight]:20 [WagonTypeName]:boer, 1 : car [NameOfCar] audi [Weight]:50 [WagonTypeName]:dealer]
27232 [JavaFX Application Thread] INFO  r.application.AdministrationService - All wagons from train[Train]: test[id] e46b2be3-b235-4706-9e09-806c66876cd0 [Powersource] electric[MAXWEIGHT]:4000 [CLIMATEIMPACT]:medium [1 : car [NameOfCar] peugeot [Weight]:20 [WagonTypeName]:garage, 1 : cargo [NameOfGoods] mais [Weight]:20 [WagonTypeName]:boer, 1 : car [NameOfCar] audi [Weight]:50 [WagonTypeName]:dealer]
29095 [JavaFX Application Thread] INFO  r.application.AdministrationService - Delete wagon
29097 [JavaFX Application Thread] INFO  r.application.AdministrationService - Trainwagons before delete [1 : car [NameOfCar] peugeot [Weight]:20 [WagonTypeName]:garage, 1 : cargo [NameOfGoods] mais [Weight]:20 [WagonTypeName]:boer, 1 : car [NameOfCar] audi [Weight]:50 [WagonTypeName]:dealer]
29654 [JavaFX Application Thread] INFO  r.application.AdministrationService - Show train info
29916 [JavaFX Application Thread] INFO  r.application.AdministrationService - Show train info[Train]: test[id] e46b2be3-b235-4706-9e09-806c66876cd0 [Powersource] electric[MAXWEIGHT]:4000 [CLIMATEIMPACT]:medium [1 : car [NameOfCar] peugeot [Weight]:20 [WagonTypeName]:garage, 1 : cargo [NameOfGoods] mais [Weight]:20 [WagonTypeName]:boer, 1 : car [NameOfCar] audi [Weight]:50 [WagonTypeName]:dealer]
29917 [JavaFX Application Thread] INFO  r.application.AdministrationService - All wagons from train[Train]: test[id] e46b2be3-b235-4706-9e09-806c66876cd0 [Powersource] electric[MAXWEIGHT]:4000 [CLIMATEIMPACT]:medium [1 : car [NameOfCar] peugeot [Weight]:20 [WagonTypeName]:garage, 1 : cargo [NameOfGoods] mais [Weight]:20 [WagonTypeName]:boer, 1 : car [NameOfCar] audi [Weight]:50 [WagonTypeName]:dealer]
225  [JavaFX Application Thread] INFO  richrail.TrainApplication - Example log richrail.TrainApplication
1212 [JavaFX Application Thread] INFO  o.s.d.r.c.RepositoryConfigurationDelegate - Bootstrapping Spring Data JPA repositories in DEFAULT mode.
1300 [JavaFX Application Thread] INFO  o.s.d.r.c.RepositoryConfigurationDelegate - Finished Spring Data repository scanning in 79ms. Found 3 JPA repository interfaces.
1904 [JavaFX Application Thread] INFO  o.h.jpa.internal.util.LogHelper - HHH000204: Processing PersistenceUnitInfo [name: default]
1964 [JavaFX Application Thread] INFO  org.hibernate.Version - HHH000412: Hibernate ORM core version 5.4.20.Final
2130 [JavaFX Application Thread] INFO  o.h.annotations.common.Version - HCANN000001: Hibernate Commons Annotations {5.1.0.Final}
2490 [JavaFX Application Thread] INFO  com.zaxxer.hikari.HikariDataSource - HikariPool-1 - Starting...
3091 [JavaFX Application Thread] INFO  com.zaxxer.hikari.HikariDataSource - HikariPool-1 - Start completed.
3128 [JavaFX Application Thread] INFO  org.hibernate.dialect.Dialect - HHH000400: Using dialect: org.hibernate.dialect.PostgreSQL10Dialect
7716 [JavaFX Application Thread] INFO  o.h.validator.internal.util.Version - HV000001: Hibernate Validator 6.0.18.Final
9107 [JavaFX Application Thread] INFO  o.h.e.t.j.p.i.JtaPlatformInitiator - HHH000490: Using JtaPlatform implementation: [org.hibernate.engine.transaction.jta.platform.internal.NoJtaPlatform]
9117 [JavaFX Application Thread] INFO  o.s.o.j.LocalContainerEntityManagerFactoryBean - Initialized JPA EntityManagerFactory for persistence unit 'default'
17450 [JavaFX Application Thread] INFO  r.application.AdministrationService - All trains
23080 [JavaFX Application Thread] INFO  r.application.AdministrationService - Show train info
23386 [JavaFX Application Thread] INFO  r.application.AdministrationService - Show train info[Train]: bleh[id] 48994e82-9164-42fb-ba99-0a895bf0df91 [Powersource] petroleum[MAXWEIGHT]:10000 [CLIMATEIMPACT]:high [2 : person [NumberOfPassengers] 10 [Weight]:20 [WagonTypeName]:ns, 1 : car [NameOfCar] audi [Weight]:50 [WagonTypeName]:dealer, 1 : car [NameOfCar] peugeot [Weight]:20 [WagonTypeName]:garage]
23386 [JavaFX Application Thread] INFO  r.application.AdministrationService - All wagons from train[Train]: bleh[id] 48994e82-9164-42fb-ba99-0a895bf0df91 [Powersource] petroleum[MAXWEIGHT]:10000 [CLIMATEIMPACT]:high [2 : person [NumberOfPassengers] 10 [Weight]:20 [WagonTypeName]:ns, 1 : car [NameOfCar] audi [Weight]:50 [WagonTypeName]:dealer, 1 : car [NameOfCar] peugeot [Weight]:20 [WagonTypeName]:garage]
25854 [JavaFX Application Thread] INFO  r.application.AdministrationService - Delete wagon
25858 [JavaFX Application Thread] INFO  r.application.AdministrationService - Trainwagons before delete [2 : person [NumberOfPassengers] 10 [Weight]:20 [WagonTypeName]:ns, 1 : car [NameOfCar] audi [Weight]:50 [WagonTypeName]:dealer, 1 : car [NameOfCar] peugeot [Weight]:20 [WagonTypeName]:garage]
26461 [JavaFX Application Thread] INFO  r.application.AdministrationService - Show train info
26747 [JavaFX Application Thread] INFO  r.application.AdministrationService - Show train info[Train]: bleh[id] 48994e82-9164-42fb-ba99-0a895bf0df91 [Powersource] petroleum[MAXWEIGHT]:10000 [CLIMATEIMPACT]:high [1 : car [NameOfCar] audi [Weight]:50 [WagonTypeName]:dealer, 1 : car [NameOfCar] peugeot [Weight]:20 [WagonTypeName]:garage, 0 : person [NumberOfPassengers] 10 [Weight]:20 [WagonTypeName]:ns]
26748 [JavaFX Application Thread] INFO  r.application.AdministrationService - All wagons from train[Train]: bleh[id] 48994e82-9164-42fb-ba99-0a895bf0df91 [Powersource] petroleum[MAXWEIGHT]:10000 [CLIMATEIMPACT]:high [1 : car [NameOfCar] audi [Weight]:50 [WagonTypeName]:dealer, 1 : car [NameOfCar] peugeot [Weight]:20 [WagonTypeName]:garage, 0 : person [NumberOfPassengers] 10 [Weight]:20 [WagonTypeName]:ns]
38347 [JavaFX Application Thread] INFO  r.application.AdministrationService - Delete wagon
38348 [JavaFX Application Thread] INFO  r.application.AdministrationService - Trainwagons before delete [1 : car [NameOfCar] audi [Weight]:50 [WagonTypeName]:dealer, 1 : car [NameOfCar] peugeot [Weight]:20 [WagonTypeName]:garage, 0 : person [NumberOfPassengers] 10 [Weight]:20 [WagonTypeName]:ns]
38933 [JavaFX Application Thread] INFO  r.application.AdministrationService - Show train info
39208 [JavaFX Application Thread] INFO  r.application.AdministrationService - Show train info[Train]: bleh[id] 48994e82-9164-42fb-ba99-0a895bf0df91 [Powersource] petroleum[MAXWEIGHT]:10000 [CLIMATEIMPACT]:high [1 : car [NameOfCar] audi [Weight]:50 [WagonTypeName]:dealer, 0 : person [NumberOfPassengers] 10 [Weight]:20 [WagonTypeName]:ns, 0 : car [NameOfCar] peugeot [Weight]:20 [WagonTypeName]:garage]
39208 [JavaFX Application Thread] INFO  r.application.AdministrationService - All wagons from train[Train]: bleh[id] 48994e82-9164-42fb-ba99-0a895bf0df91 [Powersource] petroleum[MAXWEIGHT]:10000 [CLIMATEIMPACT]:high [1 : car [NameOfCar] audi [Weight]:50 [WagonTypeName]:dealer, 0 : person [NumberOfPassengers] 10 [Weight]:20 [WagonTypeName]:ns, 0 : car [NameOfCar] peugeot [Weight]:20 [WagonTypeName]:garage]
44944 [JavaFX Application Thread] INFO  r.application.AdministrationService - Delete wagon
44945 [JavaFX Application Thread] INFO  r.application.AdministrationService - Trainwagons before delete [1 : car [NameOfCar] audi [Weight]:50 [WagonTypeName]:dealer, 0 : person [NumberOfPassengers] 10 [Weight]:20 [WagonTypeName]:ns, 0 : car [NameOfCar] peugeot [Weight]:20 [WagonTypeName]:garage]
45530 [JavaFX Application Thread] INFO  r.application.AdministrationService - Show train info
45809 [JavaFX Application Thread] INFO  r.application.AdministrationService - Show train info[Train]: bleh[id] 48994e82-9164-42fb-ba99-0a895bf0df91 [Powersource] petroleum[MAXWEIGHT]:10000 [CLIMATEIMPACT]:high [0 : person [NumberOfPassengers] 10 [Weight]:20 [WagonTypeName]:ns, 0 : car [NameOfCar] peugeot [Weight]:20 [WagonTypeName]:garage, 0 : car [NameOfCar] audi [Weight]:50 [WagonTypeName]:dealer]
45810 [JavaFX Application Thread] INFO  r.application.AdministrationService - All wagons from train[Train]: bleh[id] 48994e82-9164-42fb-ba99-0a895bf0df91 [Powersource] petroleum[MAXWEIGHT]:10000 [CLIMATEIMPACT]:high [0 : person [NumberOfPassengers] 10 [Weight]:20 [WagonTypeName]:ns, 0 : car [NameOfCar] peugeot [Weight]:20 [WagonTypeName]:garage, 0 : car [NameOfCar] audi [Weight]:50 [WagonTypeName]:dealer]
225  [JavaFX Application Thread] INFO  richrail.TrainApplication - Example log richrail.TrainApplication
1174 [JavaFX Application Thread] INFO  o.s.d.r.c.RepositoryConfigurationDelegate - Bootstrapping Spring Data JPA repositories in DEFAULT mode.
1259 [JavaFX Application Thread] INFO  o.s.d.r.c.RepositoryConfigurationDelegate - Finished Spring Data repository scanning in 76ms. Found 3 JPA repository interfaces.
1851 [JavaFX Application Thread] INFO  o.h.jpa.internal.util.LogHelper - HHH000204: Processing PersistenceUnitInfo [name: default]
1907 [JavaFX Application Thread] INFO  org.hibernate.Version - HHH000412: Hibernate ORM core version 5.4.20.Final
2028 [JavaFX Application Thread] INFO  o.h.annotations.common.Version - HCANN000001: Hibernate Commons Annotations {5.1.0.Final}
2317 [JavaFX Application Thread] INFO  com.zaxxer.hikari.HikariDataSource - HikariPool-1 - Starting...
2911 [JavaFX Application Thread] INFO  com.zaxxer.hikari.HikariDataSource - HikariPool-1 - Start completed.
2938 [JavaFX Application Thread] INFO  org.hibernate.dialect.Dialect - HHH000400: Using dialect: org.hibernate.dialect.PostgreSQL10Dialect
7524 [JavaFX Application Thread] INFO  o.h.validator.internal.util.Version - HV000001: Hibernate Validator 6.0.18.Final
8686 [JavaFX Application Thread] INFO  o.h.e.t.j.p.i.JtaPlatformInitiator - HHH000490: Using JtaPlatform implementation: [org.hibernate.engine.transaction.jta.platform.internal.NoJtaPlatform]
8692 [JavaFX Application Thread] INFO  o.s.o.j.LocalContainerEntityManagerFactoryBean - Initialized JPA EntityManagerFactory for persistence unit 'default'
12881 [JavaFX Application Thread] INFO  r.application.AdministrationService - All trains
16445 [JavaFX Application Thread] INFO  r.application.AdministrationService - Show train info
16721 [JavaFX Application Thread] INFO  r.application.AdministrationService - Show train info[Train]: test[id] e46b2be3-b235-4706-9e09-806c66876cd0 [Powersource] electric[MAXWEIGHT]:4000 [CLIMATEIMPACT]:medium [1 : car [NameOfCar] peugeot [Weight]:20 [WagonTypeName]:garage, 1 : cargo [NameOfGoods] mais [Weight]:20 [WagonTypeName]:boer, 1 : car [NameOfCar] audi [Weight]:50 [WagonTypeName]:dealer]
16732 [JavaFX Application Thread] INFO  r.application.AdministrationService - All wagons from train[Train]: test[id] e46b2be3-b235-4706-9e09-806c66876cd0 [Powersource] electric[MAXWEIGHT]:4000 [CLIMATEIMPACT]:medium [1 : car [NameOfCar] peugeot [Weight]:20 [WagonTypeName]:garage, 1 : cargo [NameOfGoods] mais [Weight]:20 [WagonTypeName]:boer, 1 : car [NameOfCar] audi [Weight]:50 [WagonTypeName]:dealer]
21999 [JavaFX Application Thread] INFO  r.application.AdministrationService - Delete wagon
22000 [JavaFX Application Thread] INFO  r.application.AdministrationService - Trainwagons before delete [1 : car [NameOfCar] peugeot [Weight]:20 [WagonTypeName]:garage, 1 : cargo [NameOfGoods] mais [Weight]:20 [WagonTypeName]:boer, 1 : car [NameOfCar] audi [Weight]:50 [WagonTypeName]:dealer]
22604 [JavaFX Application Thread] INFO  r.application.AdministrationService - Show train info
22878 [JavaFX Application Thread] INFO  r.application.AdministrationService - Show train info[Train]: test[id] e46b2be3-b235-4706-9e09-806c66876cd0 [Powersource] electric[MAXWEIGHT]:4000 [CLIMATEIMPACT]:medium [1 : cargo [NameOfGoods] mais [Weight]:20 [WagonTypeName]:boer, 1 : car [NameOfCar] audi [Weight]:50 [WagonTypeName]:dealer, 0 : car [NameOfCar] peugeot [Weight]:20 [WagonTypeName]:garage]
22879 [JavaFX Application Thread] INFO  r.application.AdministrationService - All wagons from train[Train]: test[id] e46b2be3-b235-4706-9e09-806c66876cd0 [Powersource] electric[MAXWEIGHT]:4000 [CLIMATEIMPACT]:medium [1 : cargo [NameOfGoods] mais [Weight]:20 [WagonTypeName]:boer, 1 : car [NameOfCar] audi [Weight]:50 [WagonTypeName]:dealer, 0 : car [NameOfCar] peugeot [Weight]:20 [WagonTypeName]:garage]
24963 [JavaFX Application Thread] INFO  r.application.AdministrationService - Show train info
25243 [JavaFX Application Thread] INFO  r.application.AdministrationService - Show train info[Train]: test[id] e46b2be3-b235-4706-9e09-806c66876cd0 [Powersource] electric[MAXWEIGHT]:4000 [CLIMATEIMPACT]:medium [1 : cargo [NameOfGoods] mais [Weight]:20 [WagonTypeName]:boer, 1 : car [NameOfCar] audi [Weight]:50 [WagonTypeName]:dealer, 0 : car [NameOfCar] peugeot [Weight]:20 [WagonTypeName]:garage]
218  [JavaFX Application Thread] INFO  richrail.TrainApplication - Example log richrail.TrainApplication
1173 [JavaFX Application Thread] INFO  o.s.d.r.c.RepositoryConfigurationDelegate - Bootstrapping Spring Data JPA repositories in DEFAULT mode.
1259 [JavaFX Application Thread] INFO  o.s.d.r.c.RepositoryConfigurationDelegate - Finished Spring Data repository scanning in 78ms. Found 3 JPA repository interfaces.
1847 [JavaFX Application Thread] INFO  o.h.jpa.internal.util.LogHelper - HHH000204: Processing PersistenceUnitInfo [name: default]
1895 [JavaFX Application Thread] INFO  org.hibernate.Version - HHH000412: Hibernate ORM core version 5.4.20.Final
2018 [JavaFX Application Thread] INFO  o.h.annotations.common.Version - HCANN000001: Hibernate Commons Annotations {5.1.0.Final}
2309 [JavaFX Application Thread] INFO  com.zaxxer.hikari.HikariDataSource - HikariPool-1 - Starting...
2915 [JavaFX Application Thread] INFO  com.zaxxer.hikari.HikariDataSource - HikariPool-1 - Start completed.
2941 [JavaFX Application Thread] INFO  org.hibernate.dialect.Dialect - HHH000400: Using dialect: org.hibernate.dialect.PostgreSQL10Dialect
7371 [JavaFX Application Thread] INFO  o.h.validator.internal.util.Version - HV000001: Hibernate Validator 6.0.18.Final
8606 [JavaFX Application Thread] INFO  o.h.e.t.j.p.i.JtaPlatformInitiator - HHH000490: Using JtaPlatform implementation: [org.hibernate.engine.transaction.jta.platform.internal.NoJtaPlatform]
8613 [JavaFX Application Thread] INFO  o.s.o.j.LocalContainerEntityManagerFactoryBean - Initialized JPA EntityManagerFactory for persistence unit 'default'
14586 [JavaFX Application Thread] INFO  r.application.AdministrationService - All trains
17803 [JavaFX Application Thread] INFO  r.application.AdministrationService - Show train info
18093 [JavaFX Application Thread] INFO  r.application.AdministrationService - Show train info[Train]: test[id] e46b2be3-b235-4706-9e09-806c66876cd0 [Powersource] electric[MAXWEIGHT]:4000 [CLIMATEIMPACT]:medium [1 : cargo [NameOfGoods] mais [Weight]:20 [WagonTypeName]:boer, 1 : car [NameOfCar] audi [Weight]:50 [WagonTypeName]:dealer, 0 : car [NameOfCar] peugeot [Weight]:20 [WagonTypeName]:garage]
18103 [JavaFX Application Thread] INFO  r.application.AdministrationService - All wagons from train[Train]: test[id] e46b2be3-b235-4706-9e09-806c66876cd0 [Powersource] electric[MAXWEIGHT]:4000 [CLIMATEIMPACT]:medium [1 : cargo [NameOfGoods] mais [Weight]:20 [WagonTypeName]:boer, 1 : car [NameOfCar] audi [Weight]:50 [WagonTypeName]:dealer, 0 : car [NameOfCar] peugeot [Weight]:20 [WagonTypeName]:garage]
19580 [JavaFX Application Thread] INFO  r.application.AdministrationService - Show train info
19838 [JavaFX Application Thread] INFO  r.application.AdministrationService - Show train info[Train]: test[id] e46b2be3-b235-4706-9e09-806c66876cd0 [Powersource] electric[MAXWEIGHT]:4000 [CLIMATEIMPACT]:medium [1 : cargo [NameOfGoods] mais [Weight]:20 [WagonTypeName]:boer, 1 : car [NameOfCar] audi [Weight]:50 [WagonTypeName]:dealer, 0 : car [NameOfCar] peugeot [Weight]:20 [WagonTypeName]:garage]
31917 [JavaFX Application Thread] INFO  r.application.AdministrationService - Show train info
32178 [JavaFX Application Thread] INFO  r.application.AdministrationService - Show train info[Train]: test[id] e46b2be3-b235-4706-9e09-806c66876cd0 [Powersource] electric[MAXWEIGHT]:4000 [CLIMATEIMPACT]:medium [1 : cargo [NameOfGoods] mais [Weight]:20 [WagonTypeName]:boer, 1 : car [NameOfCar] audi [Weight]:50 [WagonTypeName]:dealer, 0 : car [NameOfCar] peugeot [Weight]:20 [WagonTypeName]:garage]
32179 [JavaFX Application Thread] INFO  r.application.AdministrationService - All wagons from train[Train]: test[id] e46b2be3-b235-4706-9e09-806c66876cd0 [Powersource] electric[MAXWEIGHT]:4000 [CLIMATEIMPACT]:medium [1 : cargo [NameOfGoods] mais [Weight]:20 [WagonTypeName]:boer, 1 : car [NameOfCar] audi [Weight]:50 [WagonTypeName]:dealer, 0 : car [NameOfCar] peugeot [Weight]:20 [WagonTypeName]:garage]
199  [JavaFX Application Thread] INFO  richrail.TrainApplication - Example log richrail.TrainApplication
1169 [JavaFX Application Thread] INFO  o.s.d.r.c.RepositoryConfigurationDelegate - Bootstrapping Spring Data JPA repositories in DEFAULT mode.
1265 [JavaFX Application Thread] INFO  o.s.d.r.c.RepositoryConfigurationDelegate - Finished Spring Data repository scanning in 86ms. Found 3 JPA repository interfaces.
1832 [JavaFX Application Thread] INFO  o.h.jpa.internal.util.LogHelper - HHH000204: Processing PersistenceUnitInfo [name: default]
1887 [JavaFX Application Thread] INFO  org.hibernate.Version - HHH000412: Hibernate ORM core version 5.4.20.Final
2007 [JavaFX Application Thread] INFO  o.h.annotations.common.Version - HCANN000001: Hibernate Commons Annotations {5.1.0.Final}
2300 [JavaFX Application Thread] INFO  com.zaxxer.hikari.HikariDataSource - HikariPool-1 - Starting...
2863 [JavaFX Application Thread] INFO  com.zaxxer.hikari.HikariDataSource - HikariPool-1 - Start completed.
2891 [JavaFX Application Thread] INFO  org.hibernate.dialect.Dialect - HHH000400: Using dialect: org.hibernate.dialect.PostgreSQL10Dialect
205  [JavaFX Application Thread] INFO  richrail.TrainApplication - Example log richrail.TrainApplication
1101 [JavaFX Application Thread] INFO  o.s.d.r.c.RepositoryConfigurationDelegate - Bootstrapping Spring Data JPA repositories in DEFAULT mode.
1212 [JavaFX Application Thread] INFO  o.s.d.r.c.RepositoryConfigurationDelegate - Finished Spring Data repository scanning in 101ms. Found 3 JPA repository interfaces.
1944 [JavaFX Application Thread] INFO  o.h.jpa.internal.util.LogHelper - HHH000204: Processing PersistenceUnitInfo [name: default]
2001 [JavaFX Application Thread] INFO  org.hibernate.Version - HHH000412: Hibernate ORM core version 5.4.20.Final
2152 [JavaFX Application Thread] INFO  o.h.annotations.common.Version - HCANN000001: Hibernate Commons Annotations {5.1.0.Final}
2481 [JavaFX Application Thread] INFO  com.zaxxer.hikari.HikariDataSource - HikariPool-1 - Starting...
3117 [JavaFX Application Thread] INFO  com.zaxxer.hikari.HikariDataSource - HikariPool-1 - Start completed.
3152 [JavaFX Application Thread] INFO  org.hibernate.dialect.Dialect - HHH000400: Using dialect: org.hibernate.dialect.PostgreSQL10Dialect
7680 [JavaFX Application Thread] INFO  o.h.validator.internal.util.Version - HV000001: Hibernate Validator 6.0.18.Final
8945 [JavaFX Application Thread] INFO  o.h.e.t.j.p.i.JtaPlatformInitiator - HHH000490: Using JtaPlatform implementation: [org.hibernate.engine.transaction.jta.platform.internal.NoJtaPlatform]
8953 [JavaFX Application Thread] INFO  o.s.o.j.LocalContainerEntityManagerFactoryBean - Initialized JPA EntityManagerFactory for persistence unit 'default'
87450 [JavaFX Application Thread] INFO  r.application.AdministrationService - All trains
90480 [JavaFX Application Thread] INFO  r.application.AdministrationService - Show train info
90739 [JavaFX Application Thread] INFO  r.application.AdministrationService - Show train info[Train]: test[id] e46b2be3-b235-4706-9e09-806c66876cd0 [Powersource] electric[MAXWEIGHT]:4000 [CLIMATEIMPACT]:medium [1 : cargo [NameOfGoods] mais [Weight]:20 [WagonTypeName]:boer, 1 : car [NameOfCar] audi [Weight]:50 [WagonTypeName]:dealer, 0 : car [NameOfCar] peugeot [Weight]:20 [WagonTypeName]:garage]
90753 [JavaFX Application Thread] INFO  r.application.AdministrationService - All wagons from train[Train]: test[id] e46b2be3-b235-4706-9e09-806c66876cd0 [Powersource] electric[MAXWEIGHT]:4000 [CLIMATEIMPACT]:medium [1 : cargo [NameOfGoods] mais [Weight]:20 [WagonTypeName]:boer, 1 : car [NameOfCar] audi [Weight]:50 [WagonTypeName]:dealer, 0 : car [NameOfCar] peugeot [Weight]:20 [WagonTypeName]:garage]
93462 [JavaFX Application Thread] INFO  r.application.AdministrationService - Show train info
93736 [JavaFX Application Thread] INFO  r.application.AdministrationService - Show train info[Train]: test[id] e46b2be3-b235-4706-9e09-806c66876cd0 [Powersource] electric[MAXWEIGHT]:4000 [CLIMATEIMPACT]:medium [1 : cargo [NameOfGoods] mais [Weight]:20 [WagonTypeName]:boer, 1 : car [NameOfCar] audi [Weight]:50 [WagonTypeName]:dealer, 0 : car [NameOfCar] peugeot [Weight]:20 [WagonTypeName]:garage]
276  [JavaFX Application Thread] INFO  richrail.TrainApplication - Example log richrail.TrainApplication
1340 [JavaFX Application Thread] INFO  o.s.d.r.c.RepositoryConfigurationDelegate - Bootstrapping Spring Data JPA repositories in DEFAULT mode.
1434 [JavaFX Application Thread] INFO  o.s.d.r.c.RepositoryConfigurationDelegate - Finished Spring Data repository scanning in 85ms. Found 3 JPA repository interfaces.
2094 [JavaFX Application Thread] INFO  o.h.jpa.internal.util.LogHelper - HHH000204: Processing PersistenceUnitInfo [name: default]
2152 [JavaFX Application Thread] INFO  org.hibernate.Version - HHH000412: Hibernate ORM core version 5.4.20.Final
2296 [JavaFX Application Thread] INFO  o.h.annotations.common.Version - HCANN000001: Hibernate Commons Annotations {5.1.0.Final}
2629 [JavaFX Application Thread] INFO  com.zaxxer.hikari.HikariDataSource - HikariPool-1 - Starting...
3309 [JavaFX Application Thread] INFO  com.zaxxer.hikari.HikariDataSource - HikariPool-1 - Start completed.
3341 [JavaFX Application Thread] INFO  org.hibernate.dialect.Dialect - HHH000400: Using dialect: org.hibernate.dialect.PostgreSQL10Dialect
8128 [JavaFX Application Thread] INFO  o.h.validator.internal.util.Version - HV000001: Hibernate Validator 6.0.18.Final
9435 [JavaFX Application Thread] INFO  o.h.e.t.j.p.i.JtaPlatformInitiator - HHH000490: Using JtaPlatform implementation: [org.hibernate.engine.transaction.jta.platform.internal.NoJtaPlatform]
9444 [JavaFX Application Thread] INFO  o.s.o.j.LocalContainerEntityManagerFactoryBean - Initialized JPA EntityManagerFactory for persistence unit 'default'
17674 [JavaFX Application Thread] INFO  r.application.AdministrationService - All trains
20834 [JavaFX Application Thread] INFO  r.application.AdministrationService - Show train info
21132 [JavaFX Application Thread] INFO  r.application.AdministrationService - Show train info[Train]: test[id] e46b2be3-b235-4706-9e09-806c66876cd0 [Powersource] electric[MAXWEIGHT]:4000 [CLIMATEIMPACT]:medium [1 : cargo [NameOfGoods] mais [Weight]:20 [WagonTypeName]:boer, 1 : car [NameOfCar] audi [Weight]:50 [WagonTypeName]:dealer, 0 : car [NameOfCar] peugeot [Weight]:20 [WagonTypeName]:garage]
21147 [JavaFX Application Thread] INFO  r.application.AdministrationService - All wagons from train[Train]: test[id] e46b2be3-b235-4706-9e09-806c66876cd0 [Powersource] electric[MAXWEIGHT]:4000 [CLIMATEIMPACT]:medium [1 : cargo [NameOfGoods] mais [Weight]:20 [WagonTypeName]:boer, 1 : car [NameOfCar] audi [Weight]:50 [WagonTypeName]:dealer, 0 : car [NameOfCar] peugeot [Weight]:20 [WagonTypeName]:garage]
23776 [JavaFX Application Thread] INFO  r.application.AdministrationService - Show train info
24046 [JavaFX Application Thread] INFO  r.application.AdministrationService - Show train info[Train]: test[id] e46b2be3-b235-4706-9e09-806c66876cd0 [Powersource] electric[MAXWEIGHT]:4000 [CLIMATEIMPACT]:medium [1 : cargo [NameOfGoods] mais [Weight]:20 [WagonTypeName]:boer, 1 : car [NameOfCar] audi [Weight]:50 [WagonTypeName]:dealer, 0 : car [NameOfCar] peugeot [Weight]:20 [WagonTypeName]:garage]
51780 [HikariPool-1 housekeeper] WARN  com.zaxxer.hikari.pool.HikariPool - HikariPool-1 - Thread starvation or clock leap detected (housekeeper delta=48s355ms493µs100ns).
230  [JavaFX Application Thread] INFO  richrail.TrainApplication - Example log richrail.TrainApplication
1176 [JavaFX Application Thread] INFO  o.s.d.r.c.RepositoryConfigurationDelegate - Bootstrapping Spring Data JPA repositories in DEFAULT mode.
1263 [JavaFX Application Thread] INFO  o.s.d.r.c.RepositoryConfigurationDelegate - Finished Spring Data repository scanning in 79ms. Found 3 JPA repository interfaces.
1856 [JavaFX Application Thread] INFO  o.h.jpa.internal.util.LogHelper - HHH000204: Processing PersistenceUnitInfo [name: default]
1905 [JavaFX Application Thread] INFO  org.hibernate.Version - HHH000412: Hibernate ORM core version 5.4.20.Final
2026 [JavaFX Application Thread] INFO  o.h.annotations.common.Version - HCANN000001: Hibernate Commons Annotations {5.1.0.Final}
2319 [JavaFX Application Thread] INFO  com.zaxxer.hikari.HikariDataSource - HikariPool-1 - Starting...
2876 [JavaFX Application Thread] INFO  com.zaxxer.hikari.HikariDataSource - HikariPool-1 - Start completed.
2903 [JavaFX Application Thread] INFO  org.hibernate.dialect.Dialect - HHH000400: Using dialect: org.hibernate.dialect.PostgreSQL10Dialect
7544 [JavaFX Application Thread] INFO  o.h.validator.internal.util.Version - HV000001: Hibernate Validator 6.0.18.Final
8693 [JavaFX Application Thread] INFO  o.h.e.t.j.p.i.JtaPlatformInitiator - HHH000490: Using JtaPlatform implementation: [org.hibernate.engine.transaction.jta.platform.internal.NoJtaPlatform]
8699 [JavaFX Application Thread] INFO  o.s.o.j.LocalContainerEntityManagerFactoryBean - Initialized JPA EntityManagerFactory for persistence unit 'default'
13107 [JavaFX Application Thread] INFO  r.application.AdministrationService - All trains
16312 [JavaFX Application Thread] INFO  r.application.AdministrationService - Show train info
16586 [JavaFX Application Thread] INFO  r.application.AdministrationService - Show train info[Train]: test[id] e46b2be3-b235-4706-9e09-806c66876cd0 [Powersource] electric[MAXWEIGHT]:4000 [CLIMATEIMPACT]:medium [1 : cargo [NameOfGoods] mais [Weight]:20 [WagonTypeName]:boer, 1 : car [NameOfCar] audi [Weight]:50 [WagonTypeName]:dealer, 0 : car [NameOfCar] peugeot [Weight]:20 [WagonTypeName]:garage]
16597 [JavaFX Application Thread] INFO  r.application.AdministrationService - All wagons from train[Train]: test[id] e46b2be3-b235-4706-9e09-806c66876cd0 [Powersource] electric[MAXWEIGHT]:4000 [CLIMATEIMPACT]:medium [1 : cargo [NameOfGoods] mais [Weight]:20 [WagonTypeName]:boer, 1 : car [NameOfCar] audi [Weight]:50 [WagonTypeName]:dealer, 0 : car [NameOfCar] peugeot [Weight]:20 [WagonTypeName]:garage]
18503 [JavaFX Application Thread] INFO  r.application.AdministrationService - Show train info
18769 [JavaFX Application Thread] INFO  r.application.AdministrationService - Show train info[Train]: test[id] e46b2be3-b235-4706-9e09-806c66876cd0 [Powersource] electric[MAXWEIGHT]:4000 [CLIMATEIMPACT]:medium [1 : cargo [NameOfGoods] mais [Weight]:20 [WagonTypeName]:boer, 1 : car [NameOfCar] audi [Weight]:50 [WagonTypeName]:dealer, 0 : car [NameOfCar] peugeot [Weight]:20 [WagonTypeName]:garage]
217  [JavaFX Application Thread] INFO  richrail.TrainApplication - Example log richrail.TrainApplication
1178 [JavaFX Application Thread] INFO  o.s.d.r.c.RepositoryConfigurationDelegate - Bootstrapping Spring Data JPA repositories in DEFAULT mode.
1265 [JavaFX Application Thread] INFO  o.s.d.r.c.RepositoryConfigurationDelegate - Finished Spring Data repository scanning in 79ms. Found 3 JPA repository interfaces.
1863 [JavaFX Application Thread] INFO  o.h.jpa.internal.util.LogHelper - HHH000204: Processing PersistenceUnitInfo [name: default]
1909 [JavaFX Application Thread] INFO  org.hibernate.Version - HHH000412: Hibernate ORM core version 5.4.20.Final
2048 [JavaFX Application Thread] INFO  o.h.annotations.common.Version - HCANN000001: Hibernate Commons Annotations {5.1.0.Final}
2339 [JavaFX Application Thread] INFO  com.zaxxer.hikari.HikariDataSource - HikariPool-1 - Starting...
2908 [JavaFX Application Thread] INFO  com.zaxxer.hikari.HikariDataSource - HikariPool-1 - Start completed.
2935 [JavaFX Application Thread] INFO  org.hibernate.dialect.Dialect - HHH000400: Using dialect: org.hibernate.dialect.PostgreSQL10Dialect
7540 [JavaFX Application Thread] INFO  o.h.validator.internal.util.Version - HV000001: Hibernate Validator 6.0.18.Final
8687 [JavaFX Application Thread] INFO  o.h.e.t.j.p.i.JtaPlatformInitiator - HHH000490: Using JtaPlatform implementation: [org.hibernate.engine.transaction.jta.platform.internal.NoJtaPlatform]
8693 [JavaFX Application Thread] INFO  o.s.o.j.LocalContainerEntityManagerFactoryBean - Initialized JPA EntityManagerFactory for persistence unit 'default'
12667 [JavaFX Application Thread] INFO  r.application.AdministrationService - All trains
15467 [JavaFX Application Thread] INFO  r.application.AdministrationService - Show train info
15733 [JavaFX Application Thread] INFO  r.application.AdministrationService - Show train info[Train]: test[id] e46b2be3-b235-4706-9e09-806c66876cd0 [Powersource] electric[MAXWEIGHT]:4000 [CLIMATEIMPACT]:medium [1 : cargo [NameOfGoods] mais [Weight]:20 [WagonTypeName]:boer, 1 : car [NameOfCar] audi [Weight]:50 [WagonTypeName]:dealer, 0 : car [NameOfCar] peugeot [Weight]:20 [WagonTypeName]:garage]
15743 [JavaFX Application Thread] INFO  r.application.AdministrationService - All wagons from train[Train]: test[id] e46b2be3-b235-4706-9e09-806c66876cd0 [Powersource] electric[MAXWEIGHT]:4000 [CLIMATEIMPACT]:medium [1 : cargo [NameOfGoods] mais [Weight]:20 [WagonTypeName]:boer, 1 : car [NameOfCar] audi [Weight]:50 [WagonTypeName]:dealer, 0 : car [NameOfCar] peugeot [Weight]:20 [WagonTypeName]:garage]
17368 [JavaFX Application Thread] INFO  r.application.AdministrationService - Show train info
17633 [JavaFX Application Thread] INFO  r.application.AdministrationService - Show train info[Train]: test[id] e46b2be3-b235-4706-9e09-806c66876cd0 [Powersource] electric[MAXWEIGHT]:4000 [CLIMATEIMPACT]:medium [1 : cargo [NameOfGoods] mais [Weight]:20 [WagonTypeName]:boer, 1 : car [NameOfCar] audi [Weight]:50 [WagonTypeName]:dealer, 0 : car [NameOfCar] peugeot [Weight]:20 [WagonTypeName]:garage]
27464 [JavaFX Application Thread] INFO  r.application.AdministrationService - Show train info
27715 [JavaFX Application Thread] INFO  r.application.AdministrationService - Show train info[Train]: test[id] e46b2be3-b235-4706-9e09-806c66876cd0 [Powersource] electric[MAXWEIGHT]:4000 [CLIMATEIMPACT]:medium [1 : cargo [NameOfGoods] mais [Weight]:20 [WagonTypeName]:boer, 1 : car [NameOfCar] audi [Weight]:50 [WagonTypeName]:dealer, 0 : car [NameOfCar] peugeot [Weight]:20 [WagonTypeName]:garage]
27716 [JavaFX Application Thread] INFO  r.application.AdministrationService - All wagons from train[Train]: test[id] e46b2be3-b235-4706-9e09-806c66876cd0 [Powersource] electric[MAXWEIGHT]:4000 [CLIMATEIMPACT]:medium [1 : cargo [NameOfGoods] mais [Weight]:20 [WagonTypeName]:boer, 1 : car [NameOfCar] audi [Weight]:50 [WagonTypeName]:dealer, 0 : car [NameOfCar] peugeot [Weight]:20 [WagonTypeName]:garage]
283  [JavaFX Application Thread] INFO  richrail.TrainApplication - Example log richrail.TrainApplication
1327 [JavaFX Application Thread] INFO  o.s.d.r.c.RepositoryConfigurationDelegate - Bootstrapping Spring Data JPA repositories in DEFAULT mode.
1434 [JavaFX Application Thread] INFO  o.s.d.r.c.RepositoryConfigurationDelegate - Finished Spring Data repository scanning in 97ms. Found 3 JPA repository interfaces.
2104 [JavaFX Application Thread] INFO  o.h.jpa.internal.util.LogHelper - HHH000204: Processing PersistenceUnitInfo [name: default]
2157 [JavaFX Application Thread] INFO  org.hibernate.Version - HHH000412: Hibernate ORM core version 5.4.20.Final
2312 [JavaFX Application Thread] INFO  o.h.annotations.common.Version - HCANN000001: Hibernate Commons Annotations {5.1.0.Final}
2648 [JavaFX Application Thread] INFO  com.zaxxer.hikari.HikariDataSource - HikariPool-1 - Starting...
3247 [JavaFX Application Thread] INFO  com.zaxxer.hikari.HikariDataSource - HikariPool-1 - Start completed.
3279 [JavaFX Application Thread] INFO  org.hibernate.dialect.Dialect - HHH000400: Using dialect: org.hibernate.dialect.PostgreSQL10Dialect
7750 [JavaFX Application Thread] INFO  o.h.validator.internal.util.Version - HV000001: Hibernate Validator 6.0.18.Final
9003 [JavaFX Application Thread] INFO  o.h.e.t.j.p.i.JtaPlatformInitiator - HHH000490: Using JtaPlatform implementation: [org.hibernate.engine.transaction.jta.platform.internal.NoJtaPlatform]
9012 [JavaFX Application Thread] INFO  o.s.o.j.LocalContainerEntityManagerFactoryBean - Initialized JPA EntityManagerFactory for persistence unit 'default'
14086 [JavaFX Application Thread] INFO  r.application.AdministrationService - All trains
26295 [JavaFX Application Thread] INFO  r.application.AdministrationService - Show train info
26569 [JavaFX Application Thread] INFO  r.application.AdministrationService - Show train info[Train]: test[id] e46b2be3-b235-4706-9e09-806c66876cd0 [Powersource] electric[MAXWEIGHT]:4000 [CLIMATEIMPACT]:medium [1 : cargo [NameOfGoods] mais [Weight]:20 [WagonTypeName]:boer, 1 : car [NameOfCar] audi [Weight]:50 [WagonTypeName]:dealer, 0 : car [NameOfCar] peugeot [Weight]:20 [WagonTypeName]:garage]
26582 [JavaFX Application Thread] INFO  r.application.AdministrationService - All wagons from train[Train]: test[id] e46b2be3-b235-4706-9e09-806c66876cd0 [Powersource] electric[MAXWEIGHT]:4000 [CLIMATEIMPACT]:medium [1 : cargo [NameOfGoods] mais [Weight]:20 [WagonTypeName]:boer, 1 : car [NameOfCar] audi [Weight]:50 [WagonTypeName]:dealer, 0 : car [NameOfCar] peugeot [Weight]:20 [WagonTypeName]:garage]
32426 [JavaFX Application Thread] INFO  r.application.AdministrationService - Show train info
32685 [JavaFX Application Thread] INFO  r.application.AdministrationService - Show train info[Train]: test[id] e46b2be3-b235-4706-9e09-806c66876cd0 [Powersource] electric[MAXWEIGHT]:4000 [CLIMATEIMPACT]:medium [1 : cargo [NameOfGoods] mais [Weight]:20 [WagonTypeName]:boer, 1 : car [NameOfCar] audi [Weight]:50 [WagonTypeName]:dealer, 0 : car [NameOfCar] peugeot [Weight]:20 [WagonTypeName]:garage]
1489800 [HikariPool-1 housekeeper] WARN  com.zaxxer.hikari.pool.HikariPool - HikariPool-1 - Thread starvation or clock leap detected (housekeeper delta=22m25s80ms963µs899ns).
240  [JavaFX Application Thread] INFO  richrail.TrainApplication - Example log richrail.TrainApplication
1229 [JavaFX Application Thread] INFO  o.s.d.r.c.RepositoryConfigurationDelegate - Bootstrapping Spring Data JPA repositories in DEFAULT mode.
1328 [JavaFX Application Thread] INFO  o.s.d.r.c.RepositoryConfigurationDelegate - Finished Spring Data repository scanning in 87ms. Found 3 JPA repository interfaces.
1960 [JavaFX Application Thread] INFO  o.h.jpa.internal.util.LogHelper - HHH000204: Processing PersistenceUnitInfo [name: default]
2013 [JavaFX Application Thread] INFO  org.hibernate.Version - HHH000412: Hibernate ORM core version 5.4.20.Final
2159 [JavaFX Application Thread] INFO  o.h.annotations.common.Version - HCANN000001: Hibernate Commons Annotations {5.1.0.Final}
2470 [JavaFX Application Thread] INFO  com.zaxxer.hikari.HikariDataSource - HikariPool-1 - Starting...
3045 [JavaFX Application Thread] INFO  com.zaxxer.hikari.HikariDataSource - HikariPool-1 - Start completed.
3078 [JavaFX Application Thread] INFO  org.hibernate.dialect.Dialect - HHH000400: Using dialect: org.hibernate.dialect.PostgreSQL10Dialect
7713 [JavaFX Application Thread] INFO  o.h.validator.internal.util.Version - HV000001: Hibernate Validator 6.0.18.Final
8857 [JavaFX Application Thread] INFO  o.h.e.t.j.p.i.JtaPlatformInitiator - HHH000490: Using JtaPlatform implementation: [org.hibernate.engine.transaction.jta.platform.internal.NoJtaPlatform]
8864 [JavaFX Application Thread] INFO  o.s.o.j.LocalContainerEntityManagerFactoryBean - Initialized JPA EntityManagerFactory for persistence unit 'default'
12674 [JavaFX Application Thread] INFO  r.application.AdministrationService - All trains
17176 [JavaFX Application Thread] INFO  r.application.AdministrationService - Show train info
17435 [JavaFX Application Thread] INFO  r.application.AdministrationService - Show train info[Train]: test[id] e46b2be3-b235-4706-9e09-806c66876cd0 [Powersource] electric[MAXWEIGHT]:4000 [CLIMATEIMPACT]:medium [1 : cargo [NameOfGoods] mais [Weight]:20 [WagonTypeName]:boer, 1 : car [NameOfCar] audi [Weight]:50 [WagonTypeName]:dealer, 0 : car [NameOfCar] peugeot [Weight]:20 [WagonTypeName]:garage]
17445 [JavaFX Application Thread] INFO  r.application.AdministrationService - All wagons from train[Train]: test[id] e46b2be3-b235-4706-9e09-806c66876cd0 [Powersource] electric[MAXWEIGHT]:4000 [CLIMATEIMPACT]:medium [1 : cargo [NameOfGoods] mais [Weight]:20 [WagonTypeName]:boer, 1 : car [NameOfCar] audi [Weight]:50 [WagonTypeName]:dealer, 0 : car [NameOfCar] peugeot [Weight]:20 [WagonTypeName]:garage]
20816 [JavaFX Application Thread] INFO  r.application.AdministrationService - Show train info
21071 [JavaFX Application Thread] INFO  r.application.AdministrationService - Show train info[Train]: test[id] e46b2be3-b235-4706-9e09-806c66876cd0 [Powersource] electric[MAXWEIGHT]:4000 [CLIMATEIMPACT]:medium [1 : cargo [NameOfGoods] mais [Weight]:20 [WagonTypeName]:boer, 1 : car [NameOfCar] audi [Weight]:50 [WagonTypeName]:dealer, 0 : car [NameOfCar] peugeot [Weight]:20 [WagonTypeName]:garage]
247  [JavaFX Application Thread] INFO  richrail.TrainApplication - Example log richrail.TrainApplication
1244 [JavaFX Application Thread] INFO  o.s.d.r.c.RepositoryConfigurationDelegate - Bootstrapping Spring Data JPA repositories in DEFAULT mode.
1335 [JavaFX Application Thread] INFO  o.s.d.r.c.RepositoryConfigurationDelegate - Finished Spring Data repository scanning in 81ms. Found 3 JPA repository interfaces.
1922 [JavaFX Application Thread] INFO  o.h.jpa.internal.util.LogHelper - HHH000204: Processing PersistenceUnitInfo [name: default]
1968 [JavaFX Application Thread] INFO  org.hibernate.Version - HHH000412: Hibernate ORM core version 5.4.20.Final
2097 [JavaFX Application Thread] INFO  o.h.annotations.common.Version - HCANN000001: Hibernate Commons Annotations {5.1.0.Final}
2408 [JavaFX Application Thread] INFO  com.zaxxer.hikari.HikariDataSource - HikariPool-1 - Starting...
2941 [JavaFX Application Thread] INFO  com.zaxxer.hikari.HikariDataSource - HikariPool-1 - Start completed.
2968 [JavaFX Application Thread] INFO  org.hibernate.dialect.Dialect - HHH000400: Using dialect: org.hibernate.dialect.PostgreSQL10Dialect
7249 [JavaFX Application Thread] INFO  o.h.validator.internal.util.Version - HV000001: Hibernate Validator 6.0.18.Final
8469 [JavaFX Application Thread] INFO  o.h.e.t.j.p.i.JtaPlatformInitiator - HHH000490: Using JtaPlatform implementation: [org.hibernate.engine.transaction.jta.platform.internal.NoJtaPlatform]
8475 [JavaFX Application Thread] INFO  o.s.o.j.LocalContainerEntityManagerFactoryBean - Initialized JPA EntityManagerFactory for persistence unit 'default'
12933 [JavaFX Application Thread] INFO  r.application.AdministrationService - All trains
17722 [JavaFX Application Thread] INFO  r.application.AdministrationService - Show train info
18008 [JavaFX Application Thread] INFO  r.application.AdministrationService - Show train info[Train]: test[id] e46b2be3-b235-4706-9e09-806c66876cd0 [Powersource] electric[MAXWEIGHT]:4000 [CLIMATEIMPACT]:medium [1 : cargo [NameOfGoods] mais [Weight]:20 [WagonTypeName]:boer, 1 : car [NameOfCar] audi [Weight]:50 [WagonTypeName]:dealer, 0 : car [NameOfCar] peugeot [Weight]:20 [WagonTypeName]:garage]
18018 [JavaFX Application Thread] INFO  r.application.AdministrationService - All wagons from train[Train]: test[id] e46b2be3-b235-4706-9e09-806c66876cd0 [Powersource] electric[MAXWEIGHT]:4000 [CLIMATEIMPACT]:medium [1 : cargo [NameOfGoods] mais [Weight]:20 [WagonTypeName]:boer, 1 : car [NameOfCar] audi [Weight]:50 [WagonTypeName]:dealer, 0 : car [NameOfCar] peugeot [Weight]:20 [WagonTypeName]:garage]
22346 [JavaFX Application Thread] INFO  r.application.AdministrationService - Show train info
22621 [JavaFX Application Thread] INFO  r.application.AdministrationService - Show train info[Train]: test[id] e46b2be3-b235-4706-9e09-806c66876cd0 [Powersource] electric[MAXWEIGHT]:4000 [CLIMATEIMPACT]:medium [1 : cargo [NameOfGoods] mais [Weight]:20 [WagonTypeName]:boer, 1 : car [NameOfCar] audi [Weight]:50 [WagonTypeName]:dealer, 0 : car [NameOfCar] peugeot [Weight]:20 [WagonTypeName]:garage]
226  [JavaFX Application Thread] INFO  richrail.TrainApplication - Example log richrail.TrainApplication
1227 [JavaFX Application Thread] INFO  o.s.d.r.c.RepositoryConfigurationDelegate - Bootstrapping Spring Data JPA repositories in DEFAULT mode.
1318 [JavaFX Application Thread] INFO  o.s.d.r.c.RepositoryConfigurationDelegate - Finished Spring Data repository scanning in 81ms. Found 3 JPA repository interfaces.
1935 [JavaFX Application Thread] INFO  o.h.jpa.internal.util.LogHelper - HHH000204: Processing PersistenceUnitInfo [name: default]
1982 [JavaFX Application Thread] INFO  org.hibernate.Version - HHH000412: Hibernate ORM core version 5.4.20.Final
2109 [JavaFX Application Thread] INFO  o.h.annotations.common.Version - HCANN000001: Hibernate Commons Annotations {5.1.0.Final}
2418 [JavaFX Application Thread] INFO  com.zaxxer.hikari.HikariDataSource - HikariPool-1 - Starting...
2979 [JavaFX Application Thread] INFO  com.zaxxer.hikari.HikariDataSource - HikariPool-1 - Start completed.
3006 [JavaFX Application Thread] INFO  org.hibernate.dialect.Dialect - HHH000400: Using dialect: org.hibernate.dialect.PostgreSQL10Dialect
7862 [JavaFX Application Thread] INFO  o.h.validator.internal.util.Version - HV000001: Hibernate Validator 6.0.18.Final
9041 [JavaFX Application Thread] INFO  o.h.e.t.j.p.i.JtaPlatformInitiator - HHH000490: Using JtaPlatform implementation: [org.hibernate.engine.transaction.jta.platform.internal.NoJtaPlatform]
9048 [JavaFX Application Thread] INFO  o.s.o.j.LocalContainerEntityManagerFactoryBean - Initialized JPA EntityManagerFactory for persistence unit 'default'
12909 [JavaFX Application Thread] INFO  r.application.AdministrationService - All trains
16289 [JavaFX Application Thread] INFO  r.application.AdministrationService - Show train info
16575 [JavaFX Application Thread] INFO  r.application.AdministrationService - Show train info[Train]: test[id] e46b2be3-b235-4706-9e09-806c66876cd0 [Powersource] electric[MAXWEIGHT]:4000 [CLIMATEIMPACT]:medium [1 : cargo [NameOfGoods] mais [Weight]:20 [WagonTypeName]:boer, 1 : car [NameOfCar] audi [Weight]:50 [WagonTypeName]:dealer, 0 : car [NameOfCar] peugeot [Weight]:20 [WagonTypeName]:garage]
16586 [JavaFX Application Thread] INFO  r.application.AdministrationService - All wagons from train[Train]: test[id] e46b2be3-b235-4706-9e09-806c66876cd0 [Powersource] electric[MAXWEIGHT]:4000 [CLIMATEIMPACT]:medium [1 : cargo [NameOfGoods] mais [Weight]:20 [WagonTypeName]:boer, 1 : car [NameOfCar] audi [Weight]:50 [WagonTypeName]:dealer, 0 : car [NameOfCar] peugeot [Weight]:20 [WagonTypeName]:garage]
18747 [JavaFX Application Thread] INFO  r.application.AdministrationService - Show train info
19035 [JavaFX Application Thread] INFO  r.application.AdministrationService - Show train info[Train]: test[id] e46b2be3-b235-4706-9e09-806c66876cd0 [Powersource] electric[MAXWEIGHT]:4000 [CLIMATEIMPACT]:medium [1 : cargo [NameOfGoods] mais [Weight]:20 [WagonTypeName]:boer, 1 : car [NameOfCar] audi [Weight]:50 [WagonTypeName]:dealer, 0 : car [NameOfCar] peugeot [Weight]:20 [WagonTypeName]:garage]
211  [JavaFX Application Thread] INFO  richrail.TrainApplication - Example log richrail.TrainApplication
1236 [JavaFX Application Thread] INFO  o.s.d.r.c.RepositoryConfigurationDelegate - Bootstrapping Spring Data JPA repositories in DEFAULT mode.
1324 [JavaFX Application Thread] INFO  o.s.d.r.c.RepositoryConfigurationDelegate - Finished Spring Data repository scanning in 80ms. Found 3 JPA repository interfaces.
1951 [JavaFX Application Thread] INFO  o.h.jpa.internal.util.LogHelper - HHH000204: Processing PersistenceUnitInfo [name: default]
2002 [JavaFX Application Thread] INFO  org.hibernate.Version - HHH000412: Hibernate ORM core version 5.4.20.Final
2131 [JavaFX Application Thread] INFO  o.h.annotations.common.Version - HCANN000001: Hibernate Commons Annotations {5.1.0.Final}
2448 [JavaFX Application Thread] INFO  com.zaxxer.hikari.HikariDataSource - HikariPool-1 - Starting...
3049 [JavaFX Application Thread] INFO  com.zaxxer.hikari.HikariDataSource - HikariPool-1 - Start completed.
3077 [JavaFX Application Thread] INFO  org.hibernate.dialect.Dialect - HHH000400: Using dialect: org.hibernate.dialect.PostgreSQL10Dialect
7533 [JavaFX Application Thread] INFO  o.h.validator.internal.util.Version - HV000001: Hibernate Validator 6.0.18.Final
8670 [JavaFX Application Thread] INFO  o.h.e.t.j.p.i.JtaPlatformInitiator - HHH000490: Using JtaPlatform implementation: [org.hibernate.engine.transaction.jta.platform.internal.NoJtaPlatform]
8677 [JavaFX Application Thread] INFO  o.s.o.j.LocalContainerEntityManagerFactoryBean - Initialized JPA EntityManagerFactory for persistence unit 'default'
106087 [JavaFX Application Thread] INFO  r.application.AdministrationService - All trains
110658 [JavaFX Application Thread] INFO  r.application.AdministrationService - Show train info
110915 [JavaFX Application Thread] INFO  r.application.AdministrationService - Show train info[Train]: test[id] e46b2be3-b235-4706-9e09-806c66876cd0 [Powersource] electric[MAXWEIGHT]:4000 [CLIMATEIMPACT]:medium [1 : cargo [NameOfGoods] mais [Weight]:20 [WagonTypeName]:boer, 1 : car [NameOfCar] audi [Weight]:50 [WagonTypeName]:dealer, 0 : car [NameOfCar] peugeot [Weight]:20 [WagonTypeName]:garage]
110926 [JavaFX Application Thread] INFO  r.application.AdministrationService - All wagons from train[Train]: test[id] e46b2be3-b235-4706-9e09-806c66876cd0 [Powersource] electric[MAXWEIGHT]:4000 [CLIMATEIMPACT]:medium [1 : cargo [NameOfGoods] mais [Weight]:20 [WagonTypeName]:boer, 1 : car [NameOfCar] audi [Weight]:50 [WagonTypeName]:dealer, 0 : car [NameOfCar] peugeot [Weight]:20 [WagonTypeName]:garage]
112351 [JavaFX Application Thread] INFO  r.application.AdministrationService - Show train info
112618 [JavaFX Application Thread] INFO  r.application.AdministrationService - Show train info[Train]: test[id] e46b2be3-b235-4706-9e09-806c66876cd0 [Powersource] electric[MAXWEIGHT]:4000 [CLIMATEIMPACT]:medium [1 : cargo [NameOfGoods] mais [Weight]:20 [WagonTypeName]:boer, 1 : car [NameOfCar] audi [Weight]:50 [WagonTypeName]:dealer, 0 : car [NameOfCar] peugeot [Weight]:20 [WagonTypeName]:garage]
323  [JavaFX Application Thread] INFO  richrail.TrainApplication - Example log richrail.TrainApplication
1771 [JavaFX Application Thread] INFO  o.s.d.r.c.RepositoryConfigurationDelegate - Bootstrapping Spring Data JPA repositories in DEFAULT mode.
1900 [JavaFX Application Thread] INFO  o.s.d.r.c.RepositoryConfigurationDelegate - Finished Spring Data repository scanning in 118ms. Found 3 JPA repository interfaces.
2743 [JavaFX Application Thread] INFO  o.h.jpa.internal.util.LogHelper - HHH000204: Processing PersistenceUnitInfo [name: default]
2808 [JavaFX Application Thread] INFO  org.hibernate.Version - HHH000412: Hibernate ORM core version 5.4.20.Final
2976 [JavaFX Application Thread] INFO  o.h.annotations.common.Version - HCANN000001: Hibernate Commons Annotations {5.1.0.Final}
3614 [JavaFX Application Thread] INFO  com.zaxxer.hikari.HikariDataSource - HikariPool-1 - Starting...
4617 [JavaFX Application Thread] INFO  com.zaxxer.hikari.HikariDataSource - HikariPool-1 - Start completed.
4693 [JavaFX Application Thread] INFO  org.hibernate.dialect.Dialect - HHH000400: Using dialect: org.hibernate.dialect.PostgreSQL10Dialect
9698 [JavaFX Application Thread] INFO  o.h.validator.internal.util.Version - HV000001: Hibernate Validator 6.0.18.Final
11292 [JavaFX Application Thread] INFO  o.h.e.t.j.p.i.JtaPlatformInitiator - HHH000490: Using JtaPlatform implementation: [org.hibernate.engine.transaction.jta.platform.internal.NoJtaPlatform]
11310 [JavaFX Application Thread] INFO  o.s.o.j.LocalContainerEntityManagerFactoryBean - Initialized JPA EntityManagerFactory for persistence unit 'default'
48455 [JavaFX Application Thread] INFO  r.application.AdministrationService - All trains
52574 [JavaFX Application Thread] INFO  r.application.AdministrationService - Show train info
52887 [JavaFX Application Thread] INFO  r.application.AdministrationService - Show train info[Train]: test[id] e46b2be3-b235-4706-9e09-806c66876cd0 [Powersource] electric[MAXWEIGHT]:4000 [CLIMATEIMPACT]:medium [1 : cargo [NameOfGoods] mais [Weight]:20 [WagonTypeName]:boer, 1 : car [NameOfCar] audi [Weight]:50 [WagonTypeName]:dealer, 0 : car [NameOfCar] peugeot [Weight]:20 [WagonTypeName]:garage]
52907 [JavaFX Application Thread] INFO  r.application.AdministrationService - All wagons from train[Train]: test[id] e46b2be3-b235-4706-9e09-806c66876cd0 [Powersource] electric[MAXWEIGHT]:4000 [CLIMATEIMPACT]:medium [1 : cargo [NameOfGoods] mais [Weight]:20 [WagonTypeName]:boer, 1 : car [NameOfCar] audi [Weight]:50 [WagonTypeName]:dealer, 0 : car [NameOfCar] peugeot [Weight]:20 [WagonTypeName]:garage]
55261 [JavaFX Application Thread] INFO  r.application.AdministrationService - Delete wagon
55262 [JavaFX Application Thread] INFO  r.application.AdministrationService - Trainwagons before delete [1 : cargo [NameOfGoods] mais [Weight]:20 [WagonTypeName]:boer, 1 : car [NameOfCar] audi [Weight]:50 [WagonTypeName]:dealer, 0 : car [NameOfCar] peugeot [Weight]:20 [WagonTypeName]:garage]
55908 [JavaFX Application Thread] INFO  r.application.AdministrationService - Show train info
56200 [JavaFX Application Thread] INFO  r.application.AdministrationService - Show train info[Train]: test[id] e46b2be3-b235-4706-9e09-806c66876cd0 [Powersource] electric[MAXWEIGHT]:4000 [CLIMATEIMPACT]:medium [1 : cargo [NameOfGoods] mais [Weight]:20 [WagonTypeName]:boer, 0 : car [NameOfCar] peugeot [Weight]:20 [WagonTypeName]:garage, 0 : car [NameOfCar] audi [Weight]:50 [WagonTypeName]:dealer]
56201 [JavaFX Application Thread] INFO  r.application.AdministrationService - All wagons from train[Train]: test[id] e46b2be3-b235-4706-9e09-806c66876cd0 [Powersource] electric[MAXWEIGHT]:4000 [CLIMATEIMPACT]:medium [1 : cargo [NameOfGoods] mais [Weight]:20 [WagonTypeName]:boer, 0 : car [NameOfCar] peugeot [Weight]:20 [WagonTypeName]:garage, 0 : car [NameOfCar] audi [Weight]:50 [WagonTypeName]:dealer]
60468 [JavaFX Application Thread] INFO  r.application.AdministrationService - Show train info
60765 [JavaFX Application Thread] INFO  r.application.AdministrationService - Show train info[Train]: test[id] e46b2be3-b235-4706-9e09-806c66876cd0 [Powersource] electric[MAXWEIGHT]:4000 [CLIMATEIMPACT]:medium [1 : cargo [NameOfGoods] mais [Weight]:20 [WagonTypeName]:boer, 0 : car [NameOfCar] peugeot [Weight]:20 [WagonTypeName]:garage, 0 : car [NameOfCar] audi [Weight]:50 [WagonTypeName]:dealer]
200  [JavaFX Application Thread] INFO  richrail.TrainApplication - Example log richrail.TrainApplication
1318 [JavaFX Application Thread] INFO  o.s.d.r.c.RepositoryConfigurationDelegate - Bootstrapping Spring Data JPA repositories in DEFAULT mode.
1461 [JavaFX Application Thread] INFO  o.s.d.r.c.RepositoryConfigurationDelegate - Finished Spring Data repository scanning in 129ms. Found 3 JPA repository interfaces.
2311 [JavaFX Application Thread] INFO  o.h.jpa.internal.util.LogHelper - HHH000204: Processing PersistenceUnitInfo [name: default]
2370 [JavaFX Application Thread] INFO  org.hibernate.Version - HHH000412: Hibernate ORM core version 5.4.20.Final
2529 [JavaFX Application Thread] INFO  o.h.annotations.common.Version - HCANN000001: Hibernate Commons Annotations {5.1.0.Final}
2830 [JavaFX Application Thread] INFO  com.zaxxer.hikari.HikariDataSource - HikariPool-1 - Starting...
3481 [JavaFX Application Thread] INFO  com.zaxxer.hikari.HikariDataSource - HikariPool-1 - Start completed.
3520 [JavaFX Application Thread] INFO  org.hibernate.dialect.Dialect - HHH000400: Using dialect: org.hibernate.dialect.PostgreSQL10Dialect
8259 [JavaFX Application Thread] INFO  o.h.validator.internal.util.Version - HV000001: Hibernate Validator 6.0.18.Final
9536 [JavaFX Application Thread] INFO  o.h.e.t.j.p.i.JtaPlatformInitiator - HHH000490: Using JtaPlatform implementation: [org.hibernate.engine.transaction.jta.platform.internal.NoJtaPlatform]
9544 [JavaFX Application Thread] INFO  o.s.o.j.LocalContainerEntityManagerFactoryBean - Initialized JPA EntityManagerFactory for persistence unit 'default'
18788 [JavaFX Application Thread] INFO  r.application.AdministrationService - All trains
222  [JavaFX Application Thread] INFO  richrail.TrainApplication - Example log richrail.TrainApplication
1269 [JavaFX Application Thread] INFO  o.s.d.r.c.RepositoryConfigurationDelegate - Bootstrapping Spring Data JPA repositories in DEFAULT mode.
1356 [JavaFX Application Thread] INFO  o.s.d.r.c.RepositoryConfigurationDelegate - Finished Spring Data repository scanning in 78ms. Found 3 JPA repository interfaces.
1983 [JavaFX Application Thread] INFO  o.h.jpa.internal.util.LogHelper - HHH000204: Processing PersistenceUnitInfo [name: default]
2033 [JavaFX Application Thread] INFO  org.hibernate.Version - HHH000412: Hibernate ORM core version 5.4.20.Final
2148 [JavaFX Application Thread] INFO  o.h.annotations.common.Version - HCANN000001: Hibernate Commons Annotations {5.1.0.Final}
2435 [JavaFX Application Thread] INFO  com.zaxxer.hikari.HikariDataSource - HikariPool-1 - Starting...
2963 [JavaFX Application Thread] INFO  com.zaxxer.hikari.HikariDataSource - HikariPool-1 - Start completed.
2990 [JavaFX Application Thread] INFO  org.hibernate.dialect.Dialect - HHH000400: Using dialect: org.hibernate.dialect.PostgreSQL10Dialect
7461 [JavaFX Application Thread] INFO  o.h.validator.internal.util.Version - HV000001: Hibernate Validator 6.0.18.Final
8585 [JavaFX Application Thread] INFO  o.h.e.t.j.p.i.JtaPlatformInitiator - HHH000490: Using JtaPlatform implementation: [org.hibernate.engine.transaction.jta.platform.internal.NoJtaPlatform]
8591 [JavaFX Application Thread] INFO  o.s.o.j.LocalContainerEntityManagerFactoryBean - Initialized JPA EntityManagerFactory for persistence unit 'default'
52764 [JavaFX Application Thread] INFO  r.application.AdministrationService - All trains
57076 [JavaFX Application Thread] INFO  r.application.AdministrationService - Show train info
57141 [JavaFX Application Thread] INFO  r.application.AdministrationService - Show train info[Train]: seaofthieves[id] 415d15b8-3752-4f60-9af6-c8ae8311dd9e [Powersource] petroleum[MAXWEIGHT]:10000 [CLIMATEIMPACT]:high []
57151 [JavaFX Application Thread] INFO  r.application.AdministrationService - All wagons from train[Train]: seaofthieves[id] 415d15b8-3752-4f60-9af6-c8ae8311dd9e [Powersource] petroleum[MAXWEIGHT]:10000 [CLIMATEIMPACT]:high []
65773 [JavaFX Application Thread] INFO  r.application.AdministrationService - All trains
208  [JavaFX Application Thread] INFO  richrail.TrainApplication - Example log richrail.TrainApplication
1197 [JavaFX Application Thread] INFO  o.s.d.r.c.RepositoryConfigurationDelegate - Bootstrapping Spring Data JPA repositories in DEFAULT mode.
1288 [JavaFX Application Thread] INFO  o.s.d.r.c.RepositoryConfigurationDelegate - Finished Spring Data repository scanning in 82ms. Found 3 JPA repository interfaces.
1887 [JavaFX Application Thread] INFO  o.h.jpa.internal.util.LogHelper - HHH000204: Processing PersistenceUnitInfo [name: default]
1939 [JavaFX Application Thread] INFO  org.hibernate.Version - HHH000412: Hibernate ORM core version 5.4.20.Final
2077 [JavaFX Application Thread] INFO  o.h.annotations.common.Version - HCANN000001: Hibernate Commons Annotations {5.1.0.Final}
2367 [JavaFX Application Thread] INFO  com.zaxxer.hikari.HikariDataSource - HikariPool-1 - Starting...
2886 [JavaFX Application Thread] INFO  com.zaxxer.hikari.HikariDataSource - HikariPool-1 - Start completed.
2914 [JavaFX Application Thread] INFO  org.hibernate.dialect.Dialect - HHH000400: Using dialect: org.hibernate.dialect.PostgreSQL10Dialect
7118 [JavaFX Application Thread] INFO  o.h.validator.internal.util.Version - HV000001: Hibernate Validator 6.0.18.Final
8230 [JavaFX Application Thread] INFO  o.h.e.t.j.p.i.JtaPlatformInitiator - HHH000490: Using JtaPlatform implementation: [org.hibernate.engine.transaction.jta.platform.internal.NoJtaPlatform]
8236 [JavaFX Application Thread] INFO  o.s.o.j.LocalContainerEntityManagerFactoryBean - Initialized JPA EntityManagerFactory for persistence unit 'default'
32371 [JavaFX Application Thread] INFO  r.application.AdministrationService - All trains
57140 [JavaFX Application Thread] INFO  r.application.AdministrationService - All trains
239  [JavaFX Application Thread] INFO  richrail.TrainApplication - Example log richrail.TrainApplication
1253 [JavaFX Application Thread] INFO  o.s.d.r.c.RepositoryConfigurationDelegate - Bootstrapping Spring Data JPA repositories in DEFAULT mode.
1339 [JavaFX Application Thread] INFO  o.s.d.r.c.RepositoryConfigurationDelegate - Finished Spring Data repository scanning in 76ms. Found 3 JPA repository interfaces.
1925 [JavaFX Application Thread] INFO  o.h.jpa.internal.util.LogHelper - HHH000204: Processing PersistenceUnitInfo [name: default]
1980 [JavaFX Application Thread] INFO  org.hibernate.Version - HHH000412: Hibernate ORM core version 5.4.20.Final
2115 [JavaFX Application Thread] INFO  o.h.annotations.common.Version - HCANN000001: Hibernate Commons Annotations {5.1.0.Final}
2405 [JavaFX Application Thread] INFO  com.zaxxer.hikari.HikariDataSource - HikariPool-1 - Starting...
2967 [JavaFX Application Thread] INFO  com.zaxxer.hikari.HikariDataSource - HikariPool-1 - Start completed.
2994 [JavaFX Application Thread] INFO  org.hibernate.dialect.Dialect - HHH000400: Using dialect: org.hibernate.dialect.PostgreSQL10Dialect
7478 [JavaFX Application Thread] INFO  o.h.validator.internal.util.Version - HV000001: Hibernate Validator 6.0.18.Final
8663 [JavaFX Application Thread] INFO  o.h.e.t.j.p.i.JtaPlatformInitiator - HHH000490: Using JtaPlatform implementation: [org.hibernate.engine.transaction.jta.platform.internal.NoJtaPlatform]
8670 [JavaFX Application Thread] INFO  o.s.o.j.LocalContainerEntityManagerFactoryBean - Initialized JPA EntityManagerFactory for persistence unit 'default'
52460 [JavaFX Application Thread] INFO  r.application.AdministrationService - All trains
55849 [JavaFX Application Thread] INFO  r.application.AdministrationService - All trains
221  [JavaFX Application Thread] INFO  richrail.TrainApplication - Example log richrail.TrainApplication
1228 [JavaFX Application Thread] INFO  o.s.d.r.c.RepositoryConfigurationDelegate - Bootstrapping Spring Data JPA repositories in DEFAULT mode.
1321 [JavaFX Application Thread] INFO  o.s.d.r.c.RepositoryConfigurationDelegate - Finished Spring Data repository scanning in 82ms. Found 3 JPA repository interfaces.
1920 [JavaFX Application Thread] INFO  o.h.jpa.internal.util.LogHelper - HHH000204: Processing PersistenceUnitInfo [name: default]
1966 [JavaFX Application Thread] INFO  org.hibernate.Version - HHH000412: Hibernate ORM core version 5.4.20.Final
2094 [JavaFX Application Thread] INFO  o.h.annotations.common.Version - HCANN000001: Hibernate Commons Annotations {5.1.0.Final}
2408 [JavaFX Application Thread] INFO  com.zaxxer.hikari.HikariDataSource - HikariPool-1 - Starting...
2977 [JavaFX Application Thread] INFO  com.zaxxer.hikari.HikariDataSource - HikariPool-1 - Start completed.
3004 [JavaFX Application Thread] INFO  org.hibernate.dialect.Dialect - HHH000400: Using dialect: org.hibernate.dialect.PostgreSQL10Dialect
7330 [JavaFX Application Thread] INFO  o.h.validator.internal.util.Version - HV000001: Hibernate Validator 6.0.18.Final
8505 [JavaFX Application Thread] INFO  o.h.e.t.j.p.i.JtaPlatformInitiator - HHH000490: Using JtaPlatform implementation: [org.hibernate.engine.transaction.jta.platform.internal.NoJtaPlatform]
8511 [JavaFX Application Thread] INFO  o.s.o.j.LocalContainerEntityManagerFactoryBean - Initialized JPA EntityManagerFactory for persistence unit 'default'
24573 [JavaFX Application Thread] INFO  r.application.AdministrationService - All trains
94452 [JavaFX Application Thread] INFO  r.application.AdministrationService - All trains
113466 [JavaFX Application Thread] INFO  r.application.AdministrationService - All trains
115923 [JavaFX Application Thread] INFO  r.application.AdministrationService - Show train info
116209 [JavaFX Application Thread] INFO  r.application.AdministrationService - Show train info[Train]: test[id] e46b2be3-b235-4706-9e09-806c66876cd0 [Powersource] electric[MAXWEIGHT]:4000 [CLIMATEIMPACT]:medium [1 : cargo [NameOfGoods] mais [Weight]:20 [WagonTypeName]:boer, 0 : car [NameOfCar] audi [Weight]:50 [WagonTypeName]:dealer, 1 : car [NameOfCar] peugeot [Weight]:20 [WagonTypeName]:garage]
116219 [JavaFX Application Thread] INFO  r.application.AdministrationService - All wagons from train[Train]: test[id] e46b2be3-b235-4706-9e09-806c66876cd0 [Powersource] electric[MAXWEIGHT]:4000 [CLIMATEIMPACT]:medium [1 : cargo [NameOfGoods] mais [Weight]:20 [WagonTypeName]:boer, 0 : car [NameOfCar] audi [Weight]:50 [WagonTypeName]:dealer, 1 : car [NameOfCar] peugeot [Weight]:20 [WagonTypeName]:garage]
221  [JavaFX Application Thread] INFO  richrail.TrainApplication - Example log richrail.TrainApplication
1222 [JavaFX Application Thread] INFO  o.s.d.r.c.RepositoryConfigurationDelegate - Bootstrapping Spring Data JPA repositories in DEFAULT mode.
1317 [JavaFX Application Thread] INFO  o.s.d.r.c.RepositoryConfigurationDelegate - Finished Spring Data repository scanning in 86ms. Found 3 JPA repository interfaces.
1931 [JavaFX Application Thread] INFO  o.h.jpa.internal.util.LogHelper - HHH000204: Processing PersistenceUnitInfo [name: default]
1978 [JavaFX Application Thread] INFO  org.hibernate.Version - HHH000412: Hibernate ORM core version 5.4.20.Final
2099 [JavaFX Application Thread] INFO  o.h.annotations.common.Version - HCANN000001: Hibernate Commons Annotations {5.1.0.Final}
2396 [JavaFX Application Thread] INFO  com.zaxxer.hikari.HikariDataSource - HikariPool-1 - Starting...
2932 [JavaFX Application Thread] INFO  com.zaxxer.hikari.HikariDataSource - HikariPool-1 - Start completed.
2960 [JavaFX Application Thread] INFO  org.hibernate.dialect.Dialect - HHH000400: Using dialect: org.hibernate.dialect.PostgreSQL10Dialect
7312 [JavaFX Application Thread] INFO  o.h.validator.internal.util.Version - HV000001: Hibernate Validator 6.0.18.Final
8437 [JavaFX Application Thread] INFO  o.h.e.t.j.p.i.JtaPlatformInitiator - HHH000490: Using JtaPlatform implementation: [org.hibernate.engine.transaction.jta.platform.internal.NoJtaPlatform]
8444 [JavaFX Application Thread] INFO  o.s.o.j.LocalContainerEntityManagerFactoryBean - Initialized JPA EntityManagerFactory for persistence unit 'default'
18410 [JavaFX Application Thread] INFO  r.application.AdministrationService - All trains
22516 [JavaFX Application Thread] INFO  r.application.AdministrationService - Show train info
22597 [JavaFX Application Thread] INFO  r.application.AdministrationService - Show train info[Train]: test34[id] 3465b8f0-1a8b-400f-aa99-c27b43a5a881 [Powersource] wind[MAXWEIGHT]:300 [CLIMATEIMPACT]:low []
22608 [JavaFX Application Thread] INFO  r.application.AdministrationService - All wagons from train[Train]: test34[id] 3465b8f0-1a8b-400f-aa99-c27b43a5a881 [Powersource] wind[MAXWEIGHT]:300 [CLIMATEIMPACT]:low []
27764 [JavaFX Application Thread] INFO  r.application.AdministrationService - All trains
38781 [JavaFX Application Thread] INFO  r.application.AdministrationService - Show train info
39044 [JavaFX Application Thread] INFO  r.application.AdministrationService - Show train info[Train]: bleh[id] 48994e82-9164-42fb-ba99-0a895bf0df91 [Powersource] petroleum[MAXWEIGHT]:10000 [CLIMATEIMPACT]:high [0 : person [NumberOfPassengers] 10 [Weight]:20 [WagonTypeName]:ns, 0 : car [NameOfCar] peugeot [Weight]:20 [WagonTypeName]:garage, 0 : car [NameOfCar] audi [Weight]:50 [WagonTypeName]:dealer]
39044 [JavaFX Application Thread] INFO  r.application.AdministrationService - All wagons from train[Train]: bleh[id] 48994e82-9164-42fb-ba99-0a895bf0df91 [Powersource] petroleum[MAXWEIGHT]:10000 [CLIMATEIMPACT]:high [0 : person [NumberOfPassengers] 10 [Weight]:20 [WagonTypeName]:ns, 0 : car [NameOfCar] peugeot [Weight]:20 [WagonTypeName]:garage, 0 : car [NameOfCar] audi [Weight]:50 [WagonTypeName]:dealer]
41306 [JavaFX Application Thread] INFO  r.application.AdministrationService - All wagon history from train[Train]: bleh[id] 48994e82-9164-42fb-ba99-0a895bf0df91 [Powersource] petroleum[MAXWEIGHT]:10000 [CLIMATEIMPACT]:high [0 : person [NumberOfPassengers] 10 [Weight]:20 [WagonTypeName]:ns, 0 : car [NameOfCar] peugeot [Weight]:20 [WagonTypeName]:garage, 0 : car [NameOfCar] audi [Weight]:50 [WagonTypeName]:dealer]
47273 [JavaFX Application Thread] INFO  r.application.AdministrationService - Show train info
47531 [JavaFX Application Thread] INFO  r.application.AdministrationService - Show train info[Train]: bleh[id] 48994e82-9164-42fb-ba99-0a895bf0df91 [Powersource] petroleum[MAXWEIGHT]:10000 [CLIMATEIMPACT]:high [0 : person [NumberOfPassengers] 10 [Weight]:20 [WagonTypeName]:ns, 0 : car [NameOfCar] peugeot [Weight]:20 [WagonTypeName]:garage, 0 : car [NameOfCar] audi [Weight]:50 [WagonTypeName]:dealer]
47531 [JavaFX Application Thread] INFO  r.application.AdministrationService - All wagons from train[Train]: bleh[id] 48994e82-9164-42fb-ba99-0a895bf0df91 [Powersource] petroleum[MAXWEIGHT]:10000 [CLIMATEIMPACT]:high [0 : person [NumberOfPassengers] 10 [Weight]:20 [WagonTypeName]:ns, 0 : car [NameOfCar] peugeot [Weight]:20 [WagonTypeName]:garage, 0 : car [NameOfCar] audi [Weight]:50 [WagonTypeName]:dealer]
212  [JavaFX Application Thread] INFO  richrail.TrainApplication - Example log richrail.TrainApplication
1208 [JavaFX Application Thread] INFO  o.s.d.r.c.RepositoryConfigurationDelegate - Bootstrapping Spring Data JPA repositories in DEFAULT mode.
1299 [JavaFX Application Thread] INFO  o.s.d.r.c.RepositoryConfigurationDelegate - Finished Spring Data repository scanning in 83ms. Found 3 JPA repository interfaces.
1917 [JavaFX Application Thread] INFO  o.h.jpa.internal.util.LogHelper - HHH000204: Processing PersistenceUnitInfo [name: default]
1967 [JavaFX Application Thread] INFO  org.hibernate.Version - HHH000412: Hibernate ORM core version 5.4.20.Final
2092 [JavaFX Application Thread] INFO  o.h.annotations.common.Version - HCANN000001: Hibernate Commons Annotations {5.1.0.Final}
2390 [JavaFX Application Thread] INFO  com.zaxxer.hikari.HikariDataSource - HikariPool-1 - Starting...
2940 [JavaFX Application Thread] INFO  com.zaxxer.hikari.HikariDataSource - HikariPool-1 - Start completed.
2974 [JavaFX Application Thread] INFO  org.hibernate.dialect.Dialect - HHH000400: Using dialect: org.hibernate.dialect.PostgreSQL10Dialect
7482 [JavaFX Application Thread] INFO  o.h.validator.internal.util.Version - HV000001: Hibernate Validator 6.0.18.Final
8618 [JavaFX Application Thread] INFO  o.h.e.t.j.p.i.JtaPlatformInitiator - HHH000490: Using JtaPlatform implementation: [org.hibernate.engine.transaction.jta.platform.internal.NoJtaPlatform]
8624 [JavaFX Application Thread] INFO  o.s.o.j.LocalContainerEntityManagerFactoryBean - Initialized JPA EntityManagerFactory for persistence unit 'default'
19120 [JavaFX Application Thread] INFO  r.application.AdministrationService - All trains
33564 [JavaFX Application Thread] INFO  r.application.AdministrationService - Show train info
33825 [JavaFX Application Thread] INFO  r.application.AdministrationService - Show train info[Train]: bleh[id] 48994e82-9164-42fb-ba99-0a895bf0df91 [Powersource] petroleum[MAXWEIGHT]:10000 [CLIMATEIMPACT]:high [0 : person [NumberOfPassengers] 10 [Weight]:20 [WagonTypeName]:ns, 0 : car [NameOfCar] peugeot [Weight]:20 [WagonTypeName]:garage, 0 : car [NameOfCar] audi [Weight]:50 [WagonTypeName]:dealer]
33835 [JavaFX Application Thread] INFO  r.application.AdministrationService - All wagons from train[Train]: bleh[id] 48994e82-9164-42fb-ba99-0a895bf0df91 [Powersource] petroleum[MAXWEIGHT]:10000 [CLIMATEIMPACT]:high [0 : person [NumberOfPassengers] 10 [Weight]:20 [WagonTypeName]:ns, 0 : car [NameOfCar] peugeot [Weight]:20 [WagonTypeName]:garage, 0 : car [NameOfCar] audi [Weight]:50 [WagonTypeName]:dealer]
35600 [JavaFX Application Thread] INFO  r.application.AdministrationService - All wagon history from train[Train]: bleh[id] 48994e82-9164-42fb-ba99-0a895bf0df91 [Powersource] petroleum[MAXWEIGHT]:10000 [CLIMATEIMPACT]:high [0 : person [NumberOfPassengers] 10 [Weight]:20 [WagonTypeName]:ns, 0 : car [NameOfCar] peugeot [Weight]:20 [WagonTypeName]:garage, 0 : car [NameOfCar] audi [Weight]:50 [WagonTypeName]:dealer]
39974 [JavaFX Application Thread] INFO  r.application.AdministrationService - Show train info
40232 [JavaFX Application Thread] INFO  r.application.AdministrationService - Show train info[Train]: bleh[id] 48994e82-9164-42fb-ba99-0a895bf0df91 [Powersource] petroleum[MAXWEIGHT]:10000 [CLIMATEIMPACT]:high [0 : person [NumberOfPassengers] 10 [Weight]:20 [WagonTypeName]:ns, 0 : car [NameOfCar] peugeot [Weight]:20 [WagonTypeName]:garage, 0 : car [NameOfCar] audi [Weight]:50 [WagonTypeName]:dealer]
52771 [JavaFX Application Thread] INFO  r.application.AdministrationService - Show train info
53056 [JavaFX Application Thread] INFO  r.application.AdministrationService - Show train info[Train]: bleh[id] 48994e82-9164-42fb-ba99-0a895bf0df91 [Powersource] petroleum[MAXWEIGHT]:10000 [CLIMATEIMPACT]:high [0 : person [NumberOfPassengers] 10 [Weight]:20 [WagonTypeName]:ns, 0 : car [NameOfCar] peugeot [Weight]:20 [WagonTypeName]:garage, 1 : car [NameOfCar] audi [Weight]:50 [WagonTypeName]:dealer]
56391 [JavaFX Application Thread] INFO  r.application.AdministrationService - Show train info
56672 [JavaFX Application Thread] INFO  r.application.AdministrationService - Show train info[Train]: bleh[id] 48994e82-9164-42fb-ba99-0a895bf0df91 [Powersource] petroleum[MAXWEIGHT]:10000 [CLIMATEIMPACT]:high [0 : person [NumberOfPassengers] 10 [Weight]:20 [WagonTypeName]:ns, 0 : car [NameOfCar] peugeot [Weight]:20 [WagonTypeName]:garage, 1 : car [NameOfCar] audi [Weight]:50 [WagonTypeName]:dealer]
56673 [JavaFX Application Thread] INFO  r.application.AdministrationService - All wagons from train[Train]: bleh[id] 48994e82-9164-42fb-ba99-0a895bf0df91 [Powersource] petroleum[MAXWEIGHT]:10000 [CLIMATEIMPACT]:high [0 : person [NumberOfPassengers] 10 [Weight]:20 [WagonTypeName]:ns, 0 : car [NameOfCar] peugeot [Weight]:20 [WagonTypeName]:garage, 1 : car [NameOfCar] audi [Weight]:50 [WagonTypeName]:dealer]
59099 [JavaFX Application Thread] INFO  r.application.AdministrationService - All wagon history from train[Train]: bleh[id] 48994e82-9164-42fb-ba99-0a895bf0df91 [Powersource] petroleum[MAXWEIGHT]:10000 [CLIMATEIMPACT]:high [0 : person [NumberOfPassengers] 10 [Weight]:20 [WagonTypeName]:ns, 0 : car [NameOfCar] peugeot [Weight]:20 [WagonTypeName]:garage, 1 : car [NameOfCar] audi [Weight]:50 [WagonTypeName]:dealer]
242  [JavaFX Application Thread] INFO  richrail.TrainApplication - Example log richrail.TrainApplication
1224 [JavaFX Application Thread] INFO  o.s.d.r.c.RepositoryConfigurationDelegate - Bootstrapping Spring Data JPA repositories in DEFAULT mode.
1315 [JavaFX Application Thread] INFO  o.s.d.r.c.RepositoryConfigurationDelegate - Finished Spring Data repository scanning in 83ms. Found 3 JPA repository interfaces.
1969 [JavaFX Application Thread] INFO  o.h.jpa.internal.util.LogHelper - HHH000204: Processing PersistenceUnitInfo [name: default]
2018 [JavaFX Application Thread] INFO  org.hibernate.Version - HHH000412: Hibernate ORM core version 5.4.20.Final
2141 [JavaFX Application Thread] INFO  o.h.annotations.common.Version - HCANN000001: Hibernate Commons Annotations {5.1.0.Final}
2430 [JavaFX Application Thread] INFO  com.zaxxer.hikari.HikariDataSource - HikariPool-1 - Starting...
2980 [JavaFX Application Thread] INFO  com.zaxxer.hikari.HikariDataSource - HikariPool-1 - Start completed.
3008 [JavaFX Application Thread] INFO  org.hibernate.dialect.Dialect - HHH000400: Using dialect: org.hibernate.dialect.PostgreSQL10Dialect
7265 [JavaFX Application Thread] INFO  o.h.validator.internal.util.Version - HV000001: Hibernate Validator 6.0.18.Final
8383 [JavaFX Application Thread] INFO  o.h.e.t.j.p.i.JtaPlatformInitiator - HHH000490: Using JtaPlatform implementation: [org.hibernate.engine.transaction.jta.platform.internal.NoJtaPlatform]
8390 [JavaFX Application Thread] INFO  o.s.o.j.LocalContainerEntityManagerFactoryBean - Initialized JPA EntityManagerFactory for persistence unit 'default'
12573 [JavaFX Application Thread] INFO  r.application.AdministrationService - All trains
16773 [JavaFX Application Thread] INFO  r.application.AdministrationService - Show train info
17028 [JavaFX Application Thread] INFO  r.application.AdministrationService - Show train info[Train]: bleh[id] 48994e82-9164-42fb-ba99-0a895bf0df91 [Powersource] petroleum[MAXWEIGHT]:10000 [CLIMATEIMPACT]:high [0 : person [NumberOfPassengers] 10 [Weight]:20 [WagonTypeName]:ns, 0 : car [NameOfCar] peugeot [Weight]:20 [WagonTypeName]:garage, 1 : car [NameOfCar] audi [Weight]:50 [WagonTypeName]:dealer]
17038 [JavaFX Application Thread] INFO  r.application.AdministrationService - All wagons from train[Train]: bleh[id] 48994e82-9164-42fb-ba99-0a895bf0df91 [Powersource] petroleum[MAXWEIGHT]:10000 [CLIMATEIMPACT]:high [0 : person [NumberOfPassengers] 10 [Weight]:20 [WagonTypeName]:ns, 0 : car [NameOfCar] peugeot [Weight]:20 [WagonTypeName]:garage, 1 : car [NameOfCar] audi [Weight]:50 [WagonTypeName]:dealer]
20229 [JavaFX Application Thread] INFO  r.application.AdministrationService - All wagon history from train[Train]: bleh[id] 48994e82-9164-42fb-ba99-0a895bf0df91 [Powersource] petroleum[MAXWEIGHT]:10000 [CLIMATEIMPACT]:high [0 : person [NumberOfPassengers] 10 [Weight]:20 [WagonTypeName]:ns, 0 : car [NameOfCar] peugeot [Weight]:20 [WagonTypeName]:garage, 1 : car [NameOfCar] audi [Weight]:50 [WagonTypeName]:dealer]
23327 [JavaFX Application Thread] INFO  r.application.AdministrationService - Show train info
23580 [JavaFX Application Thread] INFO  r.application.AdministrationService - Show train info[Train]: bleh[id] 48994e82-9164-42fb-ba99-0a895bf0df91 [Powersource] petroleum[MAXWEIGHT]:10000 [CLIMATEIMPACT]:high [0 : person [NumberOfPassengers] 10 [Weight]:20 [WagonTypeName]:ns, 0 : car [NameOfCar] peugeot [Weight]:20 [WagonTypeName]:garage, 1 : car [NameOfCar] audi [Weight]:50 [WagonTypeName]:dealer]
27258 [JavaFX Application Thread] INFO  r.application.AdministrationService - Show train info
27504 [JavaFX Application Thread] INFO  r.application.AdministrationService - Show train info[Train]: bleh[id] 48994e82-9164-42fb-ba99-0a895bf0df91 [Powersource] petroleum[MAXWEIGHT]:10000 [CLIMATEIMPACT]:high [0 : person [NumberOfPassengers] 10 [Weight]:20 [WagonTypeName]:ns, 1 : car [NameOfCar] audi [Weight]:50 [WagonTypeName]:dealer, 1 : car [NameOfCar] peugeot [Weight]:20 [WagonTypeName]:garage]
32276 [JavaFX Application Thread] INFO  r.application.AdministrationService - Show train info
32518 [JavaFX Application Thread] INFO  r.application.AdministrationService - Show train info[Train]: bleh[id] 48994e82-9164-42fb-ba99-0a895bf0df91 [Powersource] petroleum[MAXWEIGHT]:10000 [CLIMATEIMPACT]:high [0 : person [NumberOfPassengers] 10 [Weight]:20 [WagonTypeName]:ns, 1 : car [NameOfCar] audi [Weight]:50 [WagonTypeName]:dealer, 1 : car [NameOfCar] peugeot [Weight]:20 [WagonTypeName]:garage]
32518 [JavaFX Application Thread] INFO  r.application.AdministrationService - All wagons from train[Train]: bleh[id] 48994e82-9164-42fb-ba99-0a895bf0df91 [Powersource] petroleum[MAXWEIGHT]:10000 [CLIMATEIMPACT]:high [0 : person [NumberOfPassengers] 10 [Weight]:20 [WagonTypeName]:ns, 1 : car [NameOfCar] audi [Weight]:50 [WagonTypeName]:dealer, 1 : car [NameOfCar] peugeot [Weight]:20 [WagonTypeName]:garage]
37622 [JavaFX Application Thread] INFO  r.application.AdministrationService - All wagon history from train[Train]: bleh[id] 48994e82-9164-42fb-ba99-0a895bf0df91 [Powersource] petroleum[MAXWEIGHT]:10000 [CLIMATEIMPACT]:high [0 : person [NumberOfPassengers] 10 [Weight]:20 [WagonTypeName]:ns, 1 : car [NameOfCar] audi [Weight]:50 [WagonTypeName]:dealer, 1 : car [NameOfCar] peugeot [Weight]:20 [WagonTypeName]:garage]
239  [JavaFX Application Thread] INFO  richrail.TrainApplication - Example log richrail.TrainApplication
1214 [JavaFX Application Thread] INFO  o.s.d.r.c.RepositoryConfigurationDelegate - Bootstrapping Spring Data JPA repositories in DEFAULT mode.
1302 [JavaFX Application Thread] INFO  o.s.d.r.c.RepositoryConfigurationDelegate - Finished Spring Data repository scanning in 81ms. Found 3 JPA repository interfaces.
1917 [JavaFX Application Thread] INFO  o.h.jpa.internal.util.LogHelper - HHH000204: Processing PersistenceUnitInfo [name: default]
1970 [JavaFX Application Thread] INFO  org.hibernate.Version - HHH000412: Hibernate ORM core version 5.4.20.Final
2102 [JavaFX Application Thread] INFO  o.h.annotations.common.Version - HCANN000001: Hibernate Commons Annotations {5.1.0.Final}
2396 [JavaFX Application Thread] INFO  com.zaxxer.hikari.HikariDataSource - HikariPool-1 - Starting...
2942 [JavaFX Application Thread] INFO  com.zaxxer.hikari.HikariDataSource - HikariPool-1 - Start completed.
2970 [JavaFX Application Thread] INFO  org.hibernate.dialect.Dialect - HHH000400: Using dialect: org.hibernate.dialect.PostgreSQL10Dialect
7307 [JavaFX Application Thread] INFO  o.h.validator.internal.util.Version - HV000001: Hibernate Validator 6.0.18.Final
8428 [JavaFX Application Thread] INFO  o.h.e.t.j.p.i.JtaPlatformInitiator - HHH000490: Using JtaPlatform implementation: [org.hibernate.engine.transaction.jta.platform.internal.NoJtaPlatform]
8434 [JavaFX Application Thread] INFO  o.s.o.j.LocalContainerEntityManagerFactoryBean - Initialized JPA EntityManagerFactory for persistence unit 'default'
20723 [JavaFX Application Thread] INFO  r.application.AdministrationService - All trains
30103 [JavaFX Application Thread] INFO  r.application.AdministrationService - Show train info
30353 [JavaFX Application Thread] INFO  r.application.AdministrationService - Show train info[Train]: bleh[id] 48994e82-9164-42fb-ba99-0a895bf0df91 [Powersource] petroleum[MAXWEIGHT]:10000 [CLIMATEIMPACT]:high [0 : person [NumberOfPassengers] 10 [Weight]:20 [WagonTypeName]:ns, 1 : car [NameOfCar] audi [Weight]:50 [WagonTypeName]:dealer, 1 : car [NameOfCar] peugeot [Weight]:20 [WagonTypeName]:garage]
30366 [JavaFX Application Thread] INFO  r.application.AdministrationService - All wagons from train[Train]: bleh[id] 48994e82-9164-42fb-ba99-0a895bf0df91 [Powersource] petroleum[MAXWEIGHT]:10000 [CLIMATEIMPACT]:high [0 : person [NumberOfPassengers] 10 [Weight]:20 [WagonTypeName]:ns, 1 : car [NameOfCar] audi [Weight]:50 [WagonTypeName]:dealer, 1 : car [NameOfCar] peugeot [Weight]:20 [WagonTypeName]:garage]
33228 [JavaFX Application Thread] INFO  r.application.AdministrationService - Delete wagon
33229 [JavaFX Application Thread] INFO  r.application.AdministrationService - Trainwagons before delete [0 : person [NumberOfPassengers] 10 [Weight]:20 [WagonTypeName]:ns, 1 : car [NameOfCar] audi [Weight]:50 [WagonTypeName]:dealer, 1 : car [NameOfCar] peugeot [Weight]:20 [WagonTypeName]:garage]
33788 [JavaFX Application Thread] INFO  r.application.AdministrationService - Show train info
34044 [JavaFX Application Thread] INFO  r.application.AdministrationService - Show train info[Train]: bleh[id] 48994e82-9164-42fb-ba99-0a895bf0df91 [Powersource] petroleum[MAXWEIGHT]:10000 [CLIMATEIMPACT]:high [0 : person [NumberOfPassengers] 10 [Weight]:20 [WagonTypeName]:ns, 1 : car [NameOfCar] audi [Weight]:50 [WagonTypeName]:dealer, 0 : car [NameOfCar] peugeot [Weight]:20 [WagonTypeName]:garage]
34045 [JavaFX Application Thread] INFO  r.application.AdministrationService - All wagons from train[Train]: bleh[id] 48994e82-9164-42fb-ba99-0a895bf0df91 [Powersource] petroleum[MAXWEIGHT]:10000 [CLIMATEIMPACT]:high [0 : person [NumberOfPassengers] 10 [Weight]:20 [WagonTypeName]:ns, 1 : car [NameOfCar] audi [Weight]:50 [WagonTypeName]:dealer, 0 : car [NameOfCar] peugeot [Weight]:20 [WagonTypeName]:garage]
35943 [JavaFX Application Thread] INFO  r.application.AdministrationService - All wagon history from train[Train]: bleh[id] 48994e82-9164-42fb-ba99-0a895bf0df91 [Powersource] petroleum[MAXWEIGHT]:10000 [CLIMATEIMPACT]:high [0 : person [NumberOfPassengers] 10 [Weight]:20 [WagonTypeName]:ns, 1 : car [NameOfCar] audi [Weight]:50 [WagonTypeName]:dealer, 0 : car [NameOfCar] peugeot [Weight]:20 [WagonTypeName]:garage]
39195 [JavaFX Application Thread] INFO  r.application.AdministrationService - Show train info
39449 [JavaFX Application Thread] INFO  r.application.AdministrationService - Show train info[Train]: bleh[id] 48994e82-9164-42fb-ba99-0a895bf0df91 [Powersource] petroleum[MAXWEIGHT]:10000 [CLIMATEIMPACT]:high [0 : person [NumberOfPassengers] 10 [Weight]:20 [WagonTypeName]:ns, 1 : car [NameOfCar] audi [Weight]:50 [WagonTypeName]:dealer, 0 : car [NameOfCar] peugeot [Weight]:20 [WagonTypeName]:garage]
43262 [JavaFX Application Thread] INFO  r.application.AdministrationService - Show train info
43512 [JavaFX Application Thread] INFO  r.application.AdministrationService - Show train info[Train]: bleh[id] 48994e82-9164-42fb-ba99-0a895bf0df91 [Powersource] petroleum[MAXWEIGHT]:10000 [CLIMATEIMPACT]:high [1 : car [NameOfCar] audi [Weight]:50 [WagonTypeName]:dealer, 0 : car [NameOfCar] peugeot [Weight]:20 [WagonTypeName]:garage, 1 : person [NumberOfPassengers] 10 [Weight]:20 [WagonTypeName]:ns, 1 : person [NumberOfPassengers] 10 [Weight]:20 [WagonTypeName]:ns]
46026 [JavaFX Application Thread] INFO  r.application.AdministrationService - Show train info
46280 [JavaFX Application Thread] INFO  r.application.AdministrationService - Show train info[Train]: bleh[id] 48994e82-9164-42fb-ba99-0a895bf0df91 [Powersource] petroleum[MAXWEIGHT]:10000 [CLIMATEIMPACT]:high [1 : car [NameOfCar] audi [Weight]:50 [WagonTypeName]:dealer, 0 : car [NameOfCar] peugeot [Weight]:20 [WagonTypeName]:garage, 1 : person [NumberOfPassengers] 10 [Weight]:20 [WagonTypeName]:ns, 1 : person [NumberOfPassengers] 10 [Weight]:20 [WagonTypeName]:ns]
46281 [JavaFX Application Thread] INFO  r.application.AdministrationService - All wagons from train[Train]: bleh[id] 48994e82-9164-42fb-ba99-0a895bf0df91 [Powersource] petroleum[MAXWEIGHT]:10000 [CLIMATEIMPACT]:high [1 : car [NameOfCar] audi [Weight]:50 [WagonTypeName]:dealer, 0 : car [NameOfCar] peugeot [Weight]:20 [WagonTypeName]:garage, 1 : person [NumberOfPassengers] 10 [Weight]:20 [WagonTypeName]:ns, 1 : person [NumberOfPassengers] 10 [Weight]:20 [WagonTypeName]:ns]
51958 [JavaFX Application Thread] INFO  r.application.AdministrationService - All wagon history from train[Train]: bleh[id] 48994e82-9164-42fb-ba99-0a895bf0df91 [Powersource] petroleum[MAXWEIGHT]:10000 [CLIMATEIMPACT]:high [1 : car [NameOfCar] audi [Weight]:50 [WagonTypeName]:dealer, 0 : car [NameOfCar] peugeot [Weight]:20 [WagonTypeName]:garage, 1 : person [NumberOfPassengers] 10 [Weight]:20 [WagonTypeName]:ns, 1 : person [NumberOfPassengers] 10 [Weight]:20 [WagonTypeName]:ns]
55170 [JavaFX Application Thread] INFO  r.application.AdministrationService - Show train info
55414 [JavaFX Application Thread] INFO  r.application.AdministrationService - Show train info[Train]: bleh[id] 48994e82-9164-42fb-ba99-0a895bf0df91 [Powersource] petroleum[MAXWEIGHT]:10000 [CLIMATEIMPACT]:high [1 : car [NameOfCar] audi [Weight]:50 [WagonTypeName]:dealer, 0 : car [NameOfCar] peugeot [Weight]:20 [WagonTypeName]:garage, 1 : person [NumberOfPassengers] 10 [Weight]:20 [WagonTypeName]:ns, 1 : person [NumberOfPassengers] 10 [Weight]:20 [WagonTypeName]:ns]
55415 [JavaFX Application Thread] INFO  r.application.AdministrationService - All wagons from train[Train]: bleh[id] 48994e82-9164-42fb-ba99-0a895bf0df91 [Powersource] petroleum[MAXWEIGHT]:10000 [CLIMATEIMPACT]:high [1 : car [NameOfCar] audi [Weight]:50 [WagonTypeName]:dealer, 0 : car [NameOfCar] peugeot [Weight]:20 [WagonTypeName]:garage, 1 : person [NumberOfPassengers] 10 [Weight]:20 [WagonTypeName]:ns, 1 : person [NumberOfPassengers] 10 [Weight]:20 [WagonTypeName]:ns]
220  [JavaFX Application Thread] INFO  richrail.TrainApplication - Example log richrail.TrainApplication
1208 [JavaFX Application Thread] INFO  o.s.d.r.c.RepositoryConfigurationDelegate - Bootstrapping Spring Data JPA repositories in DEFAULT mode.
1294 [JavaFX Application Thread] INFO  o.s.d.r.c.RepositoryConfigurationDelegate - Finished Spring Data repository scanning in 78ms. Found 3 JPA repository interfaces.
1897 [JavaFX Application Thread] INFO  o.h.jpa.internal.util.LogHelper - HHH000204: Processing PersistenceUnitInfo [name: default]
1944 [JavaFX Application Thread] INFO  org.hibernate.Version - HHH000412: Hibernate ORM core version 5.4.20.Final
2079 [JavaFX Application Thread] INFO  o.h.annotations.common.Version - HCANN000001: Hibernate Commons Annotations {5.1.0.Final}
2368 [JavaFX Application Thread] INFO  com.zaxxer.hikari.HikariDataSource - HikariPool-1 - Starting...
2940 [JavaFX Application Thread] INFO  com.zaxxer.hikari.HikariDataSource - HikariPool-1 - Start completed.
2967 [JavaFX Application Thread] INFO  org.hibernate.dialect.Dialect - HHH000400: Using dialect: org.hibernate.dialect.PostgreSQL10Dialect
7277 [JavaFX Application Thread] INFO  o.h.validator.internal.util.Version - HV000001: Hibernate Validator 6.0.18.Final
8442 [JavaFX Application Thread] INFO  o.h.e.t.j.p.i.JtaPlatformInitiator - HHH000490: Using JtaPlatform implementation: [org.hibernate.engine.transaction.jta.platform.internal.NoJtaPlatform]
8448 [JavaFX Application Thread] INFO  o.s.o.j.LocalContainerEntityManagerFactoryBean - Initialized JPA EntityManagerFactory for persistence unit 'default'
13364 [JavaFX Application Thread] INFO  r.application.AdministrationService - All trains
16793 [JavaFX Application Thread] INFO  r.application.AdministrationService - Show train info
17064 [JavaFX Application Thread] INFO  r.application.AdministrationService - Show train info[Train]: test[id] e46b2be3-b235-4706-9e09-806c66876cd0 [Powersource] electric[MAXWEIGHT]:4000 [CLIMATEIMPACT]:medium [1 : cargo [NameOfGoods] mais [Weight]:20 [WagonTypeName]:boer, 0 : car [NameOfCar] audi [Weight]:50 [WagonTypeName]:dealer, 1 : car [NameOfCar] peugeot [Weight]:20 [WagonTypeName]:garage]
17074 [JavaFX Application Thread] INFO  r.application.AdministrationService - All wagons from train[Train]: test[id] e46b2be3-b235-4706-9e09-806c66876cd0 [Powersource] electric[MAXWEIGHT]:4000 [CLIMATEIMPACT]:medium [1 : cargo [NameOfGoods] mais [Weight]:20 [WagonTypeName]:boer, 0 : car [NameOfCar] audi [Weight]:50 [WagonTypeName]:dealer, 1 : car [NameOfCar] peugeot [Weight]:20 [WagonTypeName]:garage]
20774 [JavaFX Application Thread] INFO  r.application.AdministrationService - All wagon history from train[Train]: test[id] e46b2be3-b235-4706-9e09-806c66876cd0 [Powersource] electric[MAXWEIGHT]:4000 [CLIMATEIMPACT]:medium [1 : cargo [NameOfGoods] mais [Weight]:20 [WagonTypeName]:boer, 0 : car [NameOfCar] audi [Weight]:50 [WagonTypeName]:dealer, 1 : car [NameOfCar] peugeot [Weight]:20 [WagonTypeName]:garage]
23457 [JavaFX Application Thread] INFO  r.application.AdministrationService - Show train info
23712 [JavaFX Application Thread] INFO  r.application.AdministrationService - Show train info[Train]: test[id] e46b2be3-b235-4706-9e09-806c66876cd0 [Powersource] electric[MAXWEIGHT]:4000 [CLIMATEIMPACT]:medium [1 : cargo [NameOfGoods] mais [Weight]:20 [WagonTypeName]:boer, 0 : car [NameOfCar] audi [Weight]:50 [WagonTypeName]:dealer, 1 : car [NameOfCar] peugeot [Weight]:20 [WagonTypeName]:garage]
30263 [JavaFX Application Thread] INFO  r.application.AdministrationService - Show train info
30518 [JavaFX Application Thread] INFO  r.application.AdministrationService - Show train info[Train]: test[id] e46b2be3-b235-4706-9e09-806c66876cd0 [Powersource] electric[MAXWEIGHT]:4000 [CLIMATEIMPACT]:medium [1 : cargo [NameOfGoods] mais [Weight]:20 [WagonTypeName]:boer, 0 : car [NameOfCar] audi [Weight]:50 [WagonTypeName]:dealer, 1 : car [NameOfCar] peugeot [Weight]:20 [WagonTypeName]:garage, 1 : car [NameOfCar] audi [Weight]:50 [WagonTypeName]:dealer]
33627 [JavaFX Application Thread] INFO  r.application.AdministrationService - Show train info
33881 [JavaFX Application Thread] INFO  r.application.AdministrationService - Show train info[Train]: test[id] e46b2be3-b235-4706-9e09-806c66876cd0 [Powersource] electric[MAXWEIGHT]:4000 [CLIMATEIMPACT]:medium [1 : cargo [NameOfGoods] mais [Weight]:20 [WagonTypeName]:boer, 0 : car [NameOfCar] audi [Weight]:50 [WagonTypeName]:dealer, 1 : car [NameOfCar] peugeot [Weight]:20 [WagonTypeName]:garage, 1 : car [NameOfCar] audi [Weight]:50 [WagonTypeName]:dealer]
33882 [JavaFX Application Thread] INFO  r.application.AdministrationService - All wagons from train[Train]: test[id] e46b2be3-b235-4706-9e09-806c66876cd0 [Powersource] electric[MAXWEIGHT]:4000 [CLIMATEIMPACT]:medium [1 : cargo [NameOfGoods] mais [Weight]:20 [WagonTypeName]:boer, 0 : car [NameOfCar] audi [Weight]:50 [WagonTypeName]:dealer, 1 : car [NameOfCar] peugeot [Weight]:20 [WagonTypeName]:garage, 1 : car [NameOfCar] audi [Weight]:50 [WagonTypeName]:dealer]
40162 [JavaFX Application Thread] INFO  r.application.AdministrationService - All wagon history from train[Train]: test[id] e46b2be3-b235-4706-9e09-806c66876cd0 [Powersource] electric[MAXWEIGHT]:4000 [CLIMATEIMPACT]:medium [1 : cargo [NameOfGoods] mais [Weight]:20 [WagonTypeName]:boer, 0 : car [NameOfCar] audi [Weight]:50 [WagonTypeName]:dealer, 1 : car [NameOfCar] peugeot [Weight]:20 [WagonTypeName]:garage, 1 : car [NameOfCar] audi [Weight]:50 [WagonTypeName]:dealer]
48285 [JavaFX Application Thread] INFO  r.application.AdministrationService - Show train info
48531 [JavaFX Application Thread] INFO  r.application.AdministrationService - Show train info[Train]: test[id] e46b2be3-b235-4706-9e09-806c66876cd0 [Powersource] electric[MAXWEIGHT]:4000 [CLIMATEIMPACT]:medium [1 : cargo [NameOfGoods] mais [Weight]:20 [WagonTypeName]:boer, 0 : car [NameOfCar] audi [Weight]:50 [WagonTypeName]:dealer, 1 : car [NameOfCar] peugeot [Weight]:20 [WagonTypeName]:garage, 1 : car [NameOfCar] audi [Weight]:50 [WagonTypeName]:dealer]
48532 [JavaFX Application Thread] INFO  r.application.AdministrationService - All wagons from train[Train]: test[id] e46b2be3-b235-4706-9e09-806c66876cd0 [Powersource] electric[MAXWEIGHT]:4000 [CLIMATEIMPACT]:medium [1 : cargo [NameOfGoods] mais [Weight]:20 [WagonTypeName]:boer, 0 : car [NameOfCar] audi [Weight]:50 [WagonTypeName]:dealer, 1 : car [NameOfCar] peugeot [Weight]:20 [WagonTypeName]:garage, 1 : car [NameOfCar] audi [Weight]:50 [WagonTypeName]:dealer]
50963 [JavaFX Application Thread] INFO  r.application.AdministrationService - Delete wagon
50964 [JavaFX Application Thread] INFO  r.application.AdministrationService - Trainwagons before delete [1 : cargo [NameOfGoods] mais [Weight]:20 [WagonTypeName]:boer, 0 : car [NameOfCar] audi [Weight]:50 [WagonTypeName]:dealer, 1 : car [NameOfCar] peugeot [Weight]:20 [WagonTypeName]:garage, 1 : car [NameOfCar] audi [Weight]:50 [WagonTypeName]:dealer]
51515 [JavaFX Application Thread] INFO  r.application.AdministrationService - Show train info
51764 [JavaFX Application Thread] INFO  r.application.AdministrationService - Show train info[Train]: test[id] e46b2be3-b235-4706-9e09-806c66876cd0 [Powersource] electric[MAXWEIGHT]:4000 [CLIMATEIMPACT]:medium [1 : cargo [NameOfGoods] mais [Weight]:20 [WagonTypeName]:boer, 0 : car [NameOfCar] audi [Weight]:50 [WagonTypeName]:dealer, 1 : car [NameOfCar] peugeot [Weight]:20 [WagonTypeName]:garage, 0 : car [NameOfCar] audi [Weight]:50 [WagonTypeName]:dealer]
51764 [JavaFX Application Thread] INFO  r.application.AdministrationService - All wagons from train[Train]: test[id] e46b2be3-b235-4706-9e09-806c66876cd0 [Powersource] electric[MAXWEIGHT]:4000 [CLIMATEIMPACT]:medium [1 : cargo [NameOfGoods] mais [Weight]:20 [WagonTypeName]:boer, 0 : car [NameOfCar] audi [Weight]:50 [WagonTypeName]:dealer, 1 : car [NameOfCar] peugeot [Weight]:20 [WagonTypeName]:garage, 0 : car [NameOfCar] audi [Weight]:50 [WagonTypeName]:dealer]
53191 [JavaFX Application Thread] INFO  r.application.AdministrationService - All wagon history from train[Train]: test[id] e46b2be3-b235-4706-9e09-806c66876cd0 [Powersource] electric[MAXWEIGHT]:4000 [CLIMATEIMPACT]:medium [1 : cargo [NameOfGoods] mais [Weight]:20 [WagonTypeName]:boer, 0 : car [NameOfCar] audi [Weight]:50 [WagonTypeName]:dealer, 1 : car [NameOfCar] peugeot [Weight]:20 [WagonTypeName]:garage, 0 : car [NameOfCar] audi [Weight]:50 [WagonTypeName]:dealer]
254  [JavaFX Application Thread] INFO  richrail.TrainApplication - Example log richrail.TrainApplication
1259 [JavaFX Application Thread] INFO  o.s.d.r.c.RepositoryConfigurationDelegate - Bootstrapping Spring Data JPA repositories in DEFAULT mode.
1362 [JavaFX Application Thread] INFO  o.s.d.r.c.RepositoryConfigurationDelegate - Finished Spring Data repository scanning in 95ms. Found 3 JPA repository interfaces.
1961 [JavaFX Application Thread] INFO  o.h.jpa.internal.util.LogHelper - HHH000204: Processing PersistenceUnitInfo [name: default]
2014 [JavaFX Application Thread] INFO  org.hibernate.Version - HHH000412: Hibernate ORM core version 5.4.20.Final
2139 [JavaFX Application Thread] INFO  o.h.annotations.common.Version - HCANN000001: Hibernate Commons Annotations {5.1.0.Final}
2439 [JavaFX Application Thread] INFO  com.zaxxer.hikari.HikariDataSource - HikariPool-1 - Starting...
2985 [JavaFX Application Thread] INFO  com.zaxxer.hikari.HikariDataSource - HikariPool-1 - Start completed.
3015 [JavaFX Application Thread] INFO  org.hibernate.dialect.Dialect - HHH000400: Using dialect: org.hibernate.dialect.PostgreSQL10Dialect
7691 [JavaFX Application Thread] INFO  o.h.validator.internal.util.Version - HV000001: Hibernate Validator 6.0.18.Final
8859 [JavaFX Application Thread] INFO  o.h.e.t.j.p.i.JtaPlatformInitiator - HHH000490: Using JtaPlatform implementation: [org.hibernate.engine.transaction.jta.platform.internal.NoJtaPlatform]
8866 [JavaFX Application Thread] INFO  o.s.o.j.LocalContainerEntityManagerFactoryBean - Initialized JPA EntityManagerFactory for persistence unit 'default'
13597 [JavaFX Application Thread] INFO  r.application.AdministrationService - All trains
17658 [JavaFX Application Thread] INFO  r.application.AdministrationService - Show train info
17724 [JavaFX Application Thread] INFO  r.application.AdministrationService - Show train info[Train]: testLog[id] a146e450-d827-4caf-9683-fe124e450941 [Powersource] electric[MAXWEIGHT]:4000 [CLIMATEIMPACT]:medium []
17735 [JavaFX Application Thread] INFO  r.application.AdministrationService - All wagons from train[Train]: testLog[id] a146e450-d827-4caf-9683-fe124e450941 [Powersource] electric[MAXWEIGHT]:4000 [CLIMATEIMPACT]:medium []
19376 [JavaFX Application Thread] INFO  r.application.AdministrationService - All wagon history from train[Train]: testLog[id] a146e450-d827-4caf-9683-fe124e450941 [Powersource] electric[MAXWEIGHT]:4000 [CLIMATEIMPACT]:medium []
21097 [JavaFX Application Thread] INFO  r.application.AdministrationService - Show train info
21160 [JavaFX Application Thread] INFO  r.application.AdministrationService - Show train info[Train]: testLog[id] a146e450-d827-4caf-9683-fe124e450941 [Powersource] electric[MAXWEIGHT]:4000 [CLIMATEIMPACT]:medium []
24856 [JavaFX Application Thread] INFO  r.application.AdministrationService - Show train info
25168 [JavaFX Application Thread] INFO  r.application.AdministrationService - Show train info[Train]: testLog[id] a146e450-d827-4caf-9683-fe124e450941 [Powersource] electric[MAXWEIGHT]:4000 [CLIMATEIMPACT]:medium [1 : car [NameOfCar] peugeot [Weight]:20 [WagonTypeName]:garage]
27044 [JavaFX Application Thread] INFO  r.application.AdministrationService - Show train info
27380 [JavaFX Application Thread] INFO  r.application.AdministrationService - Show train info[Train]: testLog[id] a146e450-d827-4caf-9683-fe124e450941 [Powersource] electric[MAXWEIGHT]:4000 [CLIMATEIMPACT]:medium [1 : car [NameOfCar] peugeot [Weight]:20 [WagonTypeName]:garage]
27381 [JavaFX Application Thread] INFO  r.application.AdministrationService - All wagons from train[Train]: testLog[id] a146e450-d827-4caf-9683-fe124e450941 [Powersource] electric[MAXWEIGHT]:4000 [CLIMATEIMPACT]:medium [1 : car [NameOfCar] peugeot [Weight]:20 [WagonTypeName]:garage]
28768 [JavaFX Application Thread] INFO  r.application.AdministrationService - All wagon history from train[Train]: testLog[id] a146e450-d827-4caf-9683-fe124e450941 [Powersource] electric[MAXWEIGHT]:4000 [CLIMATEIMPACT]:medium [1 : car [NameOfCar] peugeot [Weight]:20 [WagonTypeName]:garage]
31246 [JavaFX Application Thread] INFO  r.application.AdministrationService - Show train info
31539 [JavaFX Application Thread] INFO  r.application.AdministrationService - Show train info[Train]: testLog[id] a146e450-d827-4caf-9683-fe124e450941 [Powersource] electric[MAXWEIGHT]:4000 [CLIMATEIMPACT]:medium [1 : car [NameOfCar] peugeot [Weight]:20 [WagonTypeName]:garage]
31540 [JavaFX Application Thread] INFO  r.application.AdministrationService - All wagons from train[Train]: testLog[id] a146e450-d827-4caf-9683-fe124e450941 [Powersource] electric[MAXWEIGHT]:4000 [CLIMATEIMPACT]:medium [1 : car [NameOfCar] peugeot [Weight]:20 [WagonTypeName]:garage]
33238 [JavaFX Application Thread] INFO  r.application.AdministrationService - Delete wagon
33239 [JavaFX Application Thread] INFO  r.application.AdministrationService - Trainwagons before delete [1 : car [NameOfCar] peugeot [Weight]:20 [WagonTypeName]:garage]
33898 [JavaFX Application Thread] INFO  r.application.AdministrationService - Show train info
34195 [JavaFX Application Thread] INFO  r.application.AdministrationService - Show train info[Train]: testLog[id] a146e450-d827-4caf-9683-fe124e450941 [Powersource] electric[MAXWEIGHT]:4000 [CLIMATEIMPACT]:medium [0 : car [NameOfCar] peugeot [Weight]:20 [WagonTypeName]:garage]
34196 [JavaFX Application Thread] INFO  r.application.AdministrationService - All wagons from train[Train]: testLog[id] a146e450-d827-4caf-9683-fe124e450941 [Powersource] electric[MAXWEIGHT]:4000 [CLIMATEIMPACT]:medium [0 : car [NameOfCar] peugeot [Weight]:20 [WagonTypeName]:garage]
35468 [JavaFX Application Thread] INFO  r.application.AdministrationService - All wagon history from train[Train]: testLog[id] a146e450-d827-4caf-9683-fe124e450941 [Powersource] electric[MAXWEIGHT]:4000 [CLIMATEIMPACT]:medium [0 : car [NameOfCar] peugeot [Weight]:20 [WagonTypeName]:garage]
38513 [JavaFX Application Thread] INFO  r.application.AdministrationService - Show train info
38808 [JavaFX Application Thread] INFO  r.application.AdministrationService - Show train info[Train]: testLog[id] a146e450-d827-4caf-9683-fe124e450941 [Powersource] electric[MAXWEIGHT]:4000 [CLIMATEIMPACT]:medium [0 : car [NameOfCar] peugeot [Weight]:20 [WagonTypeName]:garage]
43072 [JavaFX Application Thread] INFO  r.application.AdministrationService - Show train info
43362 [JavaFX Application Thread] INFO  r.application.AdministrationService - Show train info[Train]: testLog[id] a146e450-d827-4caf-9683-fe124e450941 [Powersource] electric[MAXWEIGHT]:4000 [CLIMATEIMPACT]:medium [0 : car [NameOfCar] peugeot [Weight]:20 [WagonTypeName]:garage, 1 : cargo [NameOfGoods] mais [Weight]:20 [WagonTypeName]:boer]
45213 [JavaFX Application Thread] INFO  r.application.AdministrationService - Show train info
45502 [JavaFX Application Thread] INFO  r.application.AdministrationService - Show train info[Train]: testLog[id] a146e450-d827-4caf-9683-fe124e450941 [Powersource] electric[MAXWEIGHT]:4000 [CLIMATEIMPACT]:medium [0 : car [NameOfCar] peugeot [Weight]:20 [WagonTypeName]:garage, 1 : cargo [NameOfGoods] mais [Weight]:20 [WagonTypeName]:boer]
45503 [JavaFX Application Thread] INFO  r.application.AdministrationService - All wagons from train[Train]: testLog[id] a146e450-d827-4caf-9683-fe124e450941 [Powersource] electric[MAXWEIGHT]:4000 [CLIMATEIMPACT]:medium [0 : car [NameOfCar] peugeot [Weight]:20 [WagonTypeName]:garage, 1 : cargo [NameOfGoods] mais [Weight]:20 [WagonTypeName]:boer]
47420 [JavaFX Application Thread] INFO  r.application.AdministrationService - All wagon history from train[Train]: testLog[id] a146e450-d827-4caf-9683-fe124e450941 [Powersource] electric[MAXWEIGHT]:4000 [CLIMATEIMPACT]:medium [0 : car [NameOfCar] peugeot [Weight]:20 [WagonTypeName]:garage, 1 : cargo [NameOfGoods] mais [Weight]:20 [WagonTypeName]:boer]
50509 [JavaFX Application Thread] INFO  r.application.AdministrationService - Show train info
50812 [JavaFX Application Thread] INFO  r.application.AdministrationService - Show train info[Train]: testLog[id] a146e450-d827-4caf-9683-fe124e450941 [Powersource] electric[MAXWEIGHT]:4000 [CLIMATEIMPACT]:medium [0 : car [NameOfCar] peugeot [Weight]:20 [WagonTypeName]:garage, 1 : cargo [NameOfGoods] mais [Weight]:20 [WagonTypeName]:boer]
57674 [JavaFX Application Thread] INFO  r.application.AdministrationService - Show train info
57983 [JavaFX Application Thread] INFO  r.application.AdministrationService - Show train info[Train]: testLog[id] a146e450-d827-4caf-9683-fe124e450941 [Powersource] electric[MAXWEIGHT]:4000 [CLIMATEIMPACT]:medium [0 : car [NameOfCar] peugeot [Weight]:20 [WagonTypeName]:garage, 1 : cargo [NameOfGoods] mais [Weight]:20 [WagonTypeName]:boer, 0 : car [NameOfCar] peugeot [Weight]:20 [WagonTypeName]:garage]
60117 [JavaFX Application Thread] INFO  r.application.AdministrationService - Show train info
60400 [JavaFX Application Thread] INFO  r.application.AdministrationService - Show train info[Train]: testLog[id] a146e450-d827-4caf-9683-fe124e450941 [Powersource] electric[MAXWEIGHT]:4000 [CLIMATEIMPACT]:medium [0 : car [NameOfCar] peugeot [Weight]:20 [WagonTypeName]:garage, 1 : cargo [NameOfGoods] mais [Weight]:20 [WagonTypeName]:boer, 0 : car [NameOfCar] peugeot [Weight]:20 [WagonTypeName]:garage]
60401 [JavaFX Application Thread] INFO  r.application.AdministrationService - All wagons from train[Train]: testLog[id] a146e450-d827-4caf-9683-fe124e450941 [Powersource] electric[MAXWEIGHT]:4000 [CLIMATEIMPACT]:medium [0 : car [NameOfCar] peugeot [Weight]:20 [WagonTypeName]:garage, 1 : cargo [NameOfGoods] mais [Weight]:20 [WagonTypeName]:boer, 0 : car [NameOfCar] peugeot [Weight]:20 [WagonTypeName]:garage]
63198 [JavaFX Application Thread] INFO  r.application.AdministrationService - All wagon history from train[Train]: testLog[id] a146e450-d827-4caf-9683-fe124e450941 [Powersource] electric[MAXWEIGHT]:4000 [CLIMATEIMPACT]:medium [0 : car [NameOfCar] peugeot [Weight]:20 [WagonTypeName]:garage, 1 : cargo [NameOfGoods] mais [Weight]:20 [WagonTypeName]:boer, 0 : car [NameOfCar] peugeot [Weight]:20 [WagonTypeName]:garage]
218  [JavaFX Application Thread] INFO  richrail.TrainApplication - Example log richrail.TrainApplication
1340 [JavaFX Application Thread] INFO  o.s.d.r.c.RepositoryConfigurationDelegate - Bootstrapping Spring Data JPA repositories in DEFAULT mode.
1444 [JavaFX Application Thread] INFO  o.s.d.r.c.RepositoryConfigurationDelegate - Finished Spring Data repository scanning in 95ms. Found 3 JPA repository interfaces.
2117 [JavaFX Application Thread] INFO  o.h.jpa.internal.util.LogHelper - HHH000204: Processing PersistenceUnitInfo [name: default]
2164 [JavaFX Application Thread] INFO  org.hibernate.Version - HHH000412: Hibernate ORM core version 5.4.20.Final
2323 [JavaFX Application Thread] INFO  o.h.annotations.common.Version - HCANN000001: Hibernate Commons Annotations {5.1.0.Final}
2623 [JavaFX Application Thread] INFO  com.zaxxer.hikari.HikariDataSource - HikariPool-1 - Starting...
3203 [JavaFX Application Thread] INFO  com.zaxxer.hikari.HikariDataSource - HikariPool-1 - Start completed.
3230 [JavaFX Application Thread] INFO  org.hibernate.dialect.Dialect - HHH000400: Using dialect: org.hibernate.dialect.PostgreSQL10Dialect
7439 [JavaFX Application Thread] INFO  o.h.validator.internal.util.Version - HV000001: Hibernate Validator 6.0.18.Final
8584 [JavaFX Application Thread] INFO  o.h.e.t.j.p.i.JtaPlatformInitiator - HHH000490: Using JtaPlatform implementation: [org.hibernate.engine.transaction.jta.platform.internal.NoJtaPlatform]
8591 [JavaFX Application Thread] INFO  o.s.o.j.LocalContainerEntityManagerFactoryBean - Initialized JPA EntityManagerFactory for persistence unit 'default'
40905 [JavaFX Application Thread] INFO  r.application.AdministrationService - All trains
50470 [JavaFX Application Thread] INFO  r.application.AdministrationService - Show train info
50533 [JavaFX Application Thread] INFO  r.application.AdministrationService - Show train info[Train]: seaofthieves[id] 415d15b8-3752-4f60-9af6-c8ae8311dd9e [Powersource] petroleum[MAXWEIGHT]:10000 [CLIMATEIMPACT]:high []
50543 [JavaFX Application Thread] INFO  r.application.AdministrationService - All wagons from train[Train]: seaofthieves[id] 415d15b8-3752-4f60-9af6-c8ae8311dd9e [Powersource] petroleum[MAXWEIGHT]:10000 [CLIMATEIMPACT]:high []
57827 [JavaFX Application Thread] INFO  r.application.AdministrationService - Show train info
57889 [JavaFX Application Thread] INFO  r.application.AdministrationService - Show train info[Train]: seaofthieves[id] 415d15b8-3752-4f60-9af6-c8ae8311dd9e [Powersource] petroleum[MAXWEIGHT]:10000 [CLIMATEIMPACT]:high []
70198 [JavaFX Application Thread] INFO  r.application.AdministrationService - Show train info
70518 [JavaFX Application Thread] INFO  r.application.AdministrationService - Show train info[Train]: seaofthieves[id] 415d15b8-3752-4f60-9af6-c8ae8311dd9e [Powersource] petroleum[MAXWEIGHT]:10000 [CLIMATEIMPACT]:high [1 : car [NameOfCar] audi [Weight]:50 [WagonTypeName]:dealer]
74699 [JavaFX Application Thread] INFO  r.application.AdministrationService - Show train info
75014 [JavaFX Application Thread] INFO  r.application.AdministrationService - Show train info[Train]: seaofthieves[id] 415d15b8-3752-4f60-9af6-c8ae8311dd9e [Powersource] petroleum[MAXWEIGHT]:10000 [CLIMATEIMPACT]:high [1 : car [NameOfCar] audi [Weight]:50 [WagonTypeName]:dealer]
75015 [JavaFX Application Thread] INFO  r.application.AdministrationService - All wagons from train[Train]: seaofthieves[id] 415d15b8-3752-4f60-9af6-c8ae8311dd9e [Powersource] petroleum[MAXWEIGHT]:10000 [CLIMATEIMPACT]:high [1 : car [NameOfCar] audi [Weight]:50 [WagonTypeName]:dealer]
80364 [JavaFX Application Thread] INFO  r.application.AdministrationService - Show train info
80664 [JavaFX Application Thread] INFO  r.application.AdministrationService - Show train info[Train]: seaofthieves[id] 415d15b8-3752-4f60-9af6-c8ae8311dd9e [Powersource] petroleum[MAXWEIGHT]:10000 [CLIMATEIMPACT]:high [1 : car [NameOfCar] audi [Weight]:50 [WagonTypeName]:dealer]
94888 [JavaFX Application Thread] INFO  r.application.AdministrationService - Show train info
95192 [JavaFX Application Thread] INFO  r.application.AdministrationService - Show train info[Train]: seaofthieves[id] 415d15b8-3752-4f60-9af6-c8ae8311dd9e [Powersource] petroleum[MAXWEIGHT]:10000 [CLIMATEIMPACT]:high [2 : car [NameOfCar] audi [Weight]:50 [WagonTypeName]:dealer]
97228 [JavaFX Application Thread] INFO  r.application.AdministrationService - Show train info
97526 [JavaFX Application Thread] INFO  r.application.AdministrationService - Show train info[Train]: seaofthieves[id] 415d15b8-3752-4f60-9af6-c8ae8311dd9e [Powersource] petroleum[MAXWEIGHT]:10000 [CLIMATEIMPACT]:high [2 : car [NameOfCar] audi [Weight]:50 [WagonTypeName]:dealer]
120922 [JavaFX Application Thread] INFO  r.application.AdministrationService - Show train info
121240 [JavaFX Application Thread] INFO  r.application.AdministrationService - Show train info[Train]: seaofthieves[id] 415d15b8-3752-4f60-9af6-c8ae8311dd9e [Powersource] petroleum[MAXWEIGHT]:10000 [CLIMATEIMPACT]:high [2 : car [NameOfCar] audi [Weight]:50 [WagonTypeName]:dealer]
149863 [JavaFX Application Thread] INFO  r.application.AdministrationService - Show train info
150177 [JavaFX Application Thread] INFO  r.application.AdministrationService - Show train info[Train]: seaofthieves[id] 415d15b8-3752-4f60-9af6-c8ae8311dd9e [Powersource] petroleum[MAXWEIGHT]:10000 [CLIMATEIMPACT]:high [2 : car [NameOfCar] audi [Weight]:50 [WagonTypeName]:dealer]
177298 [JavaFX Application Thread] INFO  r.application.AdministrationService - Show train info
177629 [JavaFX Application Thread] INFO  r.application.AdministrationService - Show train info[Train]: seaofthieves[id] 415d15b8-3752-4f60-9af6-c8ae8311dd9e [Powersource] petroleum[MAXWEIGHT]:10000 [CLIMATEIMPACT]:high [2 : car [NameOfCar] audi [Weight]:50 [WagonTypeName]:dealer]
177629 [JavaFX Application Thread] INFO  r.application.AdministrationService - All wagons from train[Train]: seaofthieves[id] 415d15b8-3752-4f60-9af6-c8ae8311dd9e [Powersource] petroleum[MAXWEIGHT]:10000 [CLIMATEIMPACT]:high [2 : car [NameOfCar] audi [Weight]:50 [WagonTypeName]:dealer]
178625 [JavaFX Application Thread] INFO  r.application.AdministrationService - Show train info
178929 [JavaFX Application Thread] INFO  r.application.AdministrationService - Show train info[Train]: seaofthieves[id] 415d15b8-3752-4f60-9af6-c8ae8311dd9e [Powersource] petroleum[MAXWEIGHT]:10000 [CLIMATEIMPACT]:high [2 : car [NameOfCar] audi [Weight]:50 [WagonTypeName]:dealer]
191491 [JavaFX Application Thread] INFO  r.application.AdministrationService - Show train info
191797 [JavaFX Application Thread] INFO  r.application.AdministrationService - Show train info[Train]: seaofthieves[id] 415d15b8-3752-4f60-9af6-c8ae8311dd9e [Powersource] petroleum[MAXWEIGHT]:10000 [CLIMATEIMPACT]:high [2 : car [NameOfCar] audi [Weight]:50 [WagonTypeName]:dealer]
223  [JavaFX Application Thread] INFO  richrail.TrainApplication - Example log richrail.TrainApplication
1210 [JavaFX Application Thread] INFO  o.s.d.r.c.RepositoryConfigurationDelegate - Bootstrapping Spring Data JPA repositories in DEFAULT mode.
1296 [JavaFX Application Thread] INFO  o.s.d.r.c.RepositoryConfigurationDelegate - Finished Spring Data repository scanning in 77ms. Found 3 JPA repository interfaces.
1916 [JavaFX Application Thread] INFO  o.h.jpa.internal.util.LogHelper - HHH000204: Processing PersistenceUnitInfo [name: default]
1966 [JavaFX Application Thread] INFO  org.hibernate.Version - HHH000412: Hibernate ORM core version 5.4.20.Final
2091 [JavaFX Application Thread] INFO  o.h.annotations.common.Version - HCANN000001: Hibernate Commons Annotations {5.1.0.Final}
2390 [JavaFX Application Thread] INFO  com.zaxxer.hikari.HikariDataSource - HikariPool-1 - Starting...
2934 [JavaFX Application Thread] INFO  com.zaxxer.hikari.HikariDataSource - HikariPool-1 - Start completed.
2961 [JavaFX Application Thread] INFO  org.hibernate.dialect.Dialect - HHH000400: Using dialect: org.hibernate.dialect.PostgreSQL10Dialect
7403 [JavaFX Application Thread] INFO  o.h.validator.internal.util.Version - HV000001: Hibernate Validator 6.0.18.Final
8560 [JavaFX Application Thread] INFO  o.h.e.t.j.p.i.JtaPlatformInitiator - HHH000490: Using JtaPlatform implementation: [org.hibernate.engine.transaction.jta.platform.internal.NoJtaPlatform]
8567 [JavaFX Application Thread] INFO  o.s.o.j.LocalContainerEntityManagerFactoryBean - Initialized JPA EntityManagerFactory for persistence unit 'default'
15496 [JavaFX Application Thread] INFO  r.application.AdministrationService - All trains
19944 [JavaFX Application Thread] INFO  r.application.AdministrationService - Show train info
20273 [JavaFX Application Thread] INFO  r.application.AdministrationService - Show train info[Train]: seaofthieves[id] 415d15b8-3752-4f60-9af6-c8ae8311dd9e [Powersource] petroleum[MAXWEIGHT]:10000 [CLIMATEIMPACT]:high [2 : car [NameOfCar] audi [Weight]:50 [WagonTypeName]:dealer]
20283 [JavaFX Application Thread] INFO  r.application.AdministrationService - All wagons from train[Train]: seaofthieves[id] 415d15b8-3752-4f60-9af6-c8ae8311dd9e [Powersource] petroleum[MAXWEIGHT]:10000 [CLIMATEIMPACT]:high [2 : car [NameOfCar] audi [Weight]:50 [WagonTypeName]:dealer]
22689 [JavaFX Application Thread] INFO  r.application.AdministrationService - Show train info
23009 [JavaFX Application Thread] INFO  r.application.AdministrationService - Show train info[Train]: seaofthieves[id] 415d15b8-3752-4f60-9af6-c8ae8311dd9e [Powersource] petroleum[MAXWEIGHT]:10000 [CLIMATEIMPACT]:high [2 : car [NameOfCar] audi [Weight]:50 [WagonTypeName]:dealer]
27415 [JavaFX Application Thread] INFO  r.application.AdministrationService - Show train info
27738 [JavaFX Application Thread] INFO  r.application.AdministrationService - Show train info[Train]: seaofthieves[id] 415d15b8-3752-4f60-9af6-c8ae8311dd9e [Powersource] petroleum[MAXWEIGHT]:10000 [CLIMATEIMPACT]:high [2 : car [NameOfCar] audi [Weight]:50 [WagonTypeName]:dealer]
27739 [JavaFX Application Thread] INFO  r.application.AdministrationService - All wagons from train[Train]: seaofthieves[id] 415d15b8-3752-4f60-9af6-c8ae8311dd9e [Powersource] petroleum[MAXWEIGHT]:10000 [CLIMATEIMPACT]:high [2 : car [NameOfCar] audi [Weight]:50 [WagonTypeName]:dealer]
28679 [JavaFX Application Thread] INFO  r.application.AdministrationService - Show train info
28996 [JavaFX Application Thread] INFO  r.application.AdministrationService - Show train info[Train]: seaofthieves[id] 415d15b8-3752-4f60-9af6-c8ae8311dd9e [Powersource] petroleum[MAXWEIGHT]:10000 [CLIMATEIMPACT]:high [2 : car [NameOfCar] audi [Weight]:50 [WagonTypeName]:dealer]
224  [JavaFX Application Thread] INFO  richrail.TrainApplication - Example log richrail.TrainApplication
1210 [JavaFX Application Thread] INFO  o.s.d.r.c.RepositoryConfigurationDelegate - Bootstrapping Spring Data JPA repositories in DEFAULT mode.
1294 [JavaFX Application Thread] INFO  o.s.d.r.c.RepositoryConfigurationDelegate - Finished Spring Data repository scanning in 77ms. Found 3 JPA repository interfaces.
1914 [JavaFX Application Thread] INFO  o.h.jpa.internal.util.LogHelper - HHH000204: Processing PersistenceUnitInfo [name: default]
1963 [JavaFX Application Thread] INFO  org.hibernate.Version - HHH000412: Hibernate ORM core version 5.4.20.Final
2088 [JavaFX Application Thread] INFO  o.h.annotations.common.Version - HCANN000001: Hibernate Commons Annotations {5.1.0.Final}
2379 [JavaFX Application Thread] INFO  com.zaxxer.hikari.HikariDataSource - HikariPool-1 - Starting...
2923 [JavaFX Application Thread] INFO  com.zaxxer.hikari.HikariDataSource - HikariPool-1 - Start completed.
2950 [JavaFX Application Thread] INFO  org.hibernate.dialect.Dialect - HHH000400: Using dialect: org.hibernate.dialect.PostgreSQL10Dialect
7338 [JavaFX Application Thread] INFO  o.h.validator.internal.util.Version - HV000001: Hibernate Validator 6.0.18.Final
8440 [JavaFX Application Thread] INFO  o.h.e.t.j.p.i.JtaPlatformInitiator - HHH000490: Using JtaPlatform implementation: [org.hibernate.engine.transaction.jta.platform.internal.NoJtaPlatform]
8446 [JavaFX Application Thread] INFO  o.s.o.j.LocalContainerEntityManagerFactoryBean - Initialized JPA EntityManagerFactory for persistence unit 'default'
13463 [JavaFX Application Thread] INFO  r.application.AdministrationService - All trains
18641 [JavaFX Application Thread] INFO  r.application.AdministrationService - Show train info
18975 [JavaFX Application Thread] INFO  r.application.AdministrationService - Show train info[Train]: bleh[id] 48994e82-9164-42fb-ba99-0a895bf0df91 [Powersource] petroleum[MAXWEIGHT]:10000 [CLIMATEIMPACT]:high [1 : car [NameOfCar] audi [Weight]:50 [WagonTypeName]:dealer, 0 : car [NameOfCar] peugeot [Weight]:20 [WagonTypeName]:garage, 1 : person [NumberOfPassengers] 10 [Weight]:20 [WagonTypeName]:ns, 1 : person [NumberOfPassengers] 10 [Weight]:20 [WagonTypeName]:ns]
18986 [JavaFX Application Thread] INFO  r.application.AdministrationService - All wagons from train[Train]: bleh[id] 48994e82-9164-42fb-ba99-0a895bf0df91 [Powersource] petroleum[MAXWEIGHT]:10000 [CLIMATEIMPACT]:high [1 : car [NameOfCar] audi [Weight]:50 [WagonTypeName]:dealer, 0 : car [NameOfCar] peugeot [Weight]:20 [WagonTypeName]:garage, 1 : person [NumberOfPassengers] 10 [Weight]:20 [WagonTypeName]:ns, 1 : person [NumberOfPassengers] 10 [Weight]:20 [WagonTypeName]:ns]
23782 [JavaFX Application Thread] INFO  r.application.AdministrationService - Show train info
24106 [JavaFX Application Thread] INFO  r.application.AdministrationService - Show train info[Train]: bleh[id] 48994e82-9164-42fb-ba99-0a895bf0df91 [Powersource] petroleum[MAXWEIGHT]:10000 [CLIMATEIMPACT]:high [1 : car [NameOfCar] audi [Weight]:50 [WagonTypeName]:dealer, 0 : car [NameOfCar] peugeot [Weight]:20 [WagonTypeName]:garage, 1 : person [NumberOfPassengers] 10 [Weight]:20 [WagonTypeName]:ns, 1 : person [NumberOfPassengers] 10 [Weight]:20 [WagonTypeName]:ns]
211  [JavaFX Application Thread] INFO  richrail.TrainApplication - Example log richrail.TrainApplication
1251 [JavaFX Application Thread] INFO  o.s.d.r.c.RepositoryConfigurationDelegate - Bootstrapping Spring Data JPA repositories in DEFAULT mode.
1345 [JavaFX Application Thread] INFO  o.s.d.r.c.RepositoryConfigurationDelegate - Finished Spring Data repository scanning in 84ms. Found 3 JPA repository interfaces.
2052 [JavaFX Application Thread] INFO  o.h.jpa.internal.util.LogHelper - HHH000204: Processing PersistenceUnitInfo [name: default]
2115 [JavaFX Application Thread] INFO  org.hibernate.Version - HHH000412: Hibernate ORM core version 5.4.20.Final
2258 [JavaFX Application Thread] INFO  o.h.annotations.common.Version - HCANN000001: Hibernate Commons Annotations {5.1.0.Final}
2569 [JavaFX Application Thread] INFO  com.zaxxer.hikari.HikariDataSource - HikariPool-1 - Starting...
3102 [JavaFX Application Thread] INFO  com.zaxxer.hikari.HikariDataSource - HikariPool-1 - Start completed.
3136 [JavaFX Application Thread] INFO  org.hibernate.dialect.Dialect - HHH000400: Using dialect: org.hibernate.dialect.PostgreSQL10Dialect
7324 [JavaFX Application Thread] INFO  o.h.validator.internal.util.Version - HV000001: Hibernate Validator 6.0.18.Final
8454 [JavaFX Application Thread] INFO  o.h.e.t.j.p.i.JtaPlatformInitiator - HHH000490: Using JtaPlatform implementation: [org.hibernate.engine.transaction.jta.platform.internal.NoJtaPlatform]
8460 [JavaFX Application Thread] INFO  o.s.o.j.LocalContainerEntityManagerFactoryBean - Initialized JPA EntityManagerFactory for persistence unit 'default'
12383 [JavaFX Application Thread] INFO  r.application.AdministrationService - All trains
17379 [JavaFX Application Thread] INFO  r.application.AdministrationService - Show train info
17698 [JavaFX Application Thread] INFO  r.application.AdministrationService - Show train info[Train]: seaofthieves[id] 415d15b8-3752-4f60-9af6-c8ae8311dd9e [Powersource] petroleum[MAXWEIGHT]:10000 [CLIMATEIMPACT]:high [2 : car [NameOfCar] audi [Weight]:50 [WagonTypeName]:dealer]
17712 [JavaFX Application Thread] INFO  r.application.AdministrationService - All wagons from train[Train]: seaofthieves[id] 415d15b8-3752-4f60-9af6-c8ae8311dd9e [Powersource] petroleum[MAXWEIGHT]:10000 [CLIMATEIMPACT]:high [2 : car [NameOfCar] audi [Weight]:50 [WagonTypeName]:dealer]
19696 [JavaFX Application Thread] INFO  r.application.AdministrationService - Show train info
20021 [JavaFX Application Thread] INFO  r.application.AdministrationService - Show train info[Train]: seaofthieves[id] 415d15b8-3752-4f60-9af6-c8ae8311dd9e [Powersource] petroleum[MAXWEIGHT]:10000 [CLIMATEIMPACT]:high [2 : car [NameOfCar] audi [Weight]:50 [WagonTypeName]:dealer]
26123 [JavaFX Application Thread] INFO  r.application.AdministrationService - Show train info
26424 [JavaFX Application Thread] INFO  r.application.AdministrationService - Show train info[Train]: seaofthieves[id] 415d15b8-3752-4f60-9af6-c8ae8311dd9e [Powersource] petroleum[MAXWEIGHT]:10000 [CLIMATEIMPACT]:high [2 : car [NameOfCar] audi [Weight]:50 [WagonTypeName]:dealer, 1 : cargo [NameOfGoods] mais [Weight]:20 [WagonTypeName]:boer]
27827 [JavaFX Application Thread] INFO  r.application.AdministrationService - Show train info
28135 [JavaFX Application Thread] INFO  r.application.AdministrationService - Show train info[Train]: seaofthieves[id] 415d15b8-3752-4f60-9af6-c8ae8311dd9e [Powersource] petroleum[MAXWEIGHT]:10000 [CLIMATEIMPACT]:high [2 : car [NameOfCar] audi [Weight]:50 [WagonTypeName]:dealer, 1 : cargo [NameOfGoods] mais [Weight]:20 [WagonTypeName]:boer]
28136 [JavaFX Application Thread] INFO  r.application.AdministrationService - All wagons from train[Train]: seaofthieves[id] 415d15b8-3752-4f60-9af6-c8ae8311dd9e [Powersource] petroleum[MAXWEIGHT]:10000 [CLIMATEIMPACT]:high [2 : car [NameOfCar] audi [Weight]:50 [WagonTypeName]:dealer, 1 : cargo [NameOfGoods] mais [Weight]:20 [WagonTypeName]:boer]
29752 [JavaFX Application Thread] INFO  r.application.AdministrationService - Show train info
30071 [JavaFX Application Thread] INFO  r.application.AdministrationService - Show train info[Train]: seaofthieves[id] 415d15b8-3752-4f60-9af6-c8ae8311dd9e [Powersource] petroleum[MAXWEIGHT]:10000 [CLIMATEIMPACT]:high [2 : car [NameOfCar] audi [Weight]:50 [WagonTypeName]:dealer, 1 : cargo [NameOfGoods] mais [Weight]:20 [WagonTypeName]:boer]
36795 [JavaFX Application Thread] INFO  r.application.AdministrationService - Show train info
37105 [JavaFX Application Thread] INFO  r.application.AdministrationService - Show train info[Train]: seaofthieves[id] 415d15b8-3752-4f60-9af6-c8ae8311dd9e [Powersource] petroleum[MAXWEIGHT]:10000 [CLIMATEIMPACT]:high [2 : car [NameOfCar] audi [Weight]:50 [WagonTypeName]:dealer, 1 : cargo [NameOfGoods] mais [Weight]:20 [WagonTypeName]:boer, 1 : cargo [NameOfGoods] mais [Weight]:20 [WagonTypeName]:boer]
44414 [JavaFX Application Thread] INFO  r.application.AdministrationService - Show train info
44700 [JavaFX Application Thread] INFO  r.application.AdministrationService - Show train info[Train]: seaofthieves[id] 415d15b8-3752-4f60-9af6-c8ae8311dd9e [Powersource] petroleum[MAXWEIGHT]:10000 [CLIMATEIMPACT]:high [2 : car [NameOfCar] audi [Weight]:50 [WagonTypeName]:dealer, 1 : cargo [NameOfGoods] mais [Weight]:20 [WagonTypeName]:boer, 1 : cargo [NameOfGoods] mais [Weight]:20 [WagonTypeName]:boer, 1 : car [NameOfCar] peugeot [Weight]:20 [WagonTypeName]:garage]
58332 [JavaFX Application Thread] INFO  r.application.AdministrationService - Delete wagon
58333 [JavaFX Application Thread] INFO  r.application.AdministrationService - Trainwagons before delete [2 : car [NameOfCar] audi [Weight]:50 [WagonTypeName]:dealer, 1 : cargo [NameOfGoods] mais [Weight]:20 [WagonTypeName]:boer, 1 : cargo [NameOfGoods] mais [Weight]:20 [WagonTypeName]:boer, 1 : car [NameOfCar] peugeot [Weight]:20 [WagonTypeName]:garage]
58334 [JavaFX Application Thread] INFO  r.application.AdministrationService - null
58334 [JavaFX Application Thread] INFO  r.application.AdministrationService - Show train info
58619 [JavaFX Application Thread] INFO  r.application.AdministrationService - Show train info[Train]: seaofthieves[id] 415d15b8-3752-4f60-9af6-c8ae8311dd9e [Powersource] petroleum[MAXWEIGHT]:10000 [CLIMATEIMPACT]:high [2 : car [NameOfCar] audi [Weight]:50 [WagonTypeName]:dealer, 1 : cargo [NameOfGoods] mais [Weight]:20 [WagonTypeName]:boer, 1 : cargo [NameOfGoods] mais [Weight]:20 [WagonTypeName]:boer, 1 : car [NameOfCar] peugeot [Weight]:20 [WagonTypeName]:garage]
233  [JavaFX Application Thread] INFO  richrail.TrainApplication - Example log richrail.TrainApplication
1243 [JavaFX Application Thread] INFO  o.s.d.r.c.RepositoryConfigurationDelegate - Bootstrapping Spring Data JPA repositories in DEFAULT mode.
1337 [JavaFX Application Thread] INFO  o.s.d.r.c.RepositoryConfigurationDelegate - Finished Spring Data repository scanning in 85ms. Found 3 JPA repository interfaces.
1977 [JavaFX Application Thread] INFO  o.h.jpa.internal.util.LogHelper - HHH000204: Processing PersistenceUnitInfo [name: default]
2023 [JavaFX Application Thread] INFO  org.hibernate.Version - HHH000412: Hibernate ORM core version 5.4.20.Final
2139 [JavaFX Application Thread] INFO  o.h.annotations.common.Version - HCANN000001: Hibernate Commons Annotations {5.1.0.Final}
2434 [JavaFX Application Thread] INFO  com.zaxxer.hikari.HikariDataSource - HikariPool-1 - Starting...
2983 [JavaFX Application Thread] INFO  com.zaxxer.hikari.HikariDataSource - HikariPool-1 - Start completed.
3012 [JavaFX Application Thread] INFO  org.hibernate.dialect.Dialect - HHH000400: Using dialect: org.hibernate.dialect.PostgreSQL10Dialect
7182 [JavaFX Application Thread] INFO  o.h.validator.internal.util.Version - HV000001: Hibernate Validator 6.0.18.Final
8313 [JavaFX Application Thread] INFO  o.h.e.t.j.p.i.JtaPlatformInitiator - HHH000490: Using JtaPlatform implementation: [org.hibernate.engine.transaction.jta.platform.internal.NoJtaPlatform]
8320 [JavaFX Application Thread] INFO  o.s.o.j.LocalContainerEntityManagerFactoryBean - Initialized JPA EntityManagerFactory for persistence unit 'default'
15631 [JavaFX Application Thread] INFO  r.application.AdministrationService - All trains
18707 [JavaFX Application Thread] INFO  r.application.AdministrationService - Show train info
18775 [JavaFX Application Thread] INFO  r.application.AdministrationService - Show train info[Train]: seaofthieves[id] 9879b00d-8a99-4ae6-9a8d-ea2aa5a0e4d8 [Powersource] petroleum[MAXWEIGHT]:10000 [CLIMATEIMPACT]:high []
18785 [JavaFX Application Thread] INFO  r.application.AdministrationService - All wagons from train[Train]: seaofthieves[id] 9879b00d-8a99-4ae6-9a8d-ea2aa5a0e4d8 [Powersource] petroleum[MAXWEIGHT]:10000 [CLIMATEIMPACT]:high []
23496 [JavaFX Application Thread] INFO  r.application.AdministrationService - All trains
26763 [JavaFX Application Thread] INFO  r.application.AdministrationService - Show train info
27091 [JavaFX Application Thread] INFO  r.application.AdministrationService - Show train info[Train]: seaofthieves[id] 415d15b8-3752-4f60-9af6-c8ae8311dd9e [Powersource] petroleum[MAXWEIGHT]:10000 [CLIMATEIMPACT]:high [2 : car [NameOfCar] audi [Weight]:50 [WagonTypeName]:dealer, 1 : cargo [NameOfGoods] mais [Weight]:20 [WagonTypeName]:boer, 1 : cargo [NameOfGoods] mais [Weight]:20 [WagonTypeName]:boer, 1 : car [NameOfCar] peugeot [Weight]:20 [WagonTypeName]:garage]
27092 [JavaFX Application Thread] INFO  r.application.AdministrationService - All wagons from train[Train]: seaofthieves[id] 415d15b8-3752-4f60-9af6-c8ae8311dd9e [Powersource] petroleum[MAXWEIGHT]:10000 [CLIMATEIMPACT]:high [2 : car [NameOfCar] audi [Weight]:50 [WagonTypeName]:dealer, 1 : cargo [NameOfGoods] mais [Weight]:20 [WagonTypeName]:boer, 1 : cargo [NameOfGoods] mais [Weight]:20 [WagonTypeName]:boer, 1 : car [NameOfCar] peugeot [Weight]:20 [WagonTypeName]:garage]
28407 [JavaFX Application Thread] INFO  r.application.AdministrationService - Show train info
28730 [JavaFX Application Thread] INFO  r.application.AdministrationService - Show train info[Train]: seaofthieves[id] 415d15b8-3752-4f60-9af6-c8ae8311dd9e [Powersource] petroleum[MAXWEIGHT]:10000 [CLIMATEIMPACT]:high [2 : car [NameOfCar] audi [Weight]:50 [WagonTypeName]:dealer, 1 : cargo [NameOfGoods] mais [Weight]:20 [WagonTypeName]:boer, 1 : cargo [NameOfGoods] mais [Weight]:20 [WagonTypeName]:boer, 1 : car [NameOfCar] peugeot [Weight]:20 [WagonTypeName]:garage]
34117 [JavaFX Application Thread] INFO  r.application.AdministrationService - Delete wagon
34119 [JavaFX Application Thread] INFO  r.application.AdministrationService - Trainwagons before delete [2 : car [NameOfCar] audi [Weight]:50 [WagonTypeName]:dealer, 1 : cargo [NameOfGoods] mais [Weight]:20 [WagonTypeName]:boer, 1 : cargo [NameOfGoods] mais [Weight]:20 [WagonTypeName]:boer, 1 : car [NameOfCar] peugeot [Weight]:20 [WagonTypeName]:garage]
34119 [JavaFX Application Thread] INFO  r.application.AdministrationService - null
34120 [JavaFX Application Thread] INFO  r.application.AdministrationService - Show train info
34431 [JavaFX Application Thread] INFO  r.application.AdministrationService - Show train info[Train]: seaofthieves[id] 415d15b8-3752-4f60-9af6-c8ae8311dd9e [Powersource] petroleum[MAXWEIGHT]:10000 [CLIMATEIMPACT]:high [2 : car [NameOfCar] audi [Weight]:50 [WagonTypeName]:dealer, 1 : cargo [NameOfGoods] mais [Weight]:20 [WagonTypeName]:boer, 1 : cargo [NameOfGoods] mais [Weight]:20 [WagonTypeName]:boer, 1 : car [NameOfCar] peugeot [Weight]:20 [WagonTypeName]:garage]
49443 [JavaFX Application Thread] INFO  r.application.AdministrationService - Delete wagon
49443 [JavaFX Application Thread] INFO  r.application.AdministrationService - Trainwagons before delete [2 : car [NameOfCar] audi [Weight]:50 [WagonTypeName]:dealer, 1 : cargo [NameOfGoods] mais [Weight]:20 [WagonTypeName]:boer, 1 : cargo [NameOfGoods] mais [Weight]:20 [WagonTypeName]:boer, 1 : car [NameOfCar] peugeot [Weight]:20 [WagonTypeName]:garage]
49771 [JavaFX Application Thread] INFO  r.application.AdministrationService - Show train info
50085 [JavaFX Application Thread] INFO  r.application.AdministrationService - Show train info[Train]: seaofthieves[id] 415d15b8-3752-4f60-9af6-c8ae8311dd9e [Powersource] petroleum[MAXWEIGHT]:10000 [CLIMATEIMPACT]:high [2 : car [NameOfCar] audi [Weight]:50 [WagonTypeName]:dealer, 1 : cargo [NameOfGoods] mais [Weight]:20 [WagonTypeName]:boer, 1 : cargo [NameOfGoods] mais [Weight]:20 [WagonTypeName]:boer, 1 : car [NameOfCar] peugeot [Weight]:20 [WagonTypeName]:garage]
51685 [JavaFX Application Thread] INFO  r.application.AdministrationService - Delete wagon
51685 [JavaFX Application Thread] INFO  r.application.AdministrationService - Trainwagons before delete [2 : car [NameOfCar] audi [Weight]:50 [WagonTypeName]:dealer, 1 : cargo [NameOfGoods] mais [Weight]:20 [WagonTypeName]:boer, 1 : cargo [NameOfGoods] mais [Weight]:20 [WagonTypeName]:boer, 1 : car [NameOfCar] peugeot [Weight]:20 [WagonTypeName]:garage]
51999 [JavaFX Application Thread] INFO  r.application.AdministrationService - Show train info
52302 [JavaFX Application Thread] INFO  r.application.AdministrationService - Show train info[Train]: seaofthieves[id] 415d15b8-3752-4f60-9af6-c8ae8311dd9e [Powersource] petroleum[MAXWEIGHT]:10000 [CLIMATEIMPACT]:high [2 : car [NameOfCar] audi [Weight]:50 [WagonTypeName]:dealer, 1 : cargo [NameOfGoods] mais [Weight]:20 [WagonTypeName]:boer, 1 : cargo [NameOfGoods] mais [Weight]:20 [WagonTypeName]:boer, 1 : car [NameOfCar] peugeot [Weight]:20 [WagonTypeName]:garage]
62749 [JavaFX Application Thread] INFO  r.application.AdministrationService - Show train info
63068 [JavaFX Application Thread] INFO  r.application.AdministrationService - Show train info[Train]: seaofthieves[id] 415d15b8-3752-4f60-9af6-c8ae8311dd9e [Powersource] petroleum[MAXWEIGHT]:10000 [CLIMATEIMPACT]:high [2 : car [NameOfCar] audi [Weight]:50 [WagonTypeName]:dealer, 1 : cargo [NameOfGoods] mais [Weight]:20 [WagonTypeName]:boer, 1 : cargo [NameOfGoods] mais [Weight]:20 [WagonTypeName]:boer, 1 : car [NameOfCar] peugeot [Weight]:20 [WagonTypeName]:garage]
63069 [JavaFX Application Thread] INFO  r.application.AdministrationService - All wagons from train[Train]: seaofthieves[id] 415d15b8-3752-4f60-9af6-c8ae8311dd9e [Powersource] petroleum[MAXWEIGHT]:10000 [CLIMATEIMPACT]:high [2 : car [NameOfCar] audi [Weight]:50 [WagonTypeName]:dealer, 1 : cargo [NameOfGoods] mais [Weight]:20 [WagonTypeName]:boer, 1 : cargo [NameOfGoods] mais [Weight]:20 [WagonTypeName]:boer, 1 : car [NameOfCar] peugeot [Weight]:20 [WagonTypeName]:garage]
67522 [JavaFX Application Thread] INFO  r.application.AdministrationService - Delete wagon
67522 [JavaFX Application Thread] INFO  r.application.AdministrationService - Trainwagons before delete [2 : car [NameOfCar] audi [Weight]:50 [WagonTypeName]:dealer, 1 : cargo [NameOfGoods] mais [Weight]:20 [WagonTypeName]:boer, 1 : cargo [NameOfGoods] mais [Weight]:20 [WagonTypeName]:boer, 1 : car [NameOfCar] peugeot [Weight]:20 [WagonTypeName]:garage]
67523 [JavaFX Application Thread] INFO  r.application.AdministrationService - null
67844 [JavaFX Application Thread] INFO  r.application.AdministrationService - Show train info
68147 [JavaFX Application Thread] INFO  r.application.AdministrationService - Show train info[Train]: seaofthieves[id] 415d15b8-3752-4f60-9af6-c8ae8311dd9e [Powersource] petroleum[MAXWEIGHT]:10000 [CLIMATEIMPACT]:high [2 : car [NameOfCar] audi [Weight]:50 [WagonTypeName]:dealer, 1 : cargo [NameOfGoods] mais [Weight]:20 [WagonTypeName]:boer, 1 : cargo [NameOfGoods] mais [Weight]:20 [WagonTypeName]:boer, 1 : car [NameOfCar] peugeot [Weight]:20 [WagonTypeName]:garage]
68148 [JavaFX Application Thread] INFO  r.application.AdministrationService - All wagons from train[Train]: seaofthieves[id] 415d15b8-3752-4f60-9af6-c8ae8311dd9e [Powersource] petroleum[MAXWEIGHT]:10000 [CLIMATEIMPACT]:high [2 : car [NameOfCar] audi [Weight]:50 [WagonTypeName]:dealer, 1 : cargo [NameOfGoods] mais [Weight]:20 [WagonTypeName]:boer, 1 : cargo [NameOfGoods] mais [Weight]:20 [WagonTypeName]:boer, 1 : car [NameOfCar] peugeot [Weight]:20 [WagonTypeName]:garage]
223  [JavaFX Application Thread] INFO  richrail.TrainApplication - Example log richrail.TrainApplication
1135 [JavaFX Application Thread] INFO  o.s.d.r.c.RepositoryConfigurationDelegate - Bootstrapping Spring Data JPA repositories in DEFAULT mode.
1242 [JavaFX Application Thread] INFO  o.s.d.r.c.RepositoryConfigurationDelegate - Finished Spring Data repository scanning in 97ms. Found 3 JPA repository interfaces.
2135 [JavaFX Application Thread] INFO  o.h.jpa.internal.util.LogHelper - HHH000204: Processing PersistenceUnitInfo [name: default]
2191 [JavaFX Application Thread] INFO  org.hibernate.Version - HHH000412: Hibernate ORM core version 5.4.20.Final
2349 [JavaFX Application Thread] INFO  o.h.annotations.common.Version - HCANN000001: Hibernate Commons Annotations {5.1.0.Final}
2695 [JavaFX Application Thread] INFO  com.zaxxer.hikari.HikariDataSource - HikariPool-1 - Starting...
3273 [JavaFX Application Thread] INFO  com.zaxxer.hikari.HikariDataSource - HikariPool-1 - Start completed.
3311 [JavaFX Application Thread] INFO  org.hibernate.dialect.Dialect - HHH000400: Using dialect: org.hibernate.dialect.PostgreSQL10Dialect
7362 [JavaFX Application Thread] INFO  o.h.validator.internal.util.Version - HV000001: Hibernate Validator 6.0.18.Final
8625 [JavaFX Application Thread] INFO  o.h.e.t.j.p.i.JtaPlatformInitiator - HHH000490: Using JtaPlatform implementation: [org.hibernate.engine.transaction.jta.platform.internal.NoJtaPlatform]
8633 [JavaFX Application Thread] INFO  o.s.o.j.LocalContainerEntityManagerFactoryBean - Initialized JPA EntityManagerFactory for persistence unit 'default'
30440 [JavaFX Application Thread] INFO  r.application.AdministrationService - All trains
33951 [JavaFX Application Thread] INFO  r.application.AdministrationService - Show train info
34246 [JavaFX Application Thread] INFO  r.application.AdministrationService - Show train info[Train]: seaofthieves[id] 415d15b8-3752-4f60-9af6-c8ae8311dd9e [Powersource] petroleum[MAXWEIGHT]:10000 [CLIMATEIMPACT]:high [2 : car [NameOfCar] audi [Weight]:50 [WagonTypeName]:dealer, 1 : cargo [NameOfGoods] mais [Weight]:20 [WagonTypeName]:boer, 1 : cargo [NameOfGoods] mais [Weight]:20 [WagonTypeName]:boer, 1 : car [NameOfCar] peugeot [Weight]:20 [WagonTypeName]:garage]
34260 [JavaFX Application Thread] INFO  r.application.AdministrationService - All wagons from train[Train]: seaofthieves[id] 415d15b8-3752-4f60-9af6-c8ae8311dd9e [Powersource] petroleum[MAXWEIGHT]:10000 [CLIMATEIMPACT]:high [2 : car [NameOfCar] audi [Weight]:50 [WagonTypeName]:dealer, 1 : cargo [NameOfGoods] mais [Weight]:20 [WagonTypeName]:boer, 1 : cargo [NameOfGoods] mais [Weight]:20 [WagonTypeName]:boer, 1 : car [NameOfCar] peugeot [Weight]:20 [WagonTypeName]:garage]
38140 [JavaFX Application Thread] INFO  r.application.AdministrationService - Delete wagon
38141 [JavaFX Application Thread] INFO  r.application.AdministrationService - Trainwagons before delete [2 : car [NameOfCar] audi [Weight]:50 [WagonTypeName]:dealer, 1 : cargo [NameOfGoods] mais [Weight]:20 [WagonTypeName]:boer, 1 : cargo [NameOfGoods] mais [Weight]:20 [WagonTypeName]:boer, 1 : car [NameOfCar] peugeot [Weight]:20 [WagonTypeName]:garage]
38750 [JavaFX Application Thread] INFO  r.application.AdministrationService - Show train info
39041 [JavaFX Application Thread] INFO  r.application.AdministrationService - Show train info[Train]: seaofthieves[id] 415d15b8-3752-4f60-9af6-c8ae8311dd9e [Powersource] petroleum[MAXWEIGHT]:10000 [CLIMATEIMPACT]:high [2 : car [NameOfCar] audi [Weight]:50 [WagonTypeName]:dealer, 1 : cargo [NameOfGoods] mais [Weight]:20 [WagonTypeName]:boer, 1 : cargo [NameOfGoods] mais [Weight]:20 [WagonTypeName]:boer, 1 : car [NameOfCar] peugeot [Weight]:20 [WagonTypeName]:garage]
39042 [JavaFX Application Thread] INFO  r.application.AdministrationService - All wagons from train[Train]: seaofthieves[id] 415d15b8-3752-4f60-9af6-c8ae8311dd9e [Powersource] petroleum[MAXWEIGHT]:10000 [CLIMATEIMPACT]:high [2 : car [NameOfCar] audi [Weight]:50 [WagonTypeName]:dealer, 1 : cargo [NameOfGoods] mais [Weight]:20 [WagonTypeName]:boer, 1 : cargo [NameOfGoods] mais [Weight]:20 [WagonTypeName]:boer, 1 : car [NameOfCar] peugeot [Weight]:20 [WagonTypeName]:garage]
49898 [JavaFX Application Thread] INFO  r.application.AdministrationService - All wagon history from train[Train]: seaofthieves[id] 415d15b8-3752-4f60-9af6-c8ae8311dd9e [Powersource] petroleum[MAXWEIGHT]:10000 [CLIMATEIMPACT]:high [2 : car [NameOfCar] audi [Weight]:50 [WagonTypeName]:dealer, 1 : cargo [NameOfGoods] mais [Weight]:20 [WagonTypeName]:boer, 1 : cargo [NameOfGoods] mais [Weight]:20 [WagonTypeName]:boer, 1 : car [NameOfCar] peugeot [Weight]:20 [WagonTypeName]:garage]
52907 [JavaFX Application Thread] INFO  r.application.AdministrationService - Show train info
53214 [JavaFX Application Thread] INFO  r.application.AdministrationService - Show train info[Train]: seaofthieves[id] 415d15b8-3752-4f60-9af6-c8ae8311dd9e [Powersource] petroleum[MAXWEIGHT]:10000 [CLIMATEIMPACT]:high [2 : car [NameOfCar] audi [Weight]:50 [WagonTypeName]:dealer, 1 : cargo [NameOfGoods] mais [Weight]:20 [WagonTypeName]:boer, 1 : cargo [NameOfGoods] mais [Weight]:20 [WagonTypeName]:boer, 1 : car [NameOfCar] peugeot [Weight]:20 [WagonTypeName]:garage]
53215 [JavaFX Application Thread] INFO  r.application.AdministrationService - All wagons from train[Train]: seaofthieves[id] 415d15b8-3752-4f60-9af6-c8ae8311dd9e [Powersource] petroleum[MAXWEIGHT]:10000 [CLIMATEIMPACT]:high [2 : car [NameOfCar] audi [Weight]:50 [WagonTypeName]:dealer, 1 : cargo [NameOfGoods] mais [Weight]:20 [WagonTypeName]:boer, 1 : cargo [NameOfGoods] mais [Weight]:20 [WagonTypeName]:boer, 1 : car [NameOfCar] peugeot [Weight]:20 [WagonTypeName]:garage]
55454 [JavaFX Application Thread] INFO  r.application.AdministrationService - Delete wagon
55455 [JavaFX Application Thread] INFO  r.application.AdministrationService - Trainwagons before delete [2 : car [NameOfCar] audi [Weight]:50 [WagonTypeName]:dealer, 1 : cargo [NameOfGoods] mais [Weight]:20 [WagonTypeName]:boer, 1 : cargo [NameOfGoods] mais [Weight]:20 [WagonTypeName]:boer, 1 : car [NameOfCar] peugeot [Weight]:20 [WagonTypeName]:garage]
56054 [JavaFX Application Thread] INFO  r.application.AdministrationService - Show train info
56366 [JavaFX Application Thread] INFO  r.application.AdministrationService - Show train info[Train]: seaofthieves[id] 415d15b8-3752-4f60-9af6-c8ae8311dd9e [Powersource] petroleum[MAXWEIGHT]:10000 [CLIMATEIMPACT]:high [2 : car [NameOfCar] audi [Weight]:50 [WagonTypeName]:dealer, 1 : cargo [NameOfGoods] mais [Weight]:20 [WagonTypeName]:boer, 1 : cargo [NameOfGoods] mais [Weight]:20 [WagonTypeName]:boer, 1 : car [NameOfCar] peugeot [Weight]:20 [WagonTypeName]:garage]
56367 [JavaFX Application Thread] INFO  r.application.AdministrationService - All wagons from train[Train]: seaofthieves[id] 415d15b8-3752-4f60-9af6-c8ae8311dd9e [Powersource] petroleum[MAXWEIGHT]:10000 [CLIMATEIMPACT]:high [2 : car [NameOfCar] audi [Weight]:50 [WagonTypeName]:dealer, 1 : cargo [NameOfGoods] mais [Weight]:20 [WagonTypeName]:boer, 1 : cargo [NameOfGoods] mais [Weight]:20 [WagonTypeName]:boer, 1 : car [NameOfCar] peugeot [Weight]:20 [WagonTypeName]:garage]
84739 [JavaFX Application Thread] INFO  r.application.AdministrationService - Show train info
85037 [JavaFX Application Thread] INFO  r.application.AdministrationService - Show train info[Train]: seaofthieves[id] 415d15b8-3752-4f60-9af6-c8ae8311dd9e [Powersource] petroleum[MAXWEIGHT]:10000 [CLIMATEIMPACT]:high [2 : car [NameOfCar] audi [Weight]:50 [WagonTypeName]:dealer, 1 : cargo [NameOfGoods] mais [Weight]:20 [WagonTypeName]:boer, 1 : cargo [NameOfGoods] mais [Weight]:20 [WagonTypeName]:boer, 1 : car [NameOfCar] peugeot [Weight]:20 [WagonTypeName]:garage]
129301 [HikariPool-1 housekeeper] WARN  com.zaxxer.hikari.pool.HikariPool - HikariPool-1 - Thread starvation or clock leap detected (housekeeper delta=1m5s922ms301µs600ns).
180113 [JavaFX Application Thread] INFO  r.application.AdministrationService - Delete wagon
186354 [JavaFX Application Thread] INFO  r.application.AdministrationService - Trainwagons before delete [2 : car [NameOfCar] audi [Weight]:50 [WagonTypeName]:dealer, 1 : cargo [NameOfGoods] mais [Weight]:20 [WagonTypeName]:boer, 1 : cargo [NameOfGoods] mais [Weight]:20 [WagonTypeName]:boer, 1 : car [NameOfCar] peugeot [Weight]:20 [WagonTypeName]:garage]
231941 [HikariPool-1 housekeeper] WARN  com.zaxxer.hikari.pool.HikariPool - HikariPool-1 - Thread starvation or clock leap detected (housekeeper delta=59s810ms82µs200ns).
267199 [JavaFX Application Thread] INFO  r.application.AdministrationService - null
267200 [JavaFX Application Thread] INFO  r.application.AdministrationService - Show train info
271  [JavaFX Application Thread] INFO  richrail.TrainApplication - Example log richrail.TrainApplication
1335 [JavaFX Application Thread] INFO  o.s.d.r.c.RepositoryConfigurationDelegate - Bootstrapping Spring Data JPA repositories in DEFAULT mode.
1432 [JavaFX Application Thread] INFO  o.s.d.r.c.RepositoryConfigurationDelegate - Finished Spring Data repository scanning in 87ms. Found 3 JPA repository interfaces.
2123 [JavaFX Application Thread] INFO  o.h.jpa.internal.util.LogHelper - HHH000204: Processing PersistenceUnitInfo [name: default]
2180 [JavaFX Application Thread] INFO  org.hibernate.Version - HHH000412: Hibernate ORM core version 5.4.20.Final
2329 [JavaFX Application Thread] INFO  o.h.annotations.common.Version - HCANN000001: Hibernate Commons Annotations {5.1.0.Final}
2670 [JavaFX Application Thread] INFO  com.zaxxer.hikari.HikariDataSource - HikariPool-1 - Starting...
3274 [JavaFX Application Thread] INFO  com.zaxxer.hikari.HikariDataSource - HikariPool-1 - Start completed.
3308 [JavaFX Application Thread] INFO  org.hibernate.dialect.Dialect - HHH000400: Using dialect: org.hibernate.dialect.PostgreSQL10Dialect
7861 [JavaFX Application Thread] INFO  o.h.validator.internal.util.Version - HV000001: Hibernate Validator 6.0.18.Final
9089 [JavaFX Application Thread] INFO  o.h.e.t.j.p.i.JtaPlatformInitiator - HHH000490: Using JtaPlatform implementation: [org.hibernate.engine.transaction.jta.platform.internal.NoJtaPlatform]
9098 [JavaFX Application Thread] INFO  o.s.o.j.LocalContainerEntityManagerFactoryBean - Initialized JPA EntityManagerFactory for persistence unit 'default'
14378 [JavaFX Application Thread] INFO  r.application.AdministrationService - All trains
19027 [JavaFX Application Thread] INFO  r.application.AdministrationService - Show train info
19360 [JavaFX Application Thread] INFO  r.application.AdministrationService - Show train info[Train]: bleh[id] 48994e82-9164-42fb-ba99-0a895bf0df91 [Powersource] petroleum[MAXWEIGHT]:10000 [CLIMATEIMPACT]:high [1 : car [NameOfCar] audi [Weight]:50 [WagonTypeName]:dealer, 0 : car [NameOfCar] peugeot [Weight]:20 [WagonTypeName]:garage, 1 : person [NumberOfPassengers] 10 [Weight]:20 [WagonTypeName]:ns, 1 : person [NumberOfPassengers] 10 [Weight]:20 [WagonTypeName]:ns]
19372 [JavaFX Application Thread] INFO  r.application.AdministrationService - All wagons from train[Train]: bleh[id] 48994e82-9164-42fb-ba99-0a895bf0df91 [Powersource] petroleum[MAXWEIGHT]:10000 [CLIMATEIMPACT]:high [1 : car [NameOfCar] audi [Weight]:50 [WagonTypeName]:dealer, 0 : car [NameOfCar] peugeot [Weight]:20 [WagonTypeName]:garage, 1 : person [NumberOfPassengers] 10 [Weight]:20 [WagonTypeName]:ns, 1 : person [NumberOfPassengers] 10 [Weight]:20 [WagonTypeName]:ns]
21532 [JavaFX Application Thread] INFO  r.application.AdministrationService - Delete wagon
21533 [JavaFX Application Thread] INFO  r.application.AdministrationService - Trainwagons before delete [1 : car [NameOfCar] audi [Weight]:50 [WagonTypeName]:dealer, 0 : car [NameOfCar] peugeot [Weight]:20 [WagonTypeName]:garage, 1 : person [NumberOfPassengers] 10 [Weight]:20 [WagonTypeName]:ns, 1 : person [NumberOfPassengers] 10 [Weight]:20 [WagonTypeName]:ns]
22318 [JavaFX Application Thread] INFO  r.application.AdministrationService - Show train info
22668 [JavaFX Application Thread] INFO  r.application.AdministrationService - Show train info[Train]: bleh[id] 48994e82-9164-42fb-ba99-0a895bf0df91 [Powersource] petroleum[MAXWEIGHT]:10000 [CLIMATEIMPACT]:high [1 : car [NameOfCar] audi [Weight]:50 [WagonTypeName]:dealer, 0 : car [NameOfCar] peugeot [Weight]:20 [WagonTypeName]:garage, 0 : person [NumberOfPassengers] 10 [Weight]:20 [WagonTypeName]:ns, 0 : person [NumberOfPassengers] 10 [Weight]:20 [WagonTypeName]:ns]
22669 [JavaFX Application Thread] INFO  r.application.AdministrationService - All wagons from train[Train]: bleh[id] 48994e82-9164-42fb-ba99-0a895bf0df91 [Powersource] petroleum[MAXWEIGHT]:10000 [CLIMATEIMPACT]:high [1 : car [NameOfCar] audi [Weight]:50 [WagonTypeName]:dealer, 0 : car [NameOfCar] peugeot [Weight]:20 [WagonTypeName]:garage, 0 : person [NumberOfPassengers] 10 [Weight]:20 [WagonTypeName]:ns, 0 : person [NumberOfPassengers] 10 [Weight]:20 [WagonTypeName]:ns]
31189 [JavaFX Application Thread] INFO  r.application.AdministrationService - Show train info
31547 [JavaFX Application Thread] INFO  r.application.AdministrationService - Show train info[Train]: bleh[id] 48994e82-9164-42fb-ba99-0a895bf0df91 [Powersource] petroleum[MAXWEIGHT]:10000 [CLIMATEIMPACT]:high [1 : car [NameOfCar] audi [Weight]:50 [WagonTypeName]:dealer, 0 : car [NameOfCar] peugeot [Weight]:20 [WagonTypeName]:garage, 0 : person [NumberOfPassengers] 10 [Weight]:20 [WagonTypeName]:ns, 0 : person [NumberOfPassengers] 10 [Weight]:20 [WagonTypeName]:ns]
44393 [JavaFX Application Thread] INFO  r.application.AdministrationService - Delete wagon
44394 [JavaFX Application Thread] INFO  r.application.AdministrationService - Trainwagons before delete [1 : car [NameOfCar] audi [Weight]:50 [WagonTypeName]:dealer, 0 : car [NameOfCar] peugeot [Weight]:20 [WagonTypeName]:garage, 0 : person [NumberOfPassengers] 10 [Weight]:20 [WagonTypeName]:ns, 0 : person [NumberOfPassengers] 10 [Weight]:20 [WagonTypeName]:ns]
46830 [JavaFX Application Thread] INFO  r.application.AdministrationService - Show train info
47182 [JavaFX Application Thread] INFO  r.application.AdministrationService - Show train info[Train]: bleh[id] 48994e82-9164-42fb-ba99-0a895bf0df91 [Powersource] petroleum[MAXWEIGHT]:10000 [CLIMATEIMPACT]:high [0 : car [NameOfCar] peugeot [Weight]:20 [WagonTypeName]:garage, 0 : person [NumberOfPassengers] 10 [Weight]:20 [WagonTypeName]:ns, 0 : person [NumberOfPassengers] 10 [Weight]:20 [WagonTypeName]:ns, 0 : car [NameOfCar] audi [Weight]:50 [WagonTypeName]:dealer]
226  [JavaFX Application Thread] INFO  richrail.TrainApplication - Example log richrail.TrainApplication
1225 [JavaFX Application Thread] INFO  o.s.d.r.c.RepositoryConfigurationDelegate - Bootstrapping Spring Data JPA repositories in DEFAULT mode.
1316 [JavaFX Application Thread] INFO  o.s.d.r.c.RepositoryConfigurationDelegate - Finished Spring Data repository scanning in 81ms. Found 3 JPA repository interfaces.
1937 [JavaFX Application Thread] INFO  o.h.jpa.internal.util.LogHelper - HHH000204: Processing PersistenceUnitInfo [name: default]
1986 [JavaFX Application Thread] INFO  org.hibernate.Version - HHH000412: Hibernate ORM core version 5.4.20.Final
2127 [JavaFX Application Thread] INFO  o.h.annotations.common.Version - HCANN000001: Hibernate Commons Annotations {5.1.0.Final}
2425 [JavaFX Application Thread] INFO  com.zaxxer.hikari.HikariDataSource - HikariPool-1 - Starting...
2965 [JavaFX Application Thread] INFO  com.zaxxer.hikari.HikariDataSource - HikariPool-1 - Start completed.
2992 [JavaFX Application Thread] INFO  org.hibernate.dialect.Dialect - HHH000400: Using dialect: org.hibernate.dialect.PostgreSQL10Dialect
7379 [JavaFX Application Thread] INFO  o.h.validator.internal.util.Version - HV000001: Hibernate Validator 6.0.18.Final
8530 [JavaFX Application Thread] INFO  o.h.e.t.j.p.i.JtaPlatformInitiator - HHH000490: Using JtaPlatform implementation: [org.hibernate.engine.transaction.jta.platform.internal.NoJtaPlatform]
8536 [JavaFX Application Thread] INFO  o.s.o.j.LocalContainerEntityManagerFactoryBean - Initialized JPA EntityManagerFactory for persistence unit 'default'
24375 [JavaFX Application Thread] INFO  r.application.AdministrationService - All trains
40214 [JavaFX Application Thread] INFO  r.application.AdministrationService - Print powersources compatible with train weight
52434 [JavaFX Application Thread] INFO  r.application.AdministrationService - All trains
57881 [JavaFX Application Thread] INFO  r.application.AdministrationService - Show train info
57947 [JavaFX Application Thread] INFO  r.application.AdministrationService - Show train info[Train]: aids[id] bd0ce991-dbcb-47d3-9b27-ddc44c3f0306 [Powersource] electric[MAXWEIGHT]:4000 [CLIMATEIMPACT]:medium []
57959 [JavaFX Application Thread] INFO  r.application.AdministrationService - All wagons from train[Train]: aids[id] bd0ce991-dbcb-47d3-9b27-ddc44c3f0306 [Powersource] electric[MAXWEIGHT]:4000 [CLIMATEIMPACT]:medium []
64235 [JavaFX Application Thread] INFO  r.application.AdministrationService - Show train info
64301 [JavaFX Application Thread] INFO  r.application.AdministrationService - Show train info[Train]: aids[id] bd0ce991-dbcb-47d3-9b27-ddc44c3f0306 [Powersource] electric[MAXWEIGHT]:4000 [CLIMATEIMPACT]:medium []
69338 [JavaFX Application Thread] INFO  r.application.AdministrationService - Show train info
69705 [JavaFX Application Thread] INFO  r.application.AdministrationService - Show train info[Train]: aids[id] bd0ce991-dbcb-47d3-9b27-ddc44c3f0306 [Powersource] electric[MAXWEIGHT]:4000 [CLIMATEIMPACT]:medium [1 : cargo [NameOfGoods] mais [Weight]:20 [WagonTypeName]:boer]
74999 [JavaFX Application Thread] INFO  r.application.AdministrationService - Show train info
75348 [JavaFX Application Thread] INFO  r.application.AdministrationService - Show train info[Train]: aids[id] bd0ce991-dbcb-47d3-9b27-ddc44c3f0306 [Powersource] electric[MAXWEIGHT]:4000 [CLIMATEIMPACT]:medium [1 : cargo [NameOfGoods] mais [Weight]:20 [WagonTypeName]:boer, 1 : car [NameOfCar] peugeot [Weight]:20 [WagonTypeName]:garage]
78505 [JavaFX Application Thread] INFO  r.application.AdministrationService - Show train info
78880 [JavaFX Application Thread] INFO  r.application.AdministrationService - Show train info[Train]: aids[id] bd0ce991-dbcb-47d3-9b27-ddc44c3f0306 [Powersource] electric[MAXWEIGHT]:4000 [CLIMATEIMPACT]:medium [1 : cargo [NameOfGoods] mais [Weight]:20 [WagonTypeName]:boer, 1 : car [NameOfCar] peugeot [Weight]:20 [WagonTypeName]:garage, 1 : car [NameOfCar] audi [Weight]:50 [WagonTypeName]:dealer]
87555 [JavaFX Application Thread] INFO  r.application.AdministrationService - Show train info
87915 [JavaFX Application Thread] INFO  r.application.AdministrationService - Show train info[Train]: aids[id] bd0ce991-dbcb-47d3-9b27-ddc44c3f0306 [Powersource] electric[MAXWEIGHT]:4000 [CLIMATEIMPACT]:medium [1 : cargo [NameOfGoods] mais [Weight]:20 [WagonTypeName]:boer, 1 : car [NameOfCar] peugeot [Weight]:20 [WagonTypeName]:garage, 1 : car [NameOfCar] audi [Weight]:50 [WagonTypeName]:dealer]
87916 [JavaFX Application Thread] INFO  r.application.AdministrationService - All wagons from train[Train]: aids[id] bd0ce991-dbcb-47d3-9b27-ddc44c3f0306 [Powersource] electric[MAXWEIGHT]:4000 [CLIMATEIMPACT]:medium [1 : cargo [NameOfGoods] mais [Weight]:20 [WagonTypeName]:boer, 1 : car [NameOfCar] peugeot [Weight]:20 [WagonTypeName]:garage, 1 : car [NameOfCar] audi [Weight]:50 [WagonTypeName]:dealer]
90628 [JavaFX Application Thread] INFO  r.application.AdministrationService - Delete wagon
90629 [JavaFX Application Thread] INFO  r.application.AdministrationService - Trainwagons before delete [1 : cargo [NameOfGoods] mais [Weight]:20 [WagonTypeName]:boer, 1 : car [NameOfCar] peugeot [Weight]:20 [WagonTypeName]:garage, 1 : car [NameOfCar] audi [Weight]:50 [WagonTypeName]:dealer]
90630 [JavaFX Application Thread] INFO  r.application.AdministrationService - null
91005 [JavaFX Application Thread] INFO  r.application.AdministrationService - Show train info
91396 [JavaFX Application Thread] INFO  r.application.AdministrationService - Show train info[Train]: aids[id] bd0ce991-dbcb-47d3-9b27-ddc44c3f0306 [Powersource] electric[MAXWEIGHT]:4000 [CLIMATEIMPACT]:medium [1 : cargo [NameOfGoods] mais [Weight]:20 [WagonTypeName]:boer, 1 : car [NameOfCar] peugeot [Weight]:20 [WagonTypeName]:garage, 1 : car [NameOfCar] audi [Weight]:50 [WagonTypeName]:dealer]
91397 [JavaFX Application Thread] INFO  r.application.AdministrationService - All wagons from train[Train]: aids[id] bd0ce991-dbcb-47d3-9b27-ddc44c3f0306 [Powersource] electric[MAXWEIGHT]:4000 [CLIMATEIMPACT]:medium [1 : cargo [NameOfGoods] mais [Weight]:20 [WagonTypeName]:boer, 1 : car [NameOfCar] peugeot [Weight]:20 [WagonTypeName]:garage, 1 : car [NameOfCar] audi [Weight]:50 [WagonTypeName]:dealer]
95660 [JavaFX Application Thread] INFO  r.application.AdministrationService - Delete wagon
95661 [JavaFX Application Thread] INFO  r.application.AdministrationService - Trainwagons before delete [1 : cargo [NameOfGoods] mais [Weight]:20 [WagonTypeName]:boer, 1 : car [NameOfCar] peugeot [Weight]:20 [WagonTypeName]:garage, 1 : car [NameOfCar] audi [Weight]:50 [WagonTypeName]:dealer]
96390 [JavaFX Application Thread] INFO  r.application.AdministrationService - Show train info
96738 [JavaFX Application Thread] INFO  r.application.AdministrationService - Show train info[Train]: aids[id] bd0ce991-dbcb-47d3-9b27-ddc44c3f0306 [Powersource] electric[MAXWEIGHT]:4000 [CLIMATEIMPACT]:medium [1 : cargo [NameOfGoods] mais [Weight]:20 [WagonTypeName]:boer, 1 : car [NameOfCar] peugeot [Weight]:20 [WagonTypeName]:garage, 1 : car [NameOfCar] audi [Weight]:50 [WagonTypeName]:dealer]
96739 [JavaFX Application Thread] INFO  r.application.AdministrationService - All wagons from train[Train]: aids[id] bd0ce991-dbcb-47d3-9b27-ddc44c3f0306 [Powersource] electric[MAXWEIGHT]:4000 [CLIMATEIMPACT]:medium [1 : cargo [NameOfGoods] mais [Weight]:20 [WagonTypeName]:boer, 1 : car [NameOfCar] peugeot [Weight]:20 [WagonTypeName]:garage, 1 : car [NameOfCar] audi [Weight]:50 [WagonTypeName]:dealer]
102700 [JavaFX Application Thread] INFO  r.application.AdministrationService - Delete wagon
102700 [JavaFX Application Thread] INFO  r.application.AdministrationService - Trainwagons before delete [1 : cargo [NameOfGoods] mais [Weight]:20 [WagonTypeName]:boer, 1 : car [NameOfCar] peugeot [Weight]:20 [WagonTypeName]:garage, 1 : car [NameOfCar] audi [Weight]:50 [WagonTypeName]:dealer]
103475 [JavaFX Application Thread] INFO  r.application.AdministrationService - Show train info
103817 [JavaFX Application Thread] INFO  r.application.AdministrationService - Show train info[Train]: aids[id] bd0ce991-dbcb-47d3-9b27-ddc44c3f0306 [Powersource] electric[MAXWEIGHT]:4000 [CLIMATEIMPACT]:medium [1 : cargo [NameOfGoods] mais [Weight]:20 [WagonTypeName]:boer, 1 : car [NameOfCar] audi [Weight]:50 [WagonTypeName]:dealer, 0 : car [NameOfCar] peugeot [Weight]:20 [WagonTypeName]:garage]
103818 [JavaFX Application Thread] INFO  r.application.AdministrationService - All wagons from train[Train]: aids[id] bd0ce991-dbcb-47d3-9b27-ddc44c3f0306 [Powersource] electric[MAXWEIGHT]:4000 [CLIMATEIMPACT]:medium [1 : cargo [NameOfGoods] mais [Weight]:20 [WagonTypeName]:boer, 1 : car [NameOfCar] audi [Weight]:50 [WagonTypeName]:dealer, 0 : car [NameOfCar] peugeot [Weight]:20 [WagonTypeName]:garage]
109429 [JavaFX Application Thread] INFO  r.application.AdministrationService - Delete wagon
109430 [JavaFX Application Thread] INFO  r.application.AdministrationService - Trainwagons before delete [1 : cargo [NameOfGoods] mais [Weight]:20 [WagonTypeName]:boer, 1 : car [NameOfCar] audi [Weight]:50 [WagonTypeName]:dealer, 0 : car [NameOfCar] peugeot [Weight]:20 [WagonTypeName]:garage]
110185 [JavaFX Application Thread] INFO  r.application.AdministrationService - Show train info
110544 [JavaFX Application Thread] INFO  r.application.AdministrationService - Show train info[Train]: aids[id] bd0ce991-dbcb-47d3-9b27-ddc44c3f0306 [Powersource] electric[MAXWEIGHT]:4000 [CLIMATEIMPACT]:medium [1 : cargo [NameOfGoods] mais [Weight]:20 [WagonTypeName]:boer, 1 : car [NameOfCar] audi [Weight]:50 [WagonTypeName]:dealer, 0 : car [NameOfCar] peugeot [Weight]:20 [WagonTypeName]:garage]
110546 [JavaFX Application Thread] INFO  r.application.AdministrationService - All wagons from train[Train]: aids[id] bd0ce991-dbcb-47d3-9b27-ddc44c3f0306 [Powersource] electric[MAXWEIGHT]:4000 [CLIMATEIMPACT]:medium [1 : cargo [NameOfGoods] mais [Weight]:20 [WagonTypeName]:boer, 1 : car [NameOfCar] audi [Weight]:50 [WagonTypeName]:dealer, 0 : car [NameOfCar] peugeot [Weight]:20 [WagonTypeName]:garage]
143417 [JavaFX Application Thread] INFO  r.application.AdministrationService - Show train info
143759 [JavaFX Application Thread] INFO  r.application.AdministrationService - Show train info[Train]: aids[id] bd0ce991-dbcb-47d3-9b27-ddc44c3f0306 [Powersource] electric[MAXWEIGHT]:4000 [CLIMATEIMPACT]:medium [1 : cargo [NameOfGoods] mais [Weight]:20 [WagonTypeName]:boer, 1 : car [NameOfCar] audi [Weight]:50 [WagonTypeName]:dealer, 0 : car [NameOfCar] peugeot [Weight]:20 [WagonTypeName]:garage]
299304 [JavaFX Application Thread] INFO  r.application.AdministrationService - All trains
302266 [JavaFX Application Thread] INFO  r.application.AdministrationService - Show train info
302593 [JavaFX Application Thread] INFO  r.application.AdministrationService - Show train info[Train]: aids[id] bd0ce991-dbcb-47d3-9b27-ddc44c3f0306 [Powersource] electric[MAXWEIGHT]:4000 [CLIMATEIMPACT]:medium [1 : car [NameOfCar] audi [Weight]:50 [WagonTypeName]:dealer, 0 : car [NameOfCar] peugeot [Weight]:20 [WagonTypeName]:garage]
302594 [JavaFX Application Thread] INFO  r.application.AdministrationService - All wagons from train[Train]: aids[id] bd0ce991-dbcb-47d3-9b27-ddc44c3f0306 [Powersource] electric[MAXWEIGHT]:4000 [CLIMATEIMPACT]:medium [1 : car [NameOfCar] audi [Weight]:50 [WagonTypeName]:dealer, 0 : car [NameOfCar] peugeot [Weight]:20 [WagonTypeName]:garage]
305181 [JavaFX Application Thread] INFO  r.application.AdministrationService - Show train info
305494 [JavaFX Application Thread] INFO  r.application.AdministrationService - Show train info[Train]: aids[id] bd0ce991-dbcb-47d3-9b27-ddc44c3f0306 [Powersource] electric[MAXWEIGHT]:4000 [CLIMATEIMPACT]:medium [1 : car [NameOfCar] audi [Weight]:50 [WagonTypeName]:dealer, 0 : car [NameOfCar] peugeot [Weight]:20 [WagonTypeName]:garage]
309639 [JavaFX Application Thread] INFO  r.application.AdministrationService - Show train info
309958 [JavaFX Application Thread] INFO  r.application.AdministrationService - Show train info[Train]: aids[id] bd0ce991-dbcb-47d3-9b27-ddc44c3f0306 [Powersource] electric[MAXWEIGHT]:4000 [CLIMATEIMPACT]:medium [1 : car [NameOfCar] audi [Weight]:50 [WagonTypeName]:dealer, 1 : car [NameOfCar] peugeot [Weight]:20 [WagonTypeName]:garage]
311612 [JavaFX Application Thread] INFO  r.application.AdministrationService - Show train info
311932 [JavaFX Application Thread] INFO  r.application.AdministrationService - Show train info[Train]: aids[id] bd0ce991-dbcb-47d3-9b27-ddc44c3f0306 [Powersource] electric[MAXWEIGHT]:4000 [CLIMATEIMPACT]:medium [1 : car [NameOfCar] audi [Weight]:50 [WagonTypeName]:dealer, 1 : car [NameOfCar] peugeot [Weight]:20 [WagonTypeName]:garage]
311933 [JavaFX Application Thread] INFO  r.application.AdministrationService - All wagons from train[Train]: aids[id] bd0ce991-dbcb-47d3-9b27-ddc44c3f0306 [Powersource] electric[MAXWEIGHT]:4000 [CLIMATEIMPACT]:medium [1 : car [NameOfCar] audi [Weight]:50 [WagonTypeName]:dealer, 1 : car [NameOfCar] peugeot [Weight]:20 [WagonTypeName]:garage]
316208 [JavaFX Application Thread] INFO  r.application.AdministrationService - Delete wagon
316208 [JavaFX Application Thread] INFO  r.application.AdministrationService - Trainwagons before delete [1 : car [NameOfCar] audi [Weight]:50 [WagonTypeName]:dealer, 1 : car [NameOfCar] peugeot [Weight]:20 [WagonTypeName]:garage]
316912 [JavaFX Application Thread] INFO  r.application.AdministrationService - Show train info
317225 [JavaFX Application Thread] INFO  r.application.AdministrationService - Show train info[Train]: aids[id] bd0ce991-dbcb-47d3-9b27-ddc44c3f0306 [Powersource] electric[MAXWEIGHT]:4000 [CLIMATEIMPACT]:medium [0 : car [NameOfCar] audi [Weight]:50 [WagonTypeName]:dealer, 1 : car [NameOfCar] peugeot [Weight]:20 [WagonTypeName]:garage]
317225 [JavaFX Application Thread] INFO  r.application.AdministrationService - All wagons from train[Train]: aids[id] bd0ce991-dbcb-47d3-9b27-ddc44c3f0306 [Powersource] electric[MAXWEIGHT]:4000 [CLIMATEIMPACT]:medium [0 : car [NameOfCar] audi [Weight]:50 [WagonTypeName]:dealer, 1 : car [NameOfCar] peugeot [Weight]:20 [WagonTypeName]:garage]
319793 [JavaFX Application Thread] INFO  r.application.AdministrationService - Show train info
320114 [JavaFX Application Thread] INFO  r.application.AdministrationService - Show train info[Train]: aids[id] bd0ce991-dbcb-47d3-9b27-ddc44c3f0306 [Powersource] electric[MAXWEIGHT]:4000 [CLIMATEIMPACT]:medium [0 : car [NameOfCar] audi [Weight]:50 [WagonTypeName]:dealer, 1 : car [NameOfCar] peugeot [Weight]:20 [WagonTypeName]:garage]
324542 [JavaFX Application Thread] INFO  r.application.AdministrationService - Delete wagon
324542 [JavaFX Application Thread] INFO  r.application.AdministrationService - Trainwagons before delete [0 : car [NameOfCar] audi [Weight]:50 [WagonTypeName]:dealer, 1 : car [NameOfCar] peugeot [Weight]:20 [WagonTypeName]:garage]
324901 [JavaFX Application Thread] INFO  r.application.AdministrationService - Show train info
325230 [JavaFX Application Thread] INFO  r.application.AdministrationService - Show train info[Train]: aids[id] bd0ce991-dbcb-47d3-9b27-ddc44c3f0306 [Powersource] electric[MAXWEIGHT]:4000 [CLIMATEIMPACT]:medium [0 : car [NameOfCar] audi [Weight]:50 [WagonTypeName]:dealer, 0 : car [NameOfCar] peugeot [Weight]:20 [WagonTypeName]:garage]
363521 [JavaFX Application Thread] INFO  r.application.AdministrationService - Show train info
363823 [JavaFX Application Thread] INFO  r.application.AdministrationService - Show train info[Train]: aids[id] bd0ce991-dbcb-47d3-9b27-ddc44c3f0306 [Powersource] electric[MAXWEIGHT]:4000 [CLIMATEIMPACT]:medium [0 : car [NameOfCar] audi [Weight]:50 [WagonTypeName]:dealer, 0 : car [NameOfCar] peugeot [Weight]:20 [WagonTypeName]:garage]
363823 [JavaFX Application Thread] INFO  r.application.AdministrationService - All wagons from train[Train]: aids[id] bd0ce991-dbcb-47d3-9b27-ddc44c3f0306 [Powersource] electric[MAXWEIGHT]:4000 [CLIMATEIMPACT]:medium [0 : car [NameOfCar] audi [Weight]:50 [WagonTypeName]:dealer, 0 : car [NameOfCar] peugeot [Weight]:20 [WagonTypeName]:garage]
212  [JavaFX Application Thread] INFO  richrail.TrainApplication - Example log richrail.TrainApplication
1228 [JavaFX Application Thread] INFO  o.s.d.r.c.RepositoryConfigurationDelegate - Bootstrapping Spring Data JPA repositories in DEFAULT mode.
1316 [JavaFX Application Thread] INFO  o.s.d.r.c.RepositoryConfigurationDelegate - Finished Spring Data repository scanning in 80ms. Found 3 JPA repository interfaces.
1927 [JavaFX Application Thread] INFO  o.h.jpa.internal.util.LogHelper - HHH000204: Processing PersistenceUnitInfo [name: default]
1978 [JavaFX Application Thread] INFO  org.hibernate.Version - HHH000412: Hibernate ORM core version 5.4.20.Final
2108 [JavaFX Application Thread] INFO  o.h.annotations.common.Version - HCANN000001: Hibernate Commons Annotations {5.1.0.Final}
2401 [JavaFX Application Thread] INFO  com.zaxxer.hikari.HikariDataSource - HikariPool-1 - Starting...
2950 [JavaFX Application Thread] INFO  com.zaxxer.hikari.HikariDataSource - HikariPool-1 - Start completed.
2985 [JavaFX Application Thread] INFO  org.hibernate.dialect.Dialect - HHH000400: Using dialect: org.hibernate.dialect.PostgreSQL10Dialect
7142 [JavaFX Application Thread] INFO  o.h.validator.internal.util.Version - HV000001: Hibernate Validator 6.0.18.Final
8254 [JavaFX Application Thread] INFO  o.h.e.t.j.p.i.JtaPlatformInitiator - HHH000490: Using JtaPlatform implementation: [org.hibernate.engine.transaction.jta.platform.internal.NoJtaPlatform]
8260 [JavaFX Application Thread] INFO  o.s.o.j.LocalContainerEntityManagerFactoryBean - Initialized JPA EntityManagerFactory for persistence unit 'default'
22474 [JavaFX Application Thread] INFO  r.application.AdministrationService - All trains
37887 [JavaFX Application Thread] INFO  r.application.AdministrationService - Print powersources compatible with train weight
223  [JavaFX Application Thread] INFO  richrail.TrainApplication - Example log richrail.TrainApplication
1250 [JavaFX Application Thread] INFO  o.s.d.r.c.RepositoryConfigurationDelegate - Bootstrapping Spring Data JPA repositories in DEFAULT mode.
1347 [JavaFX Application Thread] INFO  o.s.d.r.c.RepositoryConfigurationDelegate - Finished Spring Data repository scanning in 86ms. Found 3 JPA repository interfaces.
1928 [JavaFX Application Thread] INFO  o.h.jpa.internal.util.LogHelper - HHH000204: Processing PersistenceUnitInfo [name: default]
1979 [JavaFX Application Thread] INFO  org.hibernate.Version - HHH000412: Hibernate ORM core version 5.4.20.Final
2120 [JavaFX Application Thread] INFO  o.h.annotations.common.Version - HCANN000001: Hibernate Commons Annotations {5.1.0.Final}
2406 [JavaFX Application Thread] INFO  com.zaxxer.hikari.HikariDataSource - HikariPool-1 - Starting...
2932 [JavaFX Application Thread] INFO  com.zaxxer.hikari.HikariDataSource - HikariPool-1 - Start completed.
2961 [JavaFX Application Thread] INFO  org.hibernate.dialect.Dialect - HHH000400: Using dialect: org.hibernate.dialect.PostgreSQL10Dialect
7095 [JavaFX Application Thread] INFO  o.h.validator.internal.util.Version - HV000001: Hibernate Validator 6.0.18.Final
8222 [JavaFX Application Thread] INFO  o.h.e.t.j.p.i.JtaPlatformInitiator - HHH000490: Using JtaPlatform implementation: [org.hibernate.engine.transaction.jta.platform.internal.NoJtaPlatform]
8228 [JavaFX Application Thread] INFO  o.s.o.j.LocalContainerEntityManagerFactoryBean - Initialized JPA EntityManagerFactory for persistence unit 'default'
60436 [JavaFX Application Thread] INFO  r.application.AdministrationService - All trains
63181 [JavaFX Application Thread] INFO  r.application.AdministrationService - Show train info
63243 [JavaFX Application Thread] INFO  r.application.AdministrationService - Show train info[Train]: test[id] 8a6d706c-5abd-4ade-9449-85ba48b669e0 [Powersource] wind[MAXWEIGHT]:300 [CLIMATEIMPACT]:low []
63254 [JavaFX Application Thread] INFO  r.application.AdministrationService - All wagons from train[Train]: test[id] 8a6d706c-5abd-4ade-9449-85ba48b669e0 [Powersource] wind[MAXWEIGHT]:300 [CLIMATEIMPACT]:low []
64790 [JavaFX Application Thread] INFO  r.application.AdministrationService - Show train info
64851 [JavaFX Application Thread] INFO  r.application.AdministrationService - Show train info[Train]: test[id] 8a6d706c-5abd-4ade-9449-85ba48b669e0 [Powersource] wind[MAXWEIGHT]:300 [CLIMATEIMPACT]:low []
67449 [JavaFX Application Thread] INFO  r.application.AdministrationService - Show train info
67551 [JavaFX Application Thread] INFO  r.application.AdministrationService - Show train info[Train]: test[id] 8a6d706c-5abd-4ade-9449-85ba48b669e0 [Powersource] wind[MAXWEIGHT]:300 [CLIMATEIMPACT]:low [1 : cargo [NameOfGoods] graan [Weight]:1 [WagonTypeName]:boerTest]
69662 [JavaFX Application Thread] INFO  r.application.AdministrationService - Show train info
69764 [JavaFX Application Thread] INFO  r.application.AdministrationService - Show train info[Train]: test[id] 8a6d706c-5abd-4ade-9449-85ba48b669e0 [Powersource] wind[MAXWEIGHT]:300 [CLIMATEIMPACT]:low [1 : cargo [NameOfGoods] graan [Weight]:1 [WagonTypeName]:boerTest]
69765 [JavaFX Application Thread] INFO  r.application.AdministrationService - All wagons from train[Train]: test[id] 8a6d706c-5abd-4ade-9449-85ba48b669e0 [Powersource] wind[MAXWEIGHT]:300 [CLIMATEIMPACT]:low [1 : cargo [NameOfGoods] graan [Weight]:1 [WagonTypeName]:boerTest]
71770 [JavaFX Application Thread] INFO  r.application.AdministrationService - Delete wagon
71771 [JavaFX Application Thread] INFO  r.application.AdministrationService - Trainwagons before delete [1 : cargo [NameOfGoods] graan [Weight]:1 [WagonTypeName]:boerTest]
71988 [JavaFX Application Thread] INFO  r.application.AdministrationService - Show train info
72078 [JavaFX Application Thread] INFO  r.application.AdministrationService - Show train info[Train]: test[id] 8a6d706c-5abd-4ade-9449-85ba48b669e0 [Powersource] wind[MAXWEIGHT]:300 [CLIMATEIMPACT]:low [0 : cargo [NameOfGoods] graan [Weight]:1 [WagonTypeName]:boerTest]
72079 [JavaFX Application Thread] INFO  r.application.AdministrationService - All wagons from train[Train]: test[id] 8a6d706c-5abd-4ade-9449-85ba48b669e0 [Powersource] wind[MAXWEIGHT]:300 [CLIMATEIMPACT]:low [0 : cargo [NameOfGoods] graan [Weight]:1 [WagonTypeName]:boerTest]
92418 [JavaFX Application Thread] INFO  r.application.AdministrationService - Show train info
92509 [JavaFX Application Thread] INFO  r.application.AdministrationService - Show train info[Train]: test[id] 8a6d706c-5abd-4ade-9449-85ba48b669e0 [Powersource] wind[MAXWEIGHT]:300 [CLIMATEIMPACT]:low [0 : cargo [NameOfGoods] graan [Weight]:1 [WagonTypeName]:boerTest]
97533 [JavaFX Application Thread] INFO  r.application.AdministrationService - Show train info
97631 [JavaFX Application Thread] INFO  r.application.AdministrationService - Show train info[Train]: test[id] 8a6d706c-5abd-4ade-9449-85ba48b669e0 [Powersource] wind[MAXWEIGHT]:300 [CLIMATEIMPACT]:low [1 : cargo [NameOfGoods] graan [Weight]:1 [WagonTypeName]:boerTest]
100707 [JavaFX Application Thread] INFO  r.application.AdministrationService - Show train info
100806 [JavaFX Application Thread] INFO  r.application.AdministrationService - Show train info[Train]: test[id] 8a6d706c-5abd-4ade-9449-85ba48b669e0 [Powersource] wind[MAXWEIGHT]:300 [CLIMATEIMPACT]:low [1 : cargo [NameOfGoods] graan [Weight]:1 [WagonTypeName]:boerTest]
106303 [JavaFX Application Thread] INFO  r.application.AdministrationService - Show train info
106398 [JavaFX Application Thread] INFO  r.application.AdministrationService - Show train info[Train]: test[id] 8a6d706c-5abd-4ade-9449-85ba48b669e0 [Powersource] wind[MAXWEIGHT]:300 [CLIMATEIMPACT]:low [1 : cargo [NameOfGoods] graan [Weight]:1 [WagonTypeName]:boerTest]
111667 [JavaFX Application Thread] INFO  r.application.AdministrationService - Show train info
111777 [JavaFX Application Thread] INFO  r.application.AdministrationService - Show train info[Train]: test[id] 8a6d706c-5abd-4ade-9449-85ba48b669e0 [Powersource] wind[MAXWEIGHT]:300 [CLIMATEIMPACT]:low [1 : cargo [NameOfGoods] graan [Weight]:1 [WagonTypeName]:boerTest]
219  [JavaFX Application Thread] INFO  richrail.TrainApplication - Example log richrail.TrainApplication
1232 [JavaFX Application Thread] INFO  o.s.d.r.c.RepositoryConfigurationDelegate - Bootstrapping Spring Data JPA repositories in DEFAULT mode.
1320 [JavaFX Application Thread] INFO  o.s.d.r.c.RepositoryConfigurationDelegate - Finished Spring Data repository scanning in 80ms. Found 3 JPA repository interfaces.
1932 [JavaFX Application Thread] INFO  o.h.jpa.internal.util.LogHelper - HHH000204: Processing PersistenceUnitInfo [name: default]
1979 [JavaFX Application Thread] INFO  org.hibernate.Version - HHH000412: Hibernate ORM core version 5.4.20.Final
2131 [JavaFX Application Thread] INFO  o.h.annotations.common.Version - HCANN000001: Hibernate Commons Annotations {5.1.0.Final}
2441 [JavaFX Application Thread] INFO  com.zaxxer.hikari.HikariDataSource - HikariPool-1 - Starting...
2986 [JavaFX Application Thread] INFO  com.zaxxer.hikari.HikariDataSource - HikariPool-1 - Start completed.
3013 [JavaFX Application Thread] INFO  org.hibernate.dialect.Dialect - HHH000400: Using dialect: org.hibernate.dialect.PostgreSQL10Dialect
7262 [JavaFX Application Thread] INFO  o.h.validator.internal.util.Version - HV000001: Hibernate Validator 6.0.18.Final
8438 [JavaFX Application Thread] INFO  o.h.e.t.j.p.i.JtaPlatformInitiator - HHH000490: Using JtaPlatform implementation: [org.hibernate.engine.transaction.jta.platform.internal.NoJtaPlatform]
8446 [JavaFX Application Thread] INFO  o.s.o.j.LocalContainerEntityManagerFactoryBean - Initialized JPA EntityManagerFactory for persistence unit 'default'
39445 [JavaFX Application Thread] INFO  r.application.AdministrationService - All trains
42751 [JavaFX Application Thread] INFO  r.application.AdministrationService - Show train info
42851 [JavaFX Application Thread] INFO  r.application.AdministrationService - Show train info[Train]: test[id] 8a6d706c-5abd-4ade-9449-85ba48b669e0 [Powersource] wind[MAXWEIGHT]:300 [CLIMATEIMPACT]:low [1 : cargo [NameOfGoods] graan [Weight]:1 [WagonTypeName]:boerTest]
42861 [JavaFX Application Thread] INFO  r.application.AdministrationService - All wagons from train[Train]: test[id] 8a6d706c-5abd-4ade-9449-85ba48b669e0 [Powersource] wind[MAXWEIGHT]:300 [CLIMATEIMPACT]:low [1 : cargo [NameOfGoods] graan [Weight]:1 [WagonTypeName]:boerTest]
44755 [JavaFX Application Thread] INFO  r.application.AdministrationService - Show train info
44852 [JavaFX Application Thread] INFO  r.application.AdministrationService - Show train info[Train]: test[id] 8a6d706c-5abd-4ade-9449-85ba48b669e0 [Powersource] wind[MAXWEIGHT]:300 [CLIMATEIMPACT]:low [1 : cargo [NameOfGoods] graan [Weight]:1 [WagonTypeName]:boerTest]
50239 [JavaFX Application Thread] INFO  r.application.AdministrationService - Show train info
50365 [JavaFX Application Thread] INFO  r.application.AdministrationService - Show train info[Train]: test[id] 8a6d706c-5abd-4ade-9449-85ba48b669e0 [Powersource] wind[MAXWEIGHT]:300 [CLIMATEIMPACT]:low [1 : cargo [NameOfGoods] graan [Weight]:1 [WagonTypeName]:boerTest, 1 : person [NumberOfPassengers] 20 [Weight]:40 [WagonTypeName]:testPerson]
54897 [JavaFX Application Thread] INFO  r.application.AdministrationService - Show train info
55024 [JavaFX Application Thread] INFO  r.application.AdministrationService - Show train info[Train]: test[id] 8a6d706c-5abd-4ade-9449-85ba48b669e0 [Powersource] wind[MAXWEIGHT]:300 [CLIMATEIMPACT]:low [1 : cargo [NameOfGoods] graan [Weight]:1 [WagonTypeName]:boerTest, 1 : person [NumberOfPassengers] 20 [Weight]:40 [WagonTypeName]:testPerson]
69914 [JavaFX Application Thread] INFO  r.application.AdministrationService - Show train info
70051 [JavaFX Application Thread] INFO  r.application.AdministrationService - Show train info[Train]: test[id] 8a6d706c-5abd-4ade-9449-85ba48b669e0 [Powersource] wind[MAXWEIGHT]:300 [CLIMATEIMPACT]:low [1 : cargo [NameOfGoods] graan [Weight]:1 [WagonTypeName]:boerTest, 1 : person [NumberOfPassengers] 20 [Weight]:40 [WagonTypeName]:testPerson]
206  [JavaFX Application Thread] INFO  richrail.TrainApplication - Example log richrail.TrainApplication
1190 [JavaFX Application Thread] INFO  o.s.d.r.c.RepositoryConfigurationDelegate - Bootstrapping Spring Data JPA repositories in DEFAULT mode.
1277 [JavaFX Application Thread] INFO  o.s.d.r.c.RepositoryConfigurationDelegate - Finished Spring Data repository scanning in 80ms. Found 3 JPA repository interfaces.
1868 [JavaFX Application Thread] INFO  o.h.jpa.internal.util.LogHelper - HHH000204: Processing PersistenceUnitInfo [name: default]
1916 [JavaFX Application Thread] INFO  org.hibernate.Version - HHH000412: Hibernate ORM core version 5.4.20.Final
2041 [JavaFX Application Thread] INFO  o.h.annotations.common.Version - HCANN000001: Hibernate Commons Annotations {5.1.0.Final}
2347 [JavaFX Application Thread] INFO  com.zaxxer.hikari.HikariDataSource - HikariPool-1 - Starting...
2883 [JavaFX Application Thread] INFO  com.zaxxer.hikari.HikariDataSource - HikariPool-1 - Start completed.
2911 [JavaFX Application Thread] INFO  org.hibernate.dialect.Dialect - HHH000400: Using dialect: org.hibernate.dialect.PostgreSQL10Dialect
7168 [JavaFX Application Thread] INFO  o.h.validator.internal.util.Version - HV000001: Hibernate Validator 6.0.18.Final
8305 [JavaFX Application Thread] INFO  o.h.e.t.j.p.i.JtaPlatformInitiator - HHH000490: Using JtaPlatform implementation: [org.hibernate.engine.transaction.jta.platform.internal.NoJtaPlatform]
8311 [JavaFX Application Thread] INFO  o.s.o.j.LocalContainerEntityManagerFactoryBean - Initialized JPA EntityManagerFactory for persistence unit 'default'
33974 [JavaFX Application Thread] INFO  r.application.AdministrationService - All trains
36143 [JavaFX Application Thread] INFO  r.application.AdministrationService - Show train info
36275 [JavaFX Application Thread] INFO  r.application.AdministrationService - Show train info[Train]: test[id] 8a6d706c-5abd-4ade-9449-85ba48b669e0 [Powersource] wind[MAXWEIGHT]:300 [CLIMATEIMPACT]:low [1 : cargo [NameOfGoods] graan [Weight]:1 [WagonTypeName]:boerTest, 1 : person [NumberOfPassengers] 20 [Weight]:40 [WagonTypeName]:testPerson]
36285 [JavaFX Application Thread] INFO  r.application.AdministrationService - All wagons from train[Train]: test[id] 8a6d706c-5abd-4ade-9449-85ba48b669e0 [Powersource] wind[MAXWEIGHT]:300 [CLIMATEIMPACT]:low [1 : cargo [NameOfGoods] graan [Weight]:1 [WagonTypeName]:boerTest, 1 : person [NumberOfPassengers] 20 [Weight]:40 [WagonTypeName]:testPerson]
39705 [JavaFX Application Thread] INFO  r.application.AdministrationService - Show train info
40289 [JavaFX Application Thread] INFO  r.application.AdministrationService - Show train info[Train]: test[id] 8a6d706c-5abd-4ade-9449-85ba48b669e0 [Powersource] wind[MAXWEIGHT]:300 [CLIMATEIMPACT]:low [1 : cargo [NameOfGoods] graan [Weight]:1 [WagonTypeName]:boerTest, 1 : person [NumberOfPassengers] 20 [Weight]:40 [WagonTypeName]:testPerson]
43824 [JavaFX Application Thread] INFO  r.application.AdministrationService - Show train info
43946 [JavaFX Application Thread] INFO  r.application.AdministrationService - Show train info[Train]: test[id] 8a6d706c-5abd-4ade-9449-85ba48b669e0 [Powersource] wind[MAXWEIGHT]:300 [CLIMATEIMPACT]:low [1 : cargo [NameOfGoods] graan [Weight]:1 [WagonTypeName]:boerTest, 1 : person [NumberOfPassengers] 20 [Weight]:40 [WagonTypeName]:testPerson]
55357 [JavaFX Application Thread] INFO  r.application.AdministrationService - Show train info
55484 [JavaFX Application Thread] INFO  r.application.AdministrationService - Show train info[Train]: test[id] 8a6d706c-5abd-4ade-9449-85ba48b669e0 [Powersource] wind[MAXWEIGHT]:300 [CLIMATEIMPACT]:low [1 : cargo [NameOfGoods] graan [Weight]:1 [WagonTypeName]:boerTest, 1 : person [NumberOfPassengers] 20 [Weight]:40 [WagonTypeName]:testPerson]
81980 [JavaFX Application Thread] INFO  r.application.AdministrationService - Show train info
82107 [JavaFX Application Thread] INFO  r.application.AdministrationService - Show train info[Train]: test[id] 8a6d706c-5abd-4ade-9449-85ba48b669e0 [Powersource] wind[MAXWEIGHT]:300 [CLIMATEIMPACT]:low [1 : person [NumberOfPassengers] 20 [Weight]:40 [WagonTypeName]:testPerson, 2 : cargo [NameOfGoods] graan [Weight]:1 [WagonTypeName]:boerTest]
87752 [JavaFX Application Thread] INFO  r.application.AdministrationService - Show train info
87876 [JavaFX Application Thread] INFO  r.application.AdministrationService - Show train info[Train]: test[id] 8a6d706c-5abd-4ade-9449-85ba48b669e0 [Powersource] wind[MAXWEIGHT]:300 [CLIMATEIMPACT]:low [2 : cargo [NameOfGoods] graan [Weight]:1 [WagonTypeName]:boerTest, 2 : person [NumberOfPassengers] 20 [Weight]:40 [WagonTypeName]:testPerson]
225  [JavaFX Application Thread] INFO  richrail.TrainApplication - Example log richrail.TrainApplication
1213 [JavaFX Application Thread] INFO  o.s.d.r.c.RepositoryConfigurationDelegate - Bootstrapping Spring Data JPA repositories in DEFAULT mode.
1301 [JavaFX Application Thread] INFO  o.s.d.r.c.RepositoryConfigurationDelegate - Finished Spring Data repository scanning in 79ms. Found 3 JPA repository interfaces.
1913 [JavaFX Application Thread] INFO  o.h.jpa.internal.util.LogHelper - HHH000204: Processing PersistenceUnitInfo [name: default]
1960 [JavaFX Application Thread] INFO  org.hibernate.Version - HHH000412: Hibernate ORM core version 5.4.20.Final
2088 [JavaFX Application Thread] INFO  o.h.annotations.common.Version - HCANN000001: Hibernate Commons Annotations {5.1.0.Final}
2380 [JavaFX Application Thread] INFO  com.zaxxer.hikari.HikariDataSource - HikariPool-1 - Starting...
2930 [JavaFX Application Thread] INFO  com.zaxxer.hikari.HikariDataSource - HikariPool-1 - Start completed.
2958 [JavaFX Application Thread] INFO  org.hibernate.dialect.Dialect - HHH000400: Using dialect: org.hibernate.dialect.PostgreSQL10Dialect
7262 [JavaFX Application Thread] INFO  o.h.validator.internal.util.Version - HV000001: Hibernate Validator 6.0.18.Final
8365 [JavaFX Application Thread] INFO  o.h.e.t.j.p.i.JtaPlatformInitiator - HHH000490: Using JtaPlatform implementation: [org.hibernate.engine.transaction.jta.platform.internal.NoJtaPlatform]
8372 [JavaFX Application Thread] INFO  o.s.o.j.LocalContainerEntityManagerFactoryBean - Initialized JPA EntityManagerFactory for persistence unit 'default'
21471 [JavaFX Application Thread] INFO  r.application.AdministrationService - All trains
24479 [JavaFX Application Thread] INFO  r.application.AdministrationService - Show train info
24613 [JavaFX Application Thread] INFO  r.application.AdministrationService - Show train info[Train]: test[id] 8a6d706c-5abd-4ade-9449-85ba48b669e0 [Powersource] wind[MAXWEIGHT]:300 [CLIMATEIMPACT]:low [2 : cargo [NameOfGoods] graan [Weight]:1 [WagonTypeName]:boerTest, 2 : person [NumberOfPassengers] 20 [Weight]:40 [WagonTypeName]:testPerson]
24624 [JavaFX Application Thread] INFO  r.application.AdministrationService - All wagons from train[Train]: test[id] 8a6d706c-5abd-4ade-9449-85ba48b669e0 [Powersource] wind[MAXWEIGHT]:300 [CLIMATEIMPACT]:low [2 : cargo [NameOfGoods] graan [Weight]:1 [WagonTypeName]:boerTest, 2 : person [NumberOfPassengers] 20 [Weight]:40 [WagonTypeName]:testPerson]
27869 [JavaFX Application Thread] INFO  r.application.AdministrationService - Delete wagon
27870 [JavaFX Application Thread] INFO  r.application.AdministrationService - Trainwagons before delete [2 : cargo [NameOfGoods] graan [Weight]:1 [WagonTypeName]:boerTest, 2 : person [NumberOfPassengers] 20 [Weight]:40 [WagonTypeName]:testPerson]
28189 [JavaFX Application Thread] INFO  r.application.AdministrationService - Show train info
28332 [JavaFX Application Thread] INFO  r.application.AdministrationService - Show train info[Train]: test[id] 8a6d706c-5abd-4ade-9449-85ba48b669e0 [Powersource] wind[MAXWEIGHT]:300 [CLIMATEIMPACT]:low [2 : cargo [NameOfGoods] graan [Weight]:1 [WagonTypeName]:boerTest, 0 : person [NumberOfPassengers] 20 [Weight]:40 [WagonTypeName]:testPerson]
28332 [JavaFX Application Thread] INFO  r.application.AdministrationService - All wagons from train[Train]: test[id] 8a6d706c-5abd-4ade-9449-85ba48b669e0 [Powersource] wind[MAXWEIGHT]:300 [CLIMATEIMPACT]:low [2 : cargo [NameOfGoods] graan [Weight]:1 [WagonTypeName]:boerTest, 0 : person [NumberOfPassengers] 20 [Weight]:40 [WagonTypeName]:testPerson]
250  [JavaFX Application Thread] INFO  richrail.TrainApplication - Example log richrail.TrainApplication
1246 [JavaFX Application Thread] INFO  o.s.d.r.c.RepositoryConfigurationDelegate - Bootstrapping Spring Data JPA repositories in DEFAULT mode.
1335 [JavaFX Application Thread] INFO  o.s.d.r.c.RepositoryConfigurationDelegate - Finished Spring Data repository scanning in 82ms. Found 3 JPA repository interfaces.
1931 [JavaFX Application Thread] INFO  o.h.jpa.internal.util.LogHelper - HHH000204: Processing PersistenceUnitInfo [name: default]
1977 [JavaFX Application Thread] INFO  org.hibernate.Version - HHH000412: Hibernate ORM core version 5.4.20.Final
2105 [JavaFX Application Thread] INFO  o.h.annotations.common.Version - HCANN000001: Hibernate Commons Annotations {5.1.0.Final}
2402 [JavaFX Application Thread] INFO  com.zaxxer.hikari.HikariDataSource - HikariPool-1 - Starting...
2961 [JavaFX Application Thread] INFO  com.zaxxer.hikari.HikariDataSource - HikariPool-1 - Start completed.
2989 [JavaFX Application Thread] INFO  org.hibernate.dialect.Dialect - HHH000400: Using dialect: org.hibernate.dialect.PostgreSQL10Dialect
7267 [JavaFX Application Thread] INFO  o.h.validator.internal.util.Version - HV000001: Hibernate Validator 6.0.18.Final
8402 [JavaFX Application Thread] INFO  o.h.e.t.j.p.i.JtaPlatformInitiator - HHH000490: Using JtaPlatform implementation: [org.hibernate.engine.transaction.jta.platform.internal.NoJtaPlatform]
8408 [JavaFX Application Thread] INFO  o.s.o.j.LocalContainerEntityManagerFactoryBean - Initialized JPA EntityManagerFactory for persistence unit 'default'
13118 [JavaFX Application Thread] INFO  r.application.AdministrationService - All trains
15642 [JavaFX Application Thread] INFO  r.application.AdministrationService - Show train info
15773 [JavaFX Application Thread] INFO  r.application.AdministrationService - Show train info[Train]: test[id] 8a6d706c-5abd-4ade-9449-85ba48b669e0 [Powersource] wind[MAXWEIGHT]:300 [CLIMATEIMPACT]:low [2 : cargo [NameOfGoods] graan [Weight]:1 [WagonTypeName]:boerTest, 0 : person [NumberOfPassengers] 20 [Weight]:40 [WagonTypeName]:testPerson]
15783 [JavaFX Application Thread] INFO  r.application.AdministrationService - All wagons from train[Train]: test[id] 8a6d706c-5abd-4ade-9449-85ba48b669e0 [Powersource] wind[MAXWEIGHT]:300 [CLIMATEIMPACT]:low [2 : cargo [NameOfGoods] graan [Weight]:1 [WagonTypeName]:boerTest, 0 : person [NumberOfPassengers] 20 [Weight]:40 [WagonTypeName]:testPerson]
17245 [JavaFX Application Thread] INFO  r.application.AdministrationService - Delete wagon
17246 [JavaFX Application Thread] INFO  r.application.AdministrationService - Trainwagons before delete [2 : cargo [NameOfGoods] graan [Weight]:1 [WagonTypeName]:boerTest, 0 : person [NumberOfPassengers] 20 [Weight]:40 [WagonTypeName]:testPerson]
17556 [JavaFX Application Thread] INFO  r.application.AdministrationService - Show train info
17684 [JavaFX Application Thread] INFO  r.application.AdministrationService - Show train info[Train]: test[id] 8a6d706c-5abd-4ade-9449-85ba48b669e0 [Powersource] wind[MAXWEIGHT]:300 [CLIMATEIMPACT]:low [0 : person [NumberOfPassengers] 20 [Weight]:40 [WagonTypeName]:testPerson, 1 : cargo [NameOfGoods] graan [Weight]:1 [WagonTypeName]:boerTest]
17685 [JavaFX Application Thread] INFO  r.application.AdministrationService - All wagons from train[Train]: test[id] 8a6d706c-5abd-4ade-9449-85ba48b669e0 [Powersource] wind[MAXWEIGHT]:300 [CLIMATEIMPACT]:low [0 : person [NumberOfPassengers] 20 [Weight]:40 [WagonTypeName]:testPerson, 1 : cargo [NameOfGoods] graan [Weight]:1 [WagonTypeName]:boerTest]
20151 [JavaFX Application Thread] INFO  r.application.AdministrationService - Delete wagon
20151 [JavaFX Application Thread] INFO  r.application.AdministrationService - Trainwagons before delete [0 : person [NumberOfPassengers] 20 [Weight]:40 [WagonTypeName]:testPerson, 1 : cargo [NameOfGoods] graan [Weight]:1 [WagonTypeName]:boerTest]
20439 [JavaFX Application Thread] INFO  r.application.AdministrationService - Show train info
20565 [JavaFX Application Thread] INFO  r.application.AdministrationService - Show train info[Train]: test[id] 8a6d706c-5abd-4ade-9449-85ba48b669e0 [Powersource] wind[MAXWEIGHT]:300 [CLIMATEIMPACT]:low [0 : person [NumberOfPassengers] 20 [Weight]:40 [WagonTypeName]:testPerson, 0 : cargo [NameOfGoods] graan [Weight]:1 [WagonTypeName]:boerTest]
20566 [JavaFX Application Thread] INFO  r.application.AdministrationService - All wagons from train[Train]: test[id] 8a6d706c-5abd-4ade-9449-85ba48b669e0 [Powersource] wind[MAXWEIGHT]:300 [CLIMATEIMPACT]:low [0 : person [NumberOfPassengers] 20 [Weight]:40 [WagonTypeName]:testPerson, 0 : cargo [NameOfGoods] graan [Weight]:1 [WagonTypeName]:boerTest]
21959 [JavaFX Application Thread] INFO  r.application.AdministrationService - Show train info
22084 [JavaFX Application Thread] INFO  r.application.AdministrationService - Show train info[Train]: test[id] 8a6d706c-5abd-4ade-9449-85ba48b669e0 [Powersource] wind[MAXWEIGHT]:300 [CLIMATEIMPACT]:low [0 : person [NumberOfPassengers] 20 [Weight]:40 [WagonTypeName]:testPerson, 0 : cargo [NameOfGoods] graan [Weight]:1 [WagonTypeName]:boerTest]
24821 [JavaFX Application Thread] INFO  r.application.AdministrationService - Show train info
24950 [JavaFX Application Thread] INFO  r.application.AdministrationService - Show train info[Train]: test[id] 8a6d706c-5abd-4ade-9449-85ba48b669e0 [Powersource] wind[MAXWEIGHT]:300 [CLIMATEIMPACT]:low [0 : person [NumberOfPassengers] 20 [Weight]:40 [WagonTypeName]:testPerson, 0 : cargo [NameOfGoods] graan [Weight]:1 [WagonTypeName]:boerTest]
35036 [JavaFX Application Thread] INFO  r.application.AdministrationService - Show train info
35160 [JavaFX Application Thread] INFO  r.application.AdministrationService - Show train info[Train]: test[id] 8a6d706c-5abd-4ade-9449-85ba48b669e0 [Powersource] wind[MAXWEIGHT]:300 [CLIMATEIMPACT]:low [0 : person [NumberOfPassengers] 20 [Weight]:40 [WagonTypeName]:testPerson, 1 : cargo [NameOfGoods] graan [Weight]:1 [WagonTypeName]:boerTest]
37028 [JavaFX Application Thread] INFO  r.application.AdministrationService - Show train info
37154 [JavaFX Application Thread] INFO  r.application.AdministrationService - Show train info[Train]: test[id] 8a6d706c-5abd-4ade-9449-85ba48b669e0 [Powersource] wind[MAXWEIGHT]:300 [CLIMATEIMPACT]:low [0 : person [NumberOfPassengers] 20 [Weight]:40 [WagonTypeName]:testPerson, 1 : cargo [NameOfGoods] graan [Weight]:1 [WagonTypeName]:boerTest]
37155 [JavaFX Application Thread] INFO  r.application.AdministrationService - All wagons from train[Train]: test[id] 8a6d706c-5abd-4ade-9449-85ba48b669e0 [Powersource] wind[MAXWEIGHT]:300 [CLIMATEIMPACT]:low [0 : person [NumberOfPassengers] 20 [Weight]:40 [WagonTypeName]:testPerson, 1 : cargo [NameOfGoods] graan [Weight]:1 [WagonTypeName]:boerTest]
38127 [JavaFX Application Thread] INFO  r.application.AdministrationService - Show train info
38253 [JavaFX Application Thread] INFO  r.application.AdministrationService - Show train info[Train]: test[id] 8a6d706c-5abd-4ade-9449-85ba48b669e0 [Powersource] wind[MAXWEIGHT]:300 [CLIMATEIMPACT]:low [0 : person [NumberOfPassengers] 20 [Weight]:40 [WagonTypeName]:testPerson, 1 : cargo [NameOfGoods] graan [Weight]:1 [WagonTypeName]:boerTest]
410011 [JavaFX Application Thread] INFO  r.application.AdministrationService - All trains
413718 [JavaFX Application Thread] INFO  r.application.AdministrationService - Show train info
413847 [JavaFX Application Thread] INFO  r.application.AdministrationService - Show train info[Train]: test[id] 8a6d706c-5abd-4ade-9449-85ba48b669e0 [Powersource] wind[MAXWEIGHT]:300 [CLIMATEIMPACT]:low [0 : person [NumberOfPassengers] 20 [Weight]:40 [WagonTypeName]:testPerson, 1 : cargo [NameOfGoods] graan [Weight]:1 [WagonTypeName]:boerTest]
413848 [JavaFX Application Thread] INFO  r.application.AdministrationService - All wagons from train[Train]: test[id] 8a6d706c-5abd-4ade-9449-85ba48b669e0 [Powersource] wind[MAXWEIGHT]:300 [CLIMATEIMPACT]:low [0 : person [NumberOfPassengers] 20 [Weight]:40 [WagonTypeName]:testPerson, 1 : cargo [NameOfGoods] graan [Weight]:1 [WagonTypeName]:boerTest]
428327 [JavaFX Application Thread] INFO  r.application.AdministrationService - Print powersources compatible with train weight
439875 [JavaFX Application Thread] INFO  r.application.AdministrationService - Print powersources compatible with train weight
458508 [JavaFX Application Thread] INFO  r.application.AdministrationService - Print powersources compatible with train weight
538831 [JavaFX Application Thread] INFO  r.application.AdministrationService - All trains
547760 [JavaFX Application Thread] INFO  r.application.AdministrationService - All trains
567944 [JavaFX Application Thread] INFO  r.application.AdministrationService - All trains
604160 [JavaFX Application Thread] INFO  r.application.AdministrationService - All trains
609246 [JavaFX Application Thread] INFO  r.application.AdministrationService - Show train info
609376 [JavaFX Application Thread] INFO  r.application.AdministrationService - Show train info[Train]: test[id] 8a6d706c-5abd-4ade-9449-85ba48b669e0 [Powersource] wind[MAXWEIGHT]:300 [CLIMATEIMPACT]:low [0 : person [NumberOfPassengers] 20 [Weight]:40 [WagonTypeName]:testPerson, 1 : cargo [NameOfGoods] graan [Weight]:1 [WagonTypeName]:boerTest]
609377 [JavaFX Application Thread] INFO  r.application.AdministrationService - All wagons from train[Train]: test[id] 8a6d706c-5abd-4ade-9449-85ba48b669e0 [Powersource] wind[MAXWEIGHT]:300 [CLIMATEIMPACT]:low [0 : person [NumberOfPassengers] 20 [Weight]:40 [WagonTypeName]:testPerson, 1 : cargo [NameOfGoods] graan [Weight]:1 [WagonTypeName]:boerTest]
614445 [JavaFX Application Thread] INFO  r.application.AdministrationService - Show train info
614570 [JavaFX Application Thread] INFO  r.application.AdministrationService - Show train info[Train]: test[id] 8a6d706c-5abd-4ade-9449-85ba48b669e0 [Powersource] wind[MAXWEIGHT]:300 [CLIMATEIMPACT]:low [0 : person [NumberOfPassengers] 20 [Weight]:40 [WagonTypeName]:testPerson, 1 : cargo [NameOfGoods] graan [Weight]:1 [WagonTypeName]:boerTest]
617389 [JavaFX Application Thread] INFO  r.application.AdministrationService - Show train info
617512 [JavaFX Application Thread] INFO  r.application.AdministrationService - Show train info[Train]: test[id] 8a6d706c-5abd-4ade-9449-85ba48b669e0 [Powersource] wind[MAXWEIGHT]:300 [CLIMATEIMPACT]:low [0 : person [NumberOfPassengers] 20 [Weight]:40 [WagonTypeName]:testPerson, 2 : cargo [NameOfGoods] graan [Weight]:1 [WagonTypeName]:boerTest]
618937 [JavaFX Application Thread] INFO  r.application.AdministrationService - Show train info
619072 [JavaFX Application Thread] INFO  r.application.AdministrationService - Show train info[Train]: test[id] 8a6d706c-5abd-4ade-9449-85ba48b669e0 [Powersource] wind[MAXWEIGHT]:300 [CLIMATEIMPACT]:low [0 : person [NumberOfPassengers] 20 [Weight]:40 [WagonTypeName]:testPerson, 2 : cargo [NameOfGoods] graan [Weight]:1 [WagonTypeName]:boerTest]
619072 [JavaFX Application Thread] INFO  r.application.AdministrationService - All wagons from train[Train]: test[id] 8a6d706c-5abd-4ade-9449-85ba48b669e0 [Powersource] wind[MAXWEIGHT]:300 [CLIMATEIMPACT]:low [0 : person [NumberOfPassengers] 20 [Weight]:40 [WagonTypeName]:testPerson, 2 : cargo [NameOfGoods] graan [Weight]:1 [WagonTypeName]:boerTest]
626796 [JavaFX Application Thread] INFO  r.application.AdministrationService - Show train info
626919 [JavaFX Application Thread] INFO  r.application.AdministrationService - Show train info[Train]: test[id] 8a6d706c-5abd-4ade-9449-85ba48b669e0 [Powersource] wind[MAXWEIGHT]:300 [CLIMATEIMPACT]:low [0 : person [NumberOfPassengers] 20 [Weight]:40 [WagonTypeName]:testPerson, 2 : cargo [NameOfGoods] graan [Weight]:1 [WagonTypeName]:boerTest]
643344 [JavaFX Application Thread] INFO  r.application.AdministrationService - Show train info
643467 [JavaFX Application Thread] INFO  r.application.AdministrationService - Show train info[Train]: test[id] 8a6d706c-5abd-4ade-9449-85ba48b669e0 [Powersource] wind[MAXWEIGHT]:300 [CLIMATEIMPACT]:low [0 : person [NumberOfPassengers] 20 [Weight]:40 [WagonTypeName]:testPerson, 2 : cargo [NameOfGoods] graan [Weight]:1 [WagonTypeName]:boerTest]
651080 [JavaFX Application Thread] INFO  r.application.AdministrationService - Show train info
651203 [JavaFX Application Thread] INFO  r.application.AdministrationService - Show train info[Train]: test[id] 8a6d706c-5abd-4ade-9449-85ba48b669e0 [Powersource] wind[MAXWEIGHT]:300 [CLIMATEIMPACT]:low [0 : person [NumberOfPassengers] 20 [Weight]:40 [WagonTypeName]:testPerson, 2 : cargo [NameOfGoods] graan [Weight]:1 [WagonTypeName]:boerTest]
654016 [JavaFX Application Thread] INFO  r.application.AdministrationService - Show train info
654144 [JavaFX Application Thread] INFO  r.application.AdministrationService - Show train info[Train]: test[id] 8a6d706c-5abd-4ade-9449-85ba48b669e0 [Powersource] wind[MAXWEIGHT]:300 [CLIMATEIMPACT]:low [0 : person [NumberOfPassengers] 20 [Weight]:40 [WagonTypeName]:testPerson, 2 : cargo [NameOfGoods] graan [Weight]:1 [WagonTypeName]:boerTest]
654145 [JavaFX Application Thread] INFO  r.application.AdministrationService - All wagons from train[Train]: test[id] 8a6d706c-5abd-4ade-9449-85ba48b669e0 [Powersource] wind[MAXWEIGHT]:300 [CLIMATEIMPACT]:low [0 : person [NumberOfPassengers] 20 [Weight]:40 [WagonTypeName]:testPerson, 2 : cargo [NameOfGoods] graan [Weight]:1 [WagonTypeName]:boerTest]
661173 [JavaFX Application Thread] INFO  r.application.AdministrationService - Show train info
661296 [JavaFX Application Thread] INFO  r.application.AdministrationService - Show train info[Train]: test[id] 8a6d706c-5abd-4ade-9449-85ba48b669e0 [Powersource] wind[MAXWEIGHT]:300 [CLIMATEIMPACT]:low [0 : person [NumberOfPassengers] 20 [Weight]:40 [WagonTypeName]:testPerson, 2 : cargo [NameOfGoods] graan [Weight]:1 [WagonTypeName]:boerTest]
665032 [JavaFX Application Thread] INFO  r.application.AdministrationService - Show train info
665155 [JavaFX Application Thread] INFO  r.application.AdministrationService - Show train info[Train]: test[id] 8a6d706c-5abd-4ade-9449-85ba48b669e0 [Powersource] wind[MAXWEIGHT]:300 [CLIMATEIMPACT]:low [0 : person [NumberOfPassengers] 20 [Weight]:40 [WagonTypeName]:testPerson, 2 : cargo [NameOfGoods] graan [Weight]:1 [WagonTypeName]:boerTest]
687890 [JavaFX Application Thread] INFO  r.application.AdministrationService - Show train info
688012 [JavaFX Application Thread] INFO  r.application.AdministrationService - Show train info[Train]: test[id] 8a6d706c-5abd-4ade-9449-85ba48b669e0 [Powersource] wind[MAXWEIGHT]:300 [CLIMATEIMPACT]:low [0 : person [NumberOfPassengers] 20 [Weight]:40 [WagonTypeName]:testPerson, 2 : cargo [NameOfGoods] graan [Weight]:1 [WagonTypeName]:boerTest]
688013 [JavaFX Application Thread] INFO  r.application.AdministrationService - All wagons from train[Train]: test[id] 8a6d706c-5abd-4ade-9449-85ba48b669e0 [Powersource] wind[MAXWEIGHT]:300 [CLIMATEIMPACT]:low [0 : person [NumberOfPassengers] 20 [Weight]:40 [WagonTypeName]:testPerson, 2 : cargo [NameOfGoods] graan [Weight]:1 [WagonTypeName]:boerTest]
693919 [JavaFX Application Thread] INFO  r.application.AdministrationService - Show train info
694051 [JavaFX Application Thread] INFO  r.application.AdministrationService - Show train info[Train]: test[id] 8a6d706c-5abd-4ade-9449-85ba48b669e0 [Powersource] wind[MAXWEIGHT]:300 [CLIMATEIMPACT]:low [0 : person [NumberOfPassengers] 20 [Weight]:40 [WagonTypeName]:testPerson, 2 : cargo [NameOfGoods] graan [Weight]:1 [WagonTypeName]:boerTest]
698590 [JavaFX Application Thread] INFO  r.application.AdministrationService - Show train info
698712 [JavaFX Application Thread] INFO  r.application.AdministrationService - Show train info[Train]: test[id] 8a6d706c-5abd-4ade-9449-85ba48b669e0 [Powersource] wind[MAXWEIGHT]:300 [CLIMATEIMPACT]:low [2 : cargo [NameOfGoods] graan [Weight]:1 [WagonTypeName]:boerTest, 1 : person [NumberOfPassengers] 20 [Weight]:40 [WagonTypeName]:testPerson]
703500 [JavaFX Application Thread] INFO  r.application.AdministrationService - Show train info
703638 [JavaFX Application Thread] INFO  r.application.AdministrationService - Show train info[Train]: test[id] 8a6d706c-5abd-4ade-9449-85ba48b669e0 [Powersource] wind[MAXWEIGHT]:300 [CLIMATEIMPACT]:low [2 : cargo [NameOfGoods] graan [Weight]:1 [WagonTypeName]:boerTest, 1 : person [NumberOfPassengers] 20 [Weight]:40 [WagonTypeName]:testPerson]
703639 [JavaFX Application Thread] INFO  r.application.AdministrationService - All wagons from train[Train]: test[id] 8a6d706c-5abd-4ade-9449-85ba48b669e0 [Powersource] wind[MAXWEIGHT]:300 [CLIMATEIMPACT]:low [2 : cargo [NameOfGoods] graan [Weight]:1 [WagonTypeName]:boerTest, 1 : person [NumberOfPassengers] 20 [Weight]:40 [WagonTypeName]:testPerson]
720362 [JavaFX Application Thread] INFO  r.application.AdministrationService - All trains
727383 [JavaFX Application Thread] INFO  r.application.AdministrationService - Show train info
727445 [JavaFX Application Thread] INFO  r.application.AdministrationService - Show train info[Train]: suckcock[id] be7c7611-5dd8-45c4-a4fa-112313b5539c [Powersource] petroleum[MAXWEIGHT]:10000 [CLIMATEIMPACT]:high []
727446 [JavaFX Application Thread] INFO  r.application.AdministrationService - All wagons from train[Train]: suckcock[id] be7c7611-5dd8-45c4-a4fa-112313b5539c [Powersource] petroleum[MAXWEIGHT]:10000 [CLIMATEIMPACT]:high []
729702 [JavaFX Application Thread] INFO  r.application.AdministrationService - Show train info
729764 [JavaFX Application Thread] INFO  r.application.AdministrationService - Show train info[Train]: suckcock[id] be7c7611-5dd8-45c4-a4fa-112313b5539c [Powersource] petroleum[MAXWEIGHT]:10000 [CLIMATEIMPACT]:high []
732913 [JavaFX Application Thread] INFO  r.application.AdministrationService - Show train info
733006 [JavaFX Application Thread] INFO  r.application.AdministrationService - Show train info[Train]: suckcock[id] be7c7611-5dd8-45c4-a4fa-112313b5539c [Powersource] petroleum[MAXWEIGHT]:10000 [CLIMATEIMPACT]:high [1 : car [NameOfCar] audi [Weight]:400 [WagonTypeName]:testCar]
748347 [JavaFX Application Thread] INFO  r.application.AdministrationService - Show train info
748439 [JavaFX Application Thread] INFO  r.application.AdministrationService - Show train info[Train]: suckcock[id] be7c7611-5dd8-45c4-a4fa-112313b5539c [Powersource] petroleum[MAXWEIGHT]:10000 [CLIMATEIMPACT]:high [1 : car [NameOfCar] audi [Weight]:400 [WagonTypeName]:testCar]
748439 [JavaFX Application Thread] INFO  r.application.AdministrationService - All wagons from train[Train]: suckcock[id] be7c7611-5dd8-45c4-a4fa-112313b5539c [Powersource] petroleum[MAXWEIGHT]:10000 [CLIMATEIMPACT]:high [1 : car [NameOfCar] audi [Weight]:400 [WagonTypeName]:testCar]
769565 [JavaFX Application Thread] INFO  r.application.AdministrationService - All trains
780801 [JavaFX Application Thread] INFO  r.application.AdministrationService - All trains
789467 [JavaFX Application Thread] INFO  r.application.AdministrationService - All trains
795056 [JavaFX Application Thread] INFO  r.application.AdministrationService - All trains
800551 [JavaFX Application Thread] INFO  r.application.AdministrationService - All trains
334  [JavaFX Application Thread] INFO  richrail.TrainApplication - Example log richrail.TrainApplication
1516 [JavaFX Application Thread] INFO  o.s.d.r.c.RepositoryConfigurationDelegate - Bootstrapping Spring Data JPA repositories in DEFAULT mode.
1628 [JavaFX Application Thread] INFO  o.s.d.r.c.RepositoryConfigurationDelegate - Finished Spring Data repository scanning in 100ms. Found 3 JPA repository interfaces.
2437 [JavaFX Application Thread] INFO  o.h.jpa.internal.util.LogHelper - HHH000204: Processing PersistenceUnitInfo [name: default]
2513 [JavaFX Application Thread] INFO  org.hibernate.Version - HHH000412: Hibernate ORM core version 5.4.20.Final
2702 [JavaFX Application Thread] INFO  o.h.annotations.common.Version - HCANN000001: Hibernate Commons Annotations {5.1.0.Final}
3034 [JavaFX Application Thread] INFO  com.zaxxer.hikari.HikariDataSource - HikariPool-1 - Starting...
3672 [JavaFX Application Thread] INFO  com.zaxxer.hikari.HikariDataSource - HikariPool-1 - Start completed.
3709 [JavaFX Application Thread] INFO  org.hibernate.dialect.Dialect - HHH000400: Using dialect: org.hibernate.dialect.PostgreSQL10Dialect
7947 [JavaFX Application Thread] INFO  o.h.validator.internal.util.Version - HV000001: Hibernate Validator 6.0.18.Final
9275 [JavaFX Application Thread] INFO  o.h.e.t.j.p.i.JtaPlatformInitiator - HHH000490: Using JtaPlatform implementation: [org.hibernate.engine.transaction.jta.platform.internal.NoJtaPlatform]
9282 [JavaFX Application Thread] INFO  o.s.o.j.LocalContainerEntityManagerFactoryBean - Initialized JPA EntityManagerFactory for persistence unit 'default'
18699 [JavaFX Application Thread] INFO  r.application.AdministrationService - All trains
44980 [JavaFX Application Thread] INFO  r.application.AdministrationService - Print powersources compatible with train weight
72765 [JavaFX Application Thread] INFO  r.application.AdministrationService - All trains
236  [JavaFX Application Thread] INFO  richrail.TrainApplication - Example log richrail.TrainApplication
1381 [JavaFX Application Thread] INFO  o.s.d.r.c.RepositoryConfigurationDelegate - Bootstrapping Spring Data JPA repositories in DEFAULT mode.
1474 [JavaFX Application Thread] INFO  o.s.d.r.c.RepositoryConfigurationDelegate - Finished Spring Data repository scanning in 84ms. Found 3 JPA repository interfaces.
2158 [JavaFX Application Thread] INFO  o.h.jpa.internal.util.LogHelper - HHH000204: Processing PersistenceUnitInfo [name: default]
2215 [JavaFX Application Thread] INFO  org.hibernate.Version - HHH000412: Hibernate ORM core version 5.4.20.Final
2378 [JavaFX Application Thread] INFO  o.h.annotations.common.Version - HCANN000001: Hibernate Commons Annotations {5.1.0.Final}
2706 [JavaFX Application Thread] INFO  com.zaxxer.hikari.HikariDataSource - HikariPool-1 - Starting...
3289 [JavaFX Application Thread] INFO  com.zaxxer.hikari.HikariDataSource - HikariPool-1 - Start completed.
3319 [JavaFX Application Thread] INFO  org.hibernate.dialect.Dialect - HHH000400: Using dialect: org.hibernate.dialect.PostgreSQL10Dialect
7726 [JavaFX Application Thread] INFO  o.h.validator.internal.util.Version - HV000001: Hibernate Validator 6.0.18.Final
8898 [JavaFX Application Thread] INFO  o.h.e.t.j.p.i.JtaPlatformInitiator - HHH000490: Using JtaPlatform implementation: [org.hibernate.engine.transaction.jta.platform.internal.NoJtaPlatform]
8905 [JavaFX Application Thread] INFO  o.s.o.j.LocalContainerEntityManagerFactoryBean - Initialized JPA EntityManagerFactory for persistence unit 'default'
33492 [JavaFX Application Thread] INFO  r.application.AdministrationService - All trains
36016 [JavaFX Application Thread] INFO  r.application.AdministrationService - All trains
49013 [JavaFX Application Thread] INFO  r.application.AdministrationService - Print powersources compatible with train weight
55424 [JavaFX Application Thread] INFO  r.application.AdministrationService - All trains
211  [JavaFX Application Thread] INFO  richrail.TrainApplication - Example log richrail.TrainApplication
1223 [JavaFX Application Thread] INFO  o.s.d.r.c.RepositoryConfigurationDelegate - Bootstrapping Spring Data JPA repositories in DEFAULT mode.
1318 [JavaFX Application Thread] INFO  o.s.d.r.c.RepositoryConfigurationDelegate - Finished Spring Data repository scanning in 83ms. Found 3 JPA repository interfaces.
1922 [JavaFX Application Thread] INFO  o.h.jpa.internal.util.LogHelper - HHH000204: Processing PersistenceUnitInfo [name: default]
1976 [JavaFX Application Thread] INFO  org.hibernate.Version - HHH000412: Hibernate ORM core version 5.4.20.Final
2112 [JavaFX Application Thread] INFO  o.h.annotations.common.Version - HCANN000001: Hibernate Commons Annotations {5.1.0.Final}
2411 [JavaFX Application Thread] INFO  com.zaxxer.hikari.HikariDataSource - HikariPool-1 - Starting...
2928 [JavaFX Application Thread] INFO  com.zaxxer.hikari.HikariDataSource - HikariPool-1 - Start completed.
2956 [JavaFX Application Thread] INFO  org.hibernate.dialect.Dialect - HHH000400: Using dialect: org.hibernate.dialect.PostgreSQL10Dialect
7114 [JavaFX Application Thread] INFO  o.h.validator.internal.util.Version - HV000001: Hibernate Validator 6.0.18.Final
8260 [JavaFX Application Thread] INFO  o.h.e.t.j.p.i.JtaPlatformInitiator - HHH000490: Using JtaPlatform implementation: [org.hibernate.engine.transaction.jta.platform.internal.NoJtaPlatform]
8266 [JavaFX Application Thread] INFO  o.s.o.j.LocalContainerEntityManagerFactoryBean - Initialized JPA EntityManagerFactory for persistence unit 'default'
33549 [JavaFX Application Thread] INFO  r.application.AdministrationService - Print powersources compatible with train weight
59022 [JavaFX Application Thread] INFO  r.application.AdministrationService - Print powersources compatible with train weight
219  [JavaFX Application Thread] INFO  richrail.TrainApplication - Example log richrail.TrainApplication
1207 [JavaFX Application Thread] INFO  o.s.d.r.c.RepositoryConfigurationDelegate - Bootstrapping Spring Data JPA repositories in DEFAULT mode.
1293 [JavaFX Application Thread] INFO  o.s.d.r.c.RepositoryConfigurationDelegate - Finished Spring Data repository scanning in 79ms. Found 3 JPA repository interfaces.
1894 [JavaFX Application Thread] INFO  o.h.jpa.internal.util.LogHelper - HHH000204: Processing PersistenceUnitInfo [name: default]
1941 [JavaFX Application Thread] INFO  org.hibernate.Version - HHH000412: Hibernate ORM core version 5.4.20.Final
2071 [JavaFX Application Thread] INFO  o.h.annotations.common.Version - HCANN000001: Hibernate Commons Annotations {5.1.0.Final}
2361 [JavaFX Application Thread] INFO  com.zaxxer.hikari.HikariDataSource - HikariPool-1 - Starting...
2909 [JavaFX Application Thread] INFO  com.zaxxer.hikari.HikariDataSource - HikariPool-1 - Start completed.
2936 [JavaFX Application Thread] INFO  org.hibernate.dialect.Dialect - HHH000400: Using dialect: org.hibernate.dialect.PostgreSQL10Dialect
7149 [JavaFX Application Thread] INFO  o.h.validator.internal.util.Version - HV000001: Hibernate Validator 6.0.18.Final
8308 [JavaFX Application Thread] INFO  o.h.e.t.j.p.i.JtaPlatformInitiator - HHH000490: Using JtaPlatform implementation: [org.hibernate.engine.transaction.jta.platform.internal.NoJtaPlatform]
8314 [JavaFX Application Thread] INFO  o.s.o.j.LocalContainerEntityManagerFactoryBean - Initialized JPA EntityManagerFactory for persistence unit 'default'
38468 [JavaFX Application Thread] INFO  r.application.AdministrationService - All trains
45964 [JavaFX Application Thread] INFO  r.application.AdministrationService - Show train info
46030 [JavaFX Application Thread] INFO  r.application.AdministrationService - Show train info[Train]: test[id] 237def09-856f-4b3e-9bee-e3279dedcda7 null []
56228 [JavaFX Application Thread] INFO  r.application.AdministrationService - All trains
58224 [JavaFX Application Thread] INFO  r.application.AdministrationService - All trains
63031 [JavaFX Application Thread] INFO  r.application.AdministrationService - All trains
65467 [JavaFX Application Thread] INFO  r.application.AdministrationService - Show train info
65531 [JavaFX Application Thread] INFO  r.application.AdministrationService - Show train info[Train]: test[id] d6991043-eb65-4b1e-98ca-827000848b73 [Powersource] petroleum[MAXWEIGHT]:10000 [CLIMATEIMPACT]:high []
65545 [JavaFX Application Thread] INFO  r.application.AdministrationService - All wagons from train[Train]: test[id] d6991043-eb65-4b1e-98ca-827000848b73 [Powersource] petroleum[MAXWEIGHT]:10000 [CLIMATEIMPACT]:high []
79569 [JavaFX Application Thread] INFO  r.application.AdministrationService - Print powersources compatible with train weight
100326 [JavaFX Application Thread] INFO  r.application.AdministrationService - Print powersources compatible with train weight
228  [JavaFX Application Thread] INFO  richrail.TrainApplication - Example log richrail.TrainApplication
1229 [JavaFX Application Thread] INFO  o.s.d.r.c.RepositoryConfigurationDelegate - Bootstrapping Spring Data JPA repositories in DEFAULT mode.
1319 [JavaFX Application Thread] INFO  o.s.d.r.c.RepositoryConfigurationDelegate - Finished Spring Data repository scanning in 79ms. Found 3 JPA repository interfaces.
1948 [JavaFX Application Thread] INFO  o.h.jpa.internal.util.LogHelper - HHH000204: Processing PersistenceUnitInfo [name: default]
1997 [JavaFX Application Thread] INFO  org.hibernate.Version - HHH000412: Hibernate ORM core version 5.4.20.Final
2123 [JavaFX Application Thread] INFO  o.h.annotations.common.Version - HCANN000001: Hibernate Commons Annotations {5.1.0.Final}
2421 [JavaFX Application Thread] INFO  com.zaxxer.hikari.HikariDataSource - HikariPool-1 - Starting...
2953 [JavaFX Application Thread] INFO  com.zaxxer.hikari.HikariDataSource - HikariPool-1 - Start completed.
2979 [JavaFX Application Thread] INFO  org.hibernate.dialect.Dialect - HHH000400: Using dialect: org.hibernate.dialect.PostgreSQL10Dialect
7075 [JavaFX Application Thread] INFO  o.h.validator.internal.util.Version - HV000001: Hibernate Validator 6.0.18.Final
8179 [JavaFX Application Thread] INFO  o.h.e.t.j.p.i.JtaPlatformInitiator - HHH000490: Using JtaPlatform implementation: [org.hibernate.engine.transaction.jta.platform.internal.NoJtaPlatform]
8185 [JavaFX Application Thread] INFO  o.s.o.j.LocalContainerEntityManagerFactoryBean - Initialized JPA EntityManagerFactory for persistence unit 'default'
49815 [JavaFX Application Thread] INFO  r.application.AdministrationService - All trains
58371 [JavaFX Application Thread] INFO  r.application.AdministrationService - Print powersources compatible with train weight
66179 [JavaFX Application Thread] INFO  r.application.AdministrationService - Print powersources compatible with train weight
234  [JavaFX Application Thread] INFO  richrail.TrainApplication - Example log richrail.TrainApplication
1224 [JavaFX Application Thread] INFO  o.s.d.r.c.RepositoryConfigurationDelegate - Bootstrapping Spring Data JPA repositories in DEFAULT mode.
1321 [JavaFX Application Thread] INFO  o.s.d.r.c.RepositoryConfigurationDelegate - Finished Spring Data repository scanning in 86ms. Found 3 JPA repository interfaces.
1938 [JavaFX Application Thread] INFO  o.h.jpa.internal.util.LogHelper - HHH000204: Processing PersistenceUnitInfo [name: default]
1986 [JavaFX Application Thread] INFO  org.hibernate.Version - HHH000412: Hibernate ORM core version 5.4.20.Final
2115 [JavaFX Application Thread] INFO  o.h.annotations.common.Version - HCANN000001: Hibernate Commons Annotations {5.1.0.Final}
2411 [JavaFX Application Thread] INFO  com.zaxxer.hikari.HikariDataSource - HikariPool-1 - Starting...
2950 [JavaFX Application Thread] INFO  com.zaxxer.hikari.HikariDataSource - HikariPool-1 - Start completed.
2979 [JavaFX Application Thread] INFO  org.hibernate.dialect.Dialect - HHH000400: Using dialect: org.hibernate.dialect.PostgreSQL10Dialect
7107 [JavaFX Application Thread] INFO  o.h.validator.internal.util.Version - HV000001: Hibernate Validator 6.0.18.Final
8263 [JavaFX Application Thread] INFO  o.h.e.t.j.p.i.JtaPlatformInitiator - HHH000490: Using JtaPlatform implementation: [org.hibernate.engine.transaction.jta.platform.internal.NoJtaPlatform]
8270 [JavaFX Application Thread] INFO  o.s.o.j.LocalContainerEntityManagerFactoryBean - Initialized JPA EntityManagerFactory for persistence unit 'default'
12221 [JavaFX Application Thread] INFO  r.application.AdministrationService - All trains
23083 [JavaFX Application Thread] INFO  r.application.AdministrationService - Print powersources compatible with train weight
29568 [JavaFX Application Thread] INFO  r.application.AdministrationService - Print powersources compatible with train weight
37248 [JavaFX Application Thread] INFO  r.application.AdministrationService - Print powersources compatible with train weight
233  [JavaFX Application Thread] INFO  richrail.TrainApplication - Example log richrail.TrainApplication
1220 [JavaFX Application Thread] INFO  o.s.d.r.c.RepositoryConfigurationDelegate - Bootstrapping Spring Data JPA repositories in DEFAULT mode.
1305 [JavaFX Application Thread] INFO  o.s.d.r.c.RepositoryConfigurationDelegate - Finished Spring Data repository scanning in 76ms. Found 3 JPA repository interfaces.
1915 [JavaFX Application Thread] INFO  o.h.jpa.internal.util.LogHelper - HHH000204: Processing PersistenceUnitInfo [name: default]
1970 [JavaFX Application Thread] INFO  org.hibernate.Version - HHH000412: Hibernate ORM core version 5.4.20.Final
2104 [JavaFX Application Thread] INFO  o.h.annotations.common.Version - HCANN000001: Hibernate Commons Annotations {5.1.0.Final}
2400 [JavaFX Application Thread] INFO  com.zaxxer.hikari.HikariDataSource - HikariPool-1 - Starting...
2930 [JavaFX Application Thread] INFO  com.zaxxer.hikari.HikariDataSource - HikariPool-1 - Start completed.
2958 [JavaFX Application Thread] INFO  org.hibernate.dialect.Dialect - HHH000400: Using dialect: org.hibernate.dialect.PostgreSQL10Dialect
7166 [JavaFX Application Thread] INFO  o.h.validator.internal.util.Version - HV000001: Hibernate Validator 6.0.18.Final
8298 [JavaFX Application Thread] INFO  o.h.e.t.j.p.i.JtaPlatformInitiator - HHH000490: Using JtaPlatform implementation: [org.hibernate.engine.transaction.jta.platform.internal.NoJtaPlatform]
8304 [JavaFX Application Thread] INFO  o.s.o.j.LocalContainerEntityManagerFactoryBean - Initialized JPA EntityManagerFactory for persistence unit 'default'
13834 [JavaFX Application Thread] INFO  r.application.AdministrationService - All trains
56473 [JavaFX Application Thread] INFO  r.application.AdministrationService - Print powersources compatible with train weight
247  [JavaFX Application Thread] INFO  richrail.TrainApplication - Example log richrail.TrainApplication
1260 [JavaFX Application Thread] INFO  o.s.d.r.c.RepositoryConfigurationDelegate - Bootstrapping Spring Data JPA repositories in DEFAULT mode.
1350 [JavaFX Application Thread] INFO  o.s.d.r.c.RepositoryConfigurationDelegate - Finished Spring Data repository scanning in 81ms. Found 3 JPA repository interfaces.
1968 [JavaFX Application Thread] INFO  o.h.jpa.internal.util.LogHelper - HHH000204: Processing PersistenceUnitInfo [name: default]
2016 [JavaFX Application Thread] INFO  org.hibernate.Version - HHH000412: Hibernate ORM core version 5.4.20.Final
2154 [JavaFX Application Thread] INFO  o.h.annotations.common.Version - HCANN000001: Hibernate Commons Annotations {5.1.0.Final}
2449 [JavaFX Application Thread] INFO  com.zaxxer.hikari.HikariDataSource - HikariPool-1 - Starting...
2995 [JavaFX Application Thread] INFO  com.zaxxer.hikari.HikariDataSource - HikariPool-1 - Start completed.
3022 [JavaFX Application Thread] INFO  org.hibernate.dialect.Dialect - HHH000400: Using dialect: org.hibernate.dialect.PostgreSQL10Dialect
7336 [JavaFX Application Thread] INFO  o.h.validator.internal.util.Version - HV000001: Hibernate Validator 6.0.18.Final
8483 [JavaFX Application Thread] INFO  o.h.e.t.j.p.i.JtaPlatformInitiator - HHH000490: Using JtaPlatform implementation: [org.hibernate.engine.transaction.jta.platform.internal.NoJtaPlatform]
8490 [JavaFX Application Thread] INFO  o.s.o.j.LocalContainerEntityManagerFactoryBean - Initialized JPA EntityManagerFactory for persistence unit 'default'
238  [JavaFX Application Thread] INFO  richrail.TrainApplication - Example log richrail.TrainApplication
1208 [JavaFX Application Thread] INFO  o.s.d.r.c.RepositoryConfigurationDelegate - Bootstrapping Spring Data JPA repositories in DEFAULT mode.
1293 [JavaFX Application Thread] INFO  o.s.d.r.c.RepositoryConfigurationDelegate - Finished Spring Data repository scanning in 77ms. Found 3 JPA repository interfaces.
1909 [JavaFX Application Thread] INFO  o.h.jpa.internal.util.LogHelper - HHH000204: Processing PersistenceUnitInfo [name: default]
1956 [JavaFX Application Thread] INFO  org.hibernate.Version - HHH000412: Hibernate ORM core version 5.4.20.Final
2088 [JavaFX Application Thread] INFO  o.h.annotations.common.Version - HCANN000001: Hibernate Commons Annotations {5.1.0.Final}
2376 [JavaFX Application Thread] INFO  com.zaxxer.hikari.HikariDataSource - HikariPool-1 - Starting...
2913 [JavaFX Application Thread] INFO  com.zaxxer.hikari.HikariDataSource - HikariPool-1 - Start completed.
2941 [JavaFX Application Thread] INFO  org.hibernate.dialect.Dialect - HHH000400: Using dialect: org.hibernate.dialect.PostgreSQL10Dialect
7144 [JavaFX Application Thread] INFO  o.h.validator.internal.util.Version - HV000001: Hibernate Validator 6.0.18.Final
8302 [JavaFX Application Thread] INFO  o.h.e.t.j.p.i.JtaPlatformInitiator - HHH000490: Using JtaPlatform implementation: [org.hibernate.engine.transaction.jta.platform.internal.NoJtaPlatform]
8309 [JavaFX Application Thread] INFO  o.s.o.j.LocalContainerEntityManagerFactoryBean - Initialized JPA EntityManagerFactory for persistence unit 'default'
24057 [JavaFX Application Thread] INFO  r.application.AdministrationService - All trains
231  [JavaFX Application Thread] INFO  richrail.TrainApplication - Example log richrail.TrainApplication
1209 [JavaFX Application Thread] INFO  o.s.d.r.c.RepositoryConfigurationDelegate - Bootstrapping Spring Data JPA repositories in DEFAULT mode.
1301 [JavaFX Application Thread] INFO  o.s.d.r.c.RepositoryConfigurationDelegate - Finished Spring Data repository scanning in 84ms. Found 3 JPA repository interfaces.
1896 [JavaFX Application Thread] INFO  o.h.jpa.internal.util.LogHelper - HHH000204: Processing PersistenceUnitInfo [name: default]
1944 [JavaFX Application Thread] INFO  org.hibernate.Version - HHH000412: Hibernate ORM core version 5.4.20.Final
2070 [JavaFX Application Thread] INFO  o.h.annotations.common.Version - HCANN000001: Hibernate Commons Annotations {5.1.0.Final}
2375 [JavaFX Application Thread] INFO  com.zaxxer.hikari.HikariDataSource - HikariPool-1 - Starting...
2902 [JavaFX Application Thread] INFO  com.zaxxer.hikari.HikariDataSource - HikariPool-1 - Start completed.
2929 [JavaFX Application Thread] INFO  org.hibernate.dialect.Dialect - HHH000400: Using dialect: org.hibernate.dialect.PostgreSQL10Dialect
6945 [JavaFX Application Thread] INFO  o.h.validator.internal.util.Version - HV000001: Hibernate Validator 6.0.18.Final
8076 [JavaFX Application Thread] INFO  o.h.e.t.j.p.i.JtaPlatformInitiator - HHH000490: Using JtaPlatform implementation: [org.hibernate.engine.transaction.jta.platform.internal.NoJtaPlatform]
8083 [JavaFX Application Thread] INFO  o.s.o.j.LocalContainerEntityManagerFactoryBean - Initialized JPA EntityManagerFactory for persistence unit 'default'
12143 [JavaFX Application Thread] INFO  r.application.AdministrationService - All trains
219  [JavaFX Application Thread] INFO  richrail.TrainApplication - Example log richrail.TrainApplication
1216 [JavaFX Application Thread] INFO  o.s.d.r.c.RepositoryConfigurationDelegate - Bootstrapping Spring Data JPA repositories in DEFAULT mode.
1303 [JavaFX Application Thread] INFO  o.s.d.r.c.RepositoryConfigurationDelegate - Finished Spring Data repository scanning in 78ms. Found 3 JPA repository interfaces.
1924 [JavaFX Application Thread] INFO  o.h.jpa.internal.util.LogHelper - HHH000204: Processing PersistenceUnitInfo [name: default]
1980 [JavaFX Application Thread] INFO  org.hibernate.Version - HHH000412: Hibernate ORM core version 5.4.20.Final
2108 [JavaFX Application Thread] INFO  o.h.annotations.common.Version - HCANN000001: Hibernate Commons Annotations {5.1.0.Final}
2400 [JavaFX Application Thread] INFO  com.zaxxer.hikari.HikariDataSource - HikariPool-1 - Starting...
2935 [JavaFX Application Thread] INFO  com.zaxxer.hikari.HikariDataSource - HikariPool-1 - Start completed.
2963 [JavaFX Application Thread] INFO  org.hibernate.dialect.Dialect - HHH000400: Using dialect: org.hibernate.dialect.PostgreSQL10Dialect
7195 [JavaFX Application Thread] INFO  o.h.validator.internal.util.Version - HV000001: Hibernate Validator 6.0.18.Final
9323 [JavaFX Application Thread] INFO  o.h.e.t.j.p.i.JtaPlatformInitiator - HHH000490: Using JtaPlatform implementation: [org.hibernate.engine.transaction.jta.platform.internal.NoJtaPlatform]
9329 [JavaFX Application Thread] INFO  o.s.o.j.LocalContainerEntityManagerFactoryBean - Initialized JPA EntityManagerFactory for persistence unit 'default'
210  [JavaFX Application Thread] INFO  richrail.TrainApplication - Example log richrail.TrainApplication
1207 [JavaFX Application Thread] INFO  o.s.d.r.c.RepositoryConfigurationDelegate - Bootstrapping Spring Data JPA repositories in DEFAULT mode.
1293 [JavaFX Application Thread] INFO  o.s.d.r.c.RepositoryConfigurationDelegate - Finished Spring Data repository scanning in 78ms. Found 3 JPA repository interfaces.
1876 [JavaFX Application Thread] INFO  o.h.jpa.internal.util.LogHelper - HHH000204: Processing PersistenceUnitInfo [name: default]
1923 [JavaFX Application Thread] INFO  org.hibernate.Version - HHH000412: Hibernate ORM core version 5.4.20.Final
2051 [JavaFX Application Thread] INFO  o.h.annotations.common.Version - HCANN000001: Hibernate Commons Annotations {5.1.0.Final}
2356 [JavaFX Application Thread] INFO  com.zaxxer.hikari.HikariDataSource - HikariPool-1 - Starting...
2898 [JavaFX Application Thread] INFO  com.zaxxer.hikari.HikariDataSource - HikariPool-1 - Start completed.
2925 [JavaFX Application Thread] INFO  org.hibernate.dialect.Dialect - HHH000400: Using dialect: org.hibernate.dialect.PostgreSQL10Dialect
7091 [JavaFX Application Thread] INFO  o.h.validator.internal.util.Version - HV000001: Hibernate Validator 6.0.18.Final
8209 [JavaFX Application Thread] INFO  o.h.e.t.j.p.i.JtaPlatformInitiator - HHH000490: Using JtaPlatform implementation: [org.hibernate.engine.transaction.jta.platform.internal.NoJtaPlatform]
8217 [JavaFX Application Thread] INFO  o.s.o.j.LocalContainerEntityManagerFactoryBean - Initialized JPA EntityManagerFactory for persistence unit 'default'
225  [JavaFX Application Thread] INFO  richrail.TrainApplication - Example log richrail.TrainApplication
1214 [JavaFX Application Thread] INFO  o.s.d.r.c.RepositoryConfigurationDelegate - Bootstrapping Spring Data JPA repositories in DEFAULT mode.
1304 [JavaFX Application Thread] INFO  o.s.d.r.c.RepositoryConfigurationDelegate - Finished Spring Data repository scanning in 81ms. Found 3 JPA repository interfaces.
1900 [JavaFX Application Thread] INFO  o.h.jpa.internal.util.LogHelper - HHH000204: Processing PersistenceUnitInfo [name: default]
1960 [JavaFX Application Thread] INFO  org.hibernate.Version - HHH000412: Hibernate ORM core version 5.4.20.Final
2084 [JavaFX Application Thread] INFO  o.h.annotations.common.Version - HCANN000001: Hibernate Commons Annotations {5.1.0.Final}
2383 [JavaFX Application Thread] INFO  com.zaxxer.hikari.HikariDataSource - HikariPool-1 - Starting...
2903 [JavaFX Application Thread] INFO  com.zaxxer.hikari.HikariDataSource - HikariPool-1 - Start completed.
2930 [JavaFX Application Thread] INFO  org.hibernate.dialect.Dialect - HHH000400: Using dialect: org.hibernate.dialect.PostgreSQL10Dialect
7138 [JavaFX Application Thread] INFO  o.h.validator.internal.util.Version - HV000001: Hibernate Validator 6.0.18.Final
8279 [JavaFX Application Thread] INFO  o.h.e.t.j.p.i.JtaPlatformInitiator - HHH000490: Using JtaPlatform implementation: [org.hibernate.engine.transaction.jta.platform.internal.NoJtaPlatform]
8286 [JavaFX Application Thread] INFO  o.s.o.j.LocalContainerEntityManagerFactoryBean - Initialized JPA EntityManagerFactory for persistence unit 'default'
235  [JavaFX Application Thread] INFO  richrail.TrainApplication - Example log richrail.TrainApplication
1055 [JavaFX Application Thread] INFO  o.s.d.r.c.RepositoryConfigurationDelegate - Bootstrapping Spring Data JPA repositories in DEFAULT mode.
1170 [JavaFX Application Thread] INFO  o.s.d.r.c.RepositoryConfigurationDelegate - Finished Spring Data repository scanning in 103ms. Found 3 JPA repository interfaces.
1775 [JavaFX Application Thread] INFO  o.h.jpa.internal.util.LogHelper - HHH000204: Processing PersistenceUnitInfo [name: default]
1825 [JavaFX Application Thread] INFO  org.hibernate.Version - HHH000412: Hibernate ORM core version 5.4.20.Final
1949 [JavaFX Application Thread] INFO  o.h.annotations.common.Version - HCANN000001: Hibernate Commons Annotations {5.1.0.Final}
2241 [JavaFX Application Thread] INFO  com.zaxxer.hikari.HikariDataSource - HikariPool-1 - Starting...
2875 [JavaFX Application Thread] INFO  com.zaxxer.hikari.HikariDataSource - HikariPool-1 - Start completed.
2903 [JavaFX Application Thread] INFO  org.hibernate.dialect.Dialect - HHH000400: Using dialect: org.hibernate.dialect.PostgreSQL10Dialect
7541 [JavaFX Application Thread] INFO  o.h.validator.internal.util.Version - HV000001: Hibernate Validator 6.0.18.Final
8762 [JavaFX Application Thread] INFO  o.h.e.t.j.p.i.JtaPlatformInitiator - HHH000490: Using JtaPlatform implementation: [org.hibernate.engine.transaction.jta.platform.internal.NoJtaPlatform]
8772 [JavaFX Application Thread] INFO  o.s.o.j.LocalContainerEntityManagerFactoryBean - Initialized JPA EntityManagerFactory for persistence unit 'default'
13018 [JavaFX Application Thread] INFO  r.application.AdministrationService - All trains
27499 [JavaFX Application Thread] INFO  r.application.AdministrationService - Print powersources compatible with train weight
237  [JavaFX Application Thread] INFO  richrail.TrainApplication - Example log richrail.TrainApplication
1213 [JavaFX Application Thread] INFO  o.s.d.r.c.RepositoryConfigurationDelegate - Bootstrapping Spring Data JPA repositories in DEFAULT mode.
1302 [JavaFX Application Thread] INFO  o.s.d.r.c.RepositoryConfigurationDelegate - Finished Spring Data repository scanning in 80ms. Found 3 JPA repository interfaces.
1918 [JavaFX Application Thread] INFO  o.h.jpa.internal.util.LogHelper - HHH000204: Processing PersistenceUnitInfo [name: default]
1967 [JavaFX Application Thread] INFO  org.hibernate.Version - HHH000412: Hibernate ORM core version 5.4.20.Final
2095 [JavaFX Application Thread] INFO  o.h.annotations.common.Version - HCANN000001: Hibernate Commons Annotations {5.1.0.Final}
2385 [JavaFX Application Thread] INFO  com.zaxxer.hikari.HikariDataSource - HikariPool-1 - Starting...
2922 [JavaFX Application Thread] INFO  com.zaxxer.hikari.HikariDataSource - HikariPool-1 - Start completed.
2948 [JavaFX Application Thread] INFO  org.hibernate.dialect.Dialect - HHH000400: Using dialect: org.hibernate.dialect.PostgreSQL10Dialect
7200 [JavaFX Application Thread] INFO  o.h.validator.internal.util.Version - HV000001: Hibernate Validator 6.0.18.Final
8370 [JavaFX Application Thread] INFO  o.h.e.t.j.p.i.JtaPlatformInitiator - HHH000490: Using JtaPlatform implementation: [org.hibernate.engine.transaction.jta.platform.internal.NoJtaPlatform]
8377 [JavaFX Application Thread] INFO  o.s.o.j.LocalContainerEntityManagerFactoryBean - Initialized JPA EntityManagerFactory for persistence unit 'default'
29310 [JavaFX Application Thread] INFO  r.application.AdministrationService - Print powersources compatible with train weight
238  [JavaFX Application Thread] INFO  richrail.TrainApplication - Example log richrail.TrainApplication
1207 [JavaFX Application Thread] INFO  o.s.d.r.c.RepositoryConfigurationDelegate - Bootstrapping Spring Data JPA repositories in DEFAULT mode.
1295 [JavaFX Application Thread] INFO  o.s.d.r.c.RepositoryConfigurationDelegate - Finished Spring Data repository scanning in 80ms. Found 3 JPA repository interfaces.
1895 [JavaFX Application Thread] INFO  o.h.jpa.internal.util.LogHelper - HHH000204: Processing PersistenceUnitInfo [name: default]
1942 [JavaFX Application Thread] INFO  org.hibernate.Version - HHH000412: Hibernate ORM core version 5.4.20.Final
2069 [JavaFX Application Thread] INFO  o.h.annotations.common.Version - HCANN000001: Hibernate Commons Annotations {5.1.0.Final}
2371 [JavaFX Application Thread] INFO  com.zaxxer.hikari.HikariDataSource - HikariPool-1 - Starting...
2896 [JavaFX Application Thread] INFO  com.zaxxer.hikari.HikariDataSource - HikariPool-1 - Start completed.
2924 [JavaFX Application Thread] INFO  org.hibernate.dialect.Dialect - HHH000400: Using dialect: org.hibernate.dialect.PostgreSQL10Dialect
7072 [JavaFX Application Thread] INFO  o.h.validator.internal.util.Version - HV000001: Hibernate Validator 6.0.18.Final
8188 [JavaFX Application Thread] INFO  o.h.e.t.j.p.i.JtaPlatformInitiator - HHH000490: Using JtaPlatform implementation: [org.hibernate.engine.transaction.jta.platform.internal.NoJtaPlatform]
8195 [JavaFX Application Thread] INFO  o.s.o.j.LocalContainerEntityManagerFactoryBean - Initialized JPA EntityManagerFactory for persistence unit 'default'
13423 [JavaFX Application Thread] INFO  r.application.AdministrationService - All trains
21054 [JavaFX Application Thread] INFO  r.application.AdministrationService - Print powersources compatible with train weight
224  [JavaFX Application Thread] INFO  richrail.TrainApplication - Example log richrail.TrainApplication
1239 [JavaFX Application Thread] INFO  o.s.d.r.c.RepositoryConfigurationDelegate - Bootstrapping Spring Data JPA repositories in DEFAULT mode.
1330 [JavaFX Application Thread] INFO  o.s.d.r.c.RepositoryConfigurationDelegate - Finished Spring Data repository scanning in 81ms. Found 3 JPA repository interfaces.
1929 [JavaFX Application Thread] INFO  o.h.jpa.internal.util.LogHelper - HHH000204: Processing PersistenceUnitInfo [name: default]
1982 [JavaFX Application Thread] INFO  org.hibernate.Version - HHH000412: Hibernate ORM core version 5.4.20.Final
2112 [JavaFX Application Thread] INFO  o.h.annotations.common.Version - HCANN000001: Hibernate Commons Annotations {5.1.0.Final}
2414 [JavaFX Application Thread] INFO  com.zaxxer.hikari.HikariDataSource - HikariPool-1 - Starting...
3250 [JavaFX Application Thread] INFO  com.zaxxer.hikari.HikariDataSource - HikariPool-1 - Start completed.
3280 [JavaFX Application Thread] INFO  org.hibernate.dialect.Dialect - HHH000400: Using dialect: org.hibernate.dialect.PostgreSQL10Dialect
11304 [JavaFX Application Thread] INFO  o.h.validator.internal.util.Version - HV000001: Hibernate Validator 6.0.18.Final
12897 [JavaFX Application Thread] INFO  o.h.e.t.j.p.i.JtaPlatformInitiator - HHH000490: Using JtaPlatform implementation: [org.hibernate.engine.transaction.jta.platform.internal.NoJtaPlatform]
12905 [JavaFX Application Thread] INFO  o.s.o.j.LocalContainerEntityManagerFactoryBean - Initialized JPA EntityManagerFactory for persistence unit 'default'
25654 [JavaFX Application Thread] INFO  r.application.AdministrationService - Print powersources compatible with train weight
244  [JavaFX Application Thread] INFO  richrail.TrainApplication - Example log richrail.TrainApplication
1246 [JavaFX Application Thread] INFO  o.s.d.r.c.RepositoryConfigurationDelegate - Bootstrapping Spring Data JPA repositories in DEFAULT mode.
1333 [JavaFX Application Thread] INFO  o.s.d.r.c.RepositoryConfigurationDelegate - Finished Spring Data repository scanning in 78ms. Found 3 JPA repository interfaces.
1943 [JavaFX Application Thread] INFO  o.h.jpa.internal.util.LogHelper - HHH000204: Processing PersistenceUnitInfo [name: default]
1997 [JavaFX Application Thread] INFO  org.hibernate.Version - HHH000412: Hibernate ORM core version 5.4.20.Final
2122 [JavaFX Application Thread] INFO  o.h.annotations.common.Version - HCANN000001: Hibernate Commons Annotations {5.1.0.Final}
2415 [JavaFX Application Thread] INFO  com.zaxxer.hikari.HikariDataSource - HikariPool-1 - Starting...
2943 [JavaFX Application Thread] INFO  com.zaxxer.hikari.HikariDataSource - HikariPool-1 - Start completed.
2971 [JavaFX Application Thread] INFO  org.hibernate.dialect.Dialect - HHH000400: Using dialect: org.hibernate.dialect.PostgreSQL10Dialect
7083 [JavaFX Application Thread] INFO  o.h.validator.internal.util.Version - HV000001: Hibernate Validator 6.0.18.Final
8184 [JavaFX Application Thread] INFO  o.h.e.t.j.p.i.JtaPlatformInitiator - HHH000490: Using JtaPlatform implementation: [org.hibernate.engine.transaction.jta.platform.internal.NoJtaPlatform]
8190 [JavaFX Application Thread] INFO  o.s.o.j.LocalContainerEntityManagerFactoryBean - Initialized JPA EntityManagerFactory for persistence unit 'default'
31400 [JavaFX Application Thread] INFO  r.application.AdministrationService - Print powersources compatible with train weight
37103 [JavaFX Application Thread] INFO  r.application.AdministrationService - Print powersources compatible with train weight
250  [JavaFX Application Thread] INFO  richrail.TrainApplication - Example log richrail.TrainApplication
1267 [JavaFX Application Thread] INFO  o.s.d.r.c.RepositoryConfigurationDelegate - Bootstrapping Spring Data JPA repositories in DEFAULT mode.
1357 [JavaFX Application Thread] INFO  o.s.d.r.c.RepositoryConfigurationDelegate - Finished Spring Data repository scanning in 81ms. Found 3 JPA repository interfaces.
1963 [JavaFX Application Thread] INFO  o.h.jpa.internal.util.LogHelper - HHH000204: Processing PersistenceUnitInfo [name: default]
2010 [JavaFX Application Thread] INFO  org.hibernate.Version - HHH000412: Hibernate ORM core version 5.4.20.Final
2155 [JavaFX Application Thread] INFO  o.h.annotations.common.Version - HCANN000001: Hibernate Commons Annotations {5.1.0.Final}
2445 [JavaFX Application Thread] INFO  com.zaxxer.hikari.HikariDataSource - HikariPool-1 - Starting...
2993 [JavaFX Application Thread] INFO  com.zaxxer.hikari.HikariDataSource - HikariPool-1 - Start completed.
3020 [JavaFX Application Thread] INFO  org.hibernate.dialect.Dialect - HHH000400: Using dialect: org.hibernate.dialect.PostgreSQL10Dialect
7695 [JavaFX Application Thread] INFO  o.h.validator.internal.util.Version - HV000001: Hibernate Validator 6.0.18.Final
8826 [JavaFX Application Thread] INFO  o.h.e.t.j.p.i.JtaPlatformInitiator - HHH000490: Using JtaPlatform implementation: [org.hibernate.engine.transaction.jta.platform.internal.NoJtaPlatform]
8833 [JavaFX Application Thread] INFO  o.s.o.j.LocalContainerEntityManagerFactoryBean - Initialized JPA EntityManagerFactory for persistence unit 'default'
22510 [JavaFX Application Thread] INFO  r.application.AdministrationService - Print powersources compatible with train weight
258  [JavaFX Application Thread] INFO  richrail.TrainApplication - Example log richrail.TrainApplication
1248 [JavaFX Application Thread] INFO  o.s.d.r.c.RepositoryConfigurationDelegate - Bootstrapping Spring Data JPA repositories in DEFAULT mode.
1338 [JavaFX Application Thread] INFO  o.s.d.r.c.RepositoryConfigurationDelegate - Finished Spring Data repository scanning in 82ms. Found 3 JPA repository interfaces.
1951 [JavaFX Application Thread] INFO  o.h.jpa.internal.util.LogHelper - HHH000204: Processing PersistenceUnitInfo [name: default]
1998 [JavaFX Application Thread] INFO  org.hibernate.Version - HHH000412: Hibernate ORM core version 5.4.20.Final
2124 [JavaFX Application Thread] INFO  o.h.annotations.common.Version - HCANN000001: Hibernate Commons Annotations {5.1.0.Final}
2422 [JavaFX Application Thread] INFO  com.zaxxer.hikari.HikariDataSource - HikariPool-1 - Starting...
3222 [JavaFX Application Thread] INFO  com.zaxxer.hikari.HikariDataSource - HikariPool-1 - Start completed.
3249 [JavaFX Application Thread] INFO  org.hibernate.dialect.Dialect - HHH000400: Using dialect: org.hibernate.dialect.PostgreSQL10Dialect
9645 [JavaFX Application Thread] INFO  o.h.validator.internal.util.Version - HV000001: Hibernate Validator 6.0.18.Final
10801 [JavaFX Application Thread] INFO  o.h.e.t.j.p.i.JtaPlatformInitiator - HHH000490: Using JtaPlatform implementation: [org.hibernate.engine.transaction.jta.platform.internal.NoJtaPlatform]
10807 [JavaFX Application Thread] INFO  o.s.o.j.LocalContainerEntityManagerFactoryBean - Initialized JPA EntityManagerFactory for persistence unit 'default'
25160 [JavaFX Application Thread] INFO  r.application.AdministrationService - Print powersources compatible with train weight
240  [JavaFX Application Thread] INFO  richrail.TrainApplication - Example log richrail.TrainApplication
1197 [JavaFX Application Thread] INFO  o.s.d.r.c.RepositoryConfigurationDelegate - Bootstrapping Spring Data JPA repositories in DEFAULT mode.
1284 [JavaFX Application Thread] INFO  o.s.d.r.c.RepositoryConfigurationDelegate - Finished Spring Data repository scanning in 78ms. Found 3 JPA repository interfaces.
1917 [JavaFX Application Thread] INFO  o.h.jpa.internal.util.LogHelper - HHH000204: Processing PersistenceUnitInfo [name: default]
1968 [JavaFX Application Thread] INFO  org.hibernate.Version - HHH000412: Hibernate ORM core version 5.4.20.Final
2097 [JavaFX Application Thread] INFO  o.h.annotations.common.Version - HCANN000001: Hibernate Commons Annotations {5.1.0.Final}
2384 [JavaFX Application Thread] INFO  com.zaxxer.hikari.HikariDataSource - HikariPool-1 - Starting...
2908 [JavaFX Application Thread] INFO  com.zaxxer.hikari.HikariDataSource - HikariPool-1 - Start completed.
2936 [JavaFX Application Thread] INFO  org.hibernate.dialect.Dialect - HHH000400: Using dialect: org.hibernate.dialect.PostgreSQL10Dialect
7035 [JavaFX Application Thread] INFO  o.h.validator.internal.util.Version - HV000001: Hibernate Validator 6.0.18.Final
8343 [JavaFX Application Thread] INFO  o.h.e.t.j.p.i.JtaPlatformInitiator - HHH000490: Using JtaPlatform implementation: [org.hibernate.engine.transaction.jta.platform.internal.NoJtaPlatform]
8353 [JavaFX Application Thread] INFO  o.s.o.j.LocalContainerEntityManagerFactoryBean - Initialized JPA EntityManagerFactory for persistence unit 'default'
14092 [JavaFX Application Thread] INFO  r.application.AdministrationService - All trains
22852 [JavaFX Application Thread] INFO  r.application.AdministrationService - Print powersources compatible with train weight
223  [JavaFX Application Thread] INFO  richrail.TrainApplication - Example log richrail.TrainApplication
1223 [JavaFX Application Thread] INFO  o.s.d.r.c.RepositoryConfigurationDelegate - Bootstrapping Spring Data JPA repositories in DEFAULT mode.
1311 [JavaFX Application Thread] INFO  o.s.d.r.c.RepositoryConfigurationDelegate - Finished Spring Data repository scanning in 79ms. Found 3 JPA repository interfaces.
1928 [JavaFX Application Thread] INFO  o.h.jpa.internal.util.LogHelper - HHH000204: Processing PersistenceUnitInfo [name: default]
1978 [JavaFX Application Thread] INFO  org.hibernate.Version - HHH000412: Hibernate ORM core version 5.4.20.Final
2120 [JavaFX Application Thread] INFO  o.h.annotations.common.Version - HCANN000001: Hibernate Commons Annotations {5.1.0.Final}
2443 [JavaFX Application Thread] INFO  com.zaxxer.hikari.HikariDataSource - HikariPool-1 - Starting...
2979 [JavaFX Application Thread] INFO  com.zaxxer.hikari.HikariDataSource - HikariPool-1 - Start completed.
3009 [JavaFX Application Thread] INFO  org.hibernate.dialect.Dialect - HHH000400: Using dialect: org.hibernate.dialect.PostgreSQL10Dialect
7292 [JavaFX Application Thread] INFO  o.h.validator.internal.util.Version - HV000001: Hibernate Validator 6.0.18.Final
8393 [JavaFX Application Thread] INFO  o.h.e.t.j.p.i.JtaPlatformInitiator - HHH000490: Using JtaPlatform implementation: [org.hibernate.engine.transaction.jta.platform.internal.NoJtaPlatform]
8399 [JavaFX Application Thread] INFO  o.s.o.j.LocalContainerEntityManagerFactoryBean - Initialized JPA EntityManagerFactory for persistence unit 'default'
13781 [JavaFX Application Thread] INFO  r.application.AdministrationService - All trains
21787 [JavaFX Application Thread] INFO  r.application.AdministrationService - Print powersources compatible with train weight
26118 [JavaFX Application Thread] INFO  r.application.AdministrationService - Print powersources compatible with train weight
60462 [JavaFX Application Thread] INFO  r.application.AdministrationService - All trains
62228 [JavaFX Application Thread] INFO  r.application.AdministrationService - Show train info
62295 [JavaFX Application Thread] INFO  r.application.AdministrationService - Show train info[Train]: test[id] b59fd9fc-708f-41da-9651-8c47567c7bac [Powersource] electric[MAXWEIGHT]:4000 [CLIMATEIMPACT]:medium []
62309 [JavaFX Application Thread] INFO  r.application.AdministrationService - All wagons from train[Train]: test[id] b59fd9fc-708f-41da-9651-8c47567c7bac [Powersource] electric[MAXWEIGHT]:4000 [CLIMATEIMPACT]:medium []
63694 [JavaFX Application Thread] INFO  r.application.AdministrationService - Show train info
63759 [JavaFX Application Thread] INFO  r.application.AdministrationService - Show train info[Train]: test[id] b59fd9fc-708f-41da-9651-8c47567c7bac [Powersource] electric[MAXWEIGHT]:4000 [CLIMATEIMPACT]:medium []
66493 [JavaFX Application Thread] INFO  r.application.AdministrationService - Show train info
66591 [JavaFX Application Thread] INFO  r.application.AdministrationService - Show train info[Train]: test[id] b59fd9fc-708f-41da-9651-8c47567c7bac [Powersource] electric[MAXWEIGHT]:4000 [CLIMATEIMPACT]:medium [1 : car [NameOfCar] grain [Weight]:30 [WagonTypeName]:boer]
71017 [JavaFX Application Thread] INFO  r.application.AdministrationService - Show train info
71112 [JavaFX Application Thread] INFO  r.application.AdministrationService - Show train info[Train]: test[id] b59fd9fc-708f-41da-9651-8c47567c7bac [Powersource] electric[MAXWEIGHT]:4000 [CLIMATEIMPACT]:medium [1 : car [NameOfCar] grain [Weight]:30 [WagonTypeName]:boer]
71112 [JavaFX Application Thread] INFO  r.application.AdministrationService - All wagons from train[Train]: test[id] b59fd9fc-708f-41da-9651-8c47567c7bac [Powersource] electric[MAXWEIGHT]:4000 [CLIMATEIMPACT]:medium [1 : car [NameOfCar] grain [Weight]:30 [WagonTypeName]:boer]
75419 [JavaFX Application Thread] INFO  r.application.AdministrationService - Show train info
75517 [JavaFX Application Thread] INFO  r.application.AdministrationService - Show train info[Train]: test[id] b59fd9fc-708f-41da-9651-8c47567c7bac [Powersource] electric[MAXWEIGHT]:4000 [CLIMATEIMPACT]:medium [1 : car [NameOfCar] grain [Weight]:30 [WagonTypeName]:boer]
77703 [JavaFX Application Thread] INFO  r.application.AdministrationService - Show train info
77797 [JavaFX Application Thread] INFO  r.application.AdministrationService - Show train info[Train]: test[id] b59fd9fc-708f-41da-9651-8c47567c7bac [Powersource] electric[MAXWEIGHT]:4000 [CLIMATEIMPACT]:medium [1 : car [NameOfCar] grain [Weight]:30 [WagonTypeName]:boer]
77798 [JavaFX Application Thread] INFO  r.application.AdministrationService - All wagons from train[Train]: test[id] b59fd9fc-708f-41da-9651-8c47567c7bac [Powersource] electric[MAXWEIGHT]:4000 [CLIMATEIMPACT]:medium [1 : car [NameOfCar] grain [Weight]:30 [WagonTypeName]:boer]
80222 [JavaFX Application Thread] INFO  r.application.AdministrationService - All trains
83670 [JavaFX Application Thread] INFO  r.application.AdministrationService - Show train info
83753 [JavaFX Application Thread] INFO  r.application.AdministrationService - Show train info[Train]: gsjhsbk[id] 26ffcfcc-b84d-426b-99ba-0f460c4cc09a [Powersource] electric[MAXWEIGHT]:4000 [CLIMATEIMPACT]:medium []
83754 [JavaFX Application Thread] INFO  r.application.AdministrationService - All wagons from train[Train]: gsjhsbk[id] 26ffcfcc-b84d-426b-99ba-0f460c4cc09a [Powersource] electric[MAXWEIGHT]:4000 [CLIMATEIMPACT]:medium []
85604 [JavaFX Application Thread] INFO  r.application.AdministrationService - Show train info
85666 [JavaFX Application Thread] INFO  r.application.AdministrationService - Show train info[Train]: gsjhsbk[id] 26ffcfcc-b84d-426b-99ba-0f460c4cc09a [Powersource] electric[MAXWEIGHT]:4000 [CLIMATEIMPACT]:medium []
90185 [JavaFX Application Thread] INFO  r.application.AdministrationService - All trains
92071 [JavaFX Application Thread] INFO  r.application.AdministrationService - Show train info
92165 [JavaFX Application Thread] INFO  r.application.AdministrationService - Show train info[Train]: test[id] b59fd9fc-708f-41da-9651-8c47567c7bac [Powersource] electric[MAXWEIGHT]:4000 [CLIMATEIMPACT]:medium [1 : car [NameOfCar] grain [Weight]:30 [WagonTypeName]:boer]
92166 [JavaFX Application Thread] INFO  r.application.AdministrationService - All wagons from train[Train]: test[id] b59fd9fc-708f-41da-9651-8c47567c7bac [Powersource] electric[MAXWEIGHT]:4000 [CLIMATEIMPACT]:medium [1 : car [NameOfCar] grain [Weight]:30 [WagonTypeName]:boer]
95662 [JavaFX Application Thread] INFO  r.application.AdministrationService - Show train info
95756 [JavaFX Application Thread] INFO  r.application.AdministrationService - Show train info[Train]: test[id] b59fd9fc-708f-41da-9651-8c47567c7bac [Powersource] electric[MAXWEIGHT]:4000 [CLIMATEIMPACT]:medium [1 : car [NameOfCar] grain [Weight]:30 [WagonTypeName]:boer]
100081 [JavaFX Application Thread] INFO  r.application.AdministrationService - Show train info
100175 [JavaFX Application Thread] INFO  r.application.AdministrationService - Show train info[Train]: test[id] b59fd9fc-708f-41da-9651-8c47567c7bac [Powersource] electric[MAXWEIGHT]:4000 [CLIMATEIMPACT]:medium [2 : car [NameOfCar] grain [Weight]:30 [WagonTypeName]:boer]
100723 [JavaFX Application Thread] INFO  r.application.AdministrationService - Show train info
100823 [JavaFX Application Thread] INFO  r.application.AdministrationService - Show train info[Train]: test[id] b59fd9fc-708f-41da-9651-8c47567c7bac [Powersource] electric[MAXWEIGHT]:4000 [CLIMATEIMPACT]:medium [2 : car [NameOfCar] grain [Weight]:30 [WagonTypeName]:boer]
101522 [JavaFX Application Thread] INFO  r.application.AdministrationService - Show train info
101619 [JavaFX Application Thread] INFO  r.application.AdministrationService - Show train info[Train]: test[id] b59fd9fc-708f-41da-9651-8c47567c7bac [Powersource] electric[MAXWEIGHT]:4000 [CLIMATEIMPACT]:medium [2 : car [NameOfCar] grain [Weight]:30 [WagonTypeName]:boer]
104416 [JavaFX Application Thread] INFO  r.application.AdministrationService - Show train info
104508 [JavaFX Application Thread] INFO  r.application.AdministrationService - Show train info[Train]: test[id] b59fd9fc-708f-41da-9651-8c47567c7bac [Powersource] electric[MAXWEIGHT]:4000 [CLIMATEIMPACT]:medium [3 : car [NameOfCar] grain [Weight]:30 [WagonTypeName]:boer]
107076 [JavaFX Application Thread] INFO  r.application.AdministrationService - Show train info
107169 [JavaFX Application Thread] INFO  r.application.AdministrationService - Show train info[Train]: test[id] b59fd9fc-708f-41da-9651-8c47567c7bac [Powersource] electric[MAXWEIGHT]:4000 [CLIMATEIMPACT]:medium [4 : car [NameOfCar] grain [Weight]:30 [WagonTypeName]:boer]
122387 [JavaFX Application Thread] INFO  r.application.AdministrationService - All trains
124590 [JavaFX Application Thread] INFO  r.application.AdministrationService - Show train info
124686 [JavaFX Application Thread] INFO  r.application.AdministrationService - Show train info[Train]: test[id] b59fd9fc-708f-41da-9651-8c47567c7bac [Powersource] electric[MAXWEIGHT]:4000 [CLIMATEIMPACT]:medium [4 : car [NameOfCar] grain [Weight]:30 [WagonTypeName]:boer]
124687 [JavaFX Application Thread] INFO  r.application.AdministrationService - All wagons from train[Train]: test[id] b59fd9fc-708f-41da-9651-8c47567c7bac [Powersource] electric[MAXWEIGHT]:4000 [CLIMATEIMPACT]:medium [4 : car [NameOfCar] grain [Weight]:30 [WagonTypeName]:boer]
126071 [JavaFX Application Thread] INFO  r.application.AdministrationService - Show train info
126162 [JavaFX Application Thread] INFO  r.application.AdministrationService - Show train info[Train]: test[id] b59fd9fc-708f-41da-9651-8c47567c7bac [Powersource] electric[MAXWEIGHT]:4000 [CLIMATEIMPACT]:medium [4 : car [NameOfCar] grain [Weight]:30 [WagonTypeName]:boer]
129659 [JavaFX Application Thread] INFO  r.application.AdministrationService - Show train info
129749 [JavaFX Application Thread] INFO  r.application.AdministrationService - Show train info[Train]: test[id] b59fd9fc-708f-41da-9651-8c47567c7bac [Powersource] electric[MAXWEIGHT]:4000 [CLIMATEIMPACT]:medium [5 : car [NameOfCar] grain [Weight]:30 [WagonTypeName]:boer]
133688 [JavaFX Application Thread] INFO  r.application.AdministrationService - Show train info
133810 [JavaFX Application Thread] INFO  r.application.AdministrationService - Show train info[Train]: test[id] b59fd9fc-708f-41da-9651-8c47567c7bac [Powersource] electric[MAXWEIGHT]:4000 [CLIMATEIMPACT]:medium [5 : car [NameOfCar] grain [Weight]:30 [WagonTypeName]:boer, 1 : car [NameOfCar] audi [Weight]:3000 [WagonTypeName]:garage]
136829 [JavaFX Application Thread] INFO  r.application.AdministrationService - Show train info
136952 [JavaFX Application Thread] INFO  r.application.AdministrationService - Show train info[Train]: test[id] b59fd9fc-708f-41da-9651-8c47567c7bac [Powersource] electric[MAXWEIGHT]:4000 [CLIMATEIMPACT]:medium [5 : car [NameOfCar] grain [Weight]:30 [WagonTypeName]:boer, 1 : car [NameOfCar] audi [Weight]:3000 [WagonTypeName]:garage]
181004 [JavaFX Application Thread] INFO  r.application.AdministrationService - Show train info
181139 [JavaFX Application Thread] INFO  r.application.AdministrationService - Show train info[Train]: test[id] b59fd9fc-708f-41da-9651-8c47567c7bac [Powersource] electric[MAXWEIGHT]:4000 [CLIMATEIMPACT]:medium [5 : car [NameOfCar] grain [Weight]:30 [WagonTypeName]:boer, 1 : car [NameOfCar] audi [Weight]:3000 [WagonTypeName]:garage]
181139 [JavaFX Application Thread] INFO  r.application.AdministrationService - All wagons from train[Train]: test[id] b59fd9fc-708f-41da-9651-8c47567c7bac [Powersource] electric[MAXWEIGHT]:4000 [CLIMATEIMPACT]:medium [5 : car [NameOfCar] grain [Weight]:30 [WagonTypeName]:boer, 1 : car [NameOfCar] audi [Weight]:3000 [WagonTypeName]:garage]
183189 [JavaFX Application Thread] INFO  r.application.AdministrationService - Delete wagon
183189 [JavaFX Application Thread] INFO  r.application.AdministrationService - Trainwagons before delete [5 : car [NameOfCar] grain [Weight]:30 [WagonTypeName]:boer, 1 : car [NameOfCar] audi [Weight]:3000 [WagonTypeName]:garage]
183474 [JavaFX Application Thread] INFO  r.application.AdministrationService - Show train info
183597 [JavaFX Application Thread] INFO  r.application.AdministrationService - Show train info[Train]: test[id] b59fd9fc-708f-41da-9651-8c47567c7bac [Powersource] electric[MAXWEIGHT]:4000 [CLIMATEIMPACT]:medium [1 : car [NameOfCar] audi [Weight]:3000 [WagonTypeName]:garage, 4 : car [NameOfCar] grain [Weight]:30 [WagonTypeName]:boer]
183598 [JavaFX Application Thread] INFO  r.application.AdministrationService - All wagons from train[Train]: test[id] b59fd9fc-708f-41da-9651-8c47567c7bac [Powersource] electric[MAXWEIGHT]:4000 [CLIMATEIMPACT]:medium [1 : car [NameOfCar] audi [Weight]:3000 [WagonTypeName]:garage, 4 : car [NameOfCar] grain [Weight]:30 [WagonTypeName]:boer]
186415 [JavaFX Application Thread] INFO  r.application.AdministrationService - Delete wagon
186415 [JavaFX Application Thread] INFO  r.application.AdministrationService - Trainwagons before delete [1 : car [NameOfCar] audi [Weight]:3000 [WagonTypeName]:garage, 4 : car [NameOfCar] grain [Weight]:30 [WagonTypeName]:boer]
186692 [JavaFX Application Thread] INFO  r.application.AdministrationService - Show train info
186816 [JavaFX Application Thread] INFO  r.application.AdministrationService - Show train info[Train]: test[id] b59fd9fc-708f-41da-9651-8c47567c7bac [Powersource] electric[MAXWEIGHT]:4000 [CLIMATEIMPACT]:medium [1 : car [NameOfCar] audi [Weight]:3000 [WagonTypeName]:garage, 3 : car [NameOfCar] grain [Weight]:30 [WagonTypeName]:boer]
186817 [JavaFX Application Thread] INFO  r.application.AdministrationService - All wagons from train[Train]: test[id] b59fd9fc-708f-41da-9651-8c47567c7bac [Powersource] electric[MAXWEIGHT]:4000 [CLIMATEIMPACT]:medium [1 : car [NameOfCar] audi [Weight]:3000 [WagonTypeName]:garage, 3 : car [NameOfCar] grain [Weight]:30 [WagonTypeName]:boer]
188617 [JavaFX Application Thread] INFO  r.application.AdministrationService - Delete wagon
188617 [JavaFX Application Thread] INFO  r.application.AdministrationService - Trainwagons before delete [1 : car [NameOfCar] audi [Weight]:3000 [WagonTypeName]:garage, 3 : car [NameOfCar] grain [Weight]:30 [WagonTypeName]:boer]
188898 [JavaFX Application Thread] INFO  r.application.AdministrationService - Show train info
189036 [JavaFX Application Thread] INFO  r.application.AdministrationService - Show train info[Train]: test[id] b59fd9fc-708f-41da-9651-8c47567c7bac [Powersource] electric[MAXWEIGHT]:4000 [CLIMATEIMPACT]:medium [1 : car [NameOfCar] audi [Weight]:3000 [WagonTypeName]:garage, 2 : car [NameOfCar] grain [Weight]:30 [WagonTypeName]:boer]
189037 [JavaFX Application Thread] INFO  r.application.AdministrationService - All wagons from train[Train]: test[id] b59fd9fc-708f-41da-9651-8c47567c7bac [Powersource] electric[MAXWEIGHT]:4000 [CLIMATEIMPACT]:medium [1 : car [NameOfCar] audi [Weight]:3000 [WagonTypeName]:garage, 2 : car [NameOfCar] grain [Weight]:30 [WagonTypeName]:boer]
191152 [JavaFX Application Thread] INFO  r.application.AdministrationService - Delete wagon
191153 [JavaFX Application Thread] INFO  r.application.AdministrationService - Trainwagons before delete [1 : car [NameOfCar] audi [Weight]:3000 [WagonTypeName]:garage, 2 : car [NameOfCar] grain [Weight]:30 [WagonTypeName]:boer]
191429 [JavaFX Application Thread] INFO  r.application.AdministrationService - Show train info
191555 [JavaFX Application Thread] INFO  r.application.AdministrationService - Show train info[Train]: test[id] b59fd9fc-708f-41da-9651-8c47567c7bac [Powersource] electric[MAXWEIGHT]:4000 [CLIMATEIMPACT]:medium [1 : car [NameOfCar] audi [Weight]:3000 [WagonTypeName]:garage, 1 : car [NameOfCar] grain [Weight]:30 [WagonTypeName]:boer]
191556 [JavaFX Application Thread] INFO  r.application.AdministrationService - All wagons from train[Train]: test[id] b59fd9fc-708f-41da-9651-8c47567c7bac [Powersource] electric[MAXWEIGHT]:4000 [CLIMATEIMPACT]:medium [1 : car [NameOfCar] audi [Weight]:3000 [WagonTypeName]:garage, 1 : car [NameOfCar] grain [Weight]:30 [WagonTypeName]:boer]
193541 [JavaFX Application Thread] INFO  r.application.AdministrationService - Delete wagon
193541 [JavaFX Application Thread] INFO  r.application.AdministrationService - Trainwagons before delete [1 : car [NameOfCar] audi [Weight]:3000 [WagonTypeName]:garage, 1 : car [NameOfCar] grain [Weight]:30 [WagonTypeName]:boer]
193824 [JavaFX Application Thread] INFO  r.application.AdministrationService - Show train info
193951 [JavaFX Application Thread] INFO  r.application.AdministrationService - Show train info[Train]: test[id] b59fd9fc-708f-41da-9651-8c47567c7bac [Powersource] electric[MAXWEIGHT]:4000 [CLIMATEIMPACT]:medium [1 : car [NameOfCar] audi [Weight]:3000 [WagonTypeName]:garage, 0 : car [NameOfCar] grain [Weight]:30 [WagonTypeName]:boer]
193952 [JavaFX Application Thread] INFO  r.application.AdministrationService - All wagons from train[Train]: test[id] b59fd9fc-708f-41da-9651-8c47567c7bac [Powersource] electric[MAXWEIGHT]:4000 [CLIMATEIMPACT]:medium [1 : car [NameOfCar] audi [Weight]:3000 [WagonTypeName]:garage, 0 : car [NameOfCar] grain [Weight]:30 [WagonTypeName]:boer]
196479 [JavaFX Application Thread] INFO  r.application.AdministrationService - Delete wagon
196479 [JavaFX Application Thread] INFO  r.application.AdministrationService - Trainwagons before delete [1 : car [NameOfCar] audi [Weight]:3000 [WagonTypeName]:garage, 0 : car [NameOfCar] grain [Weight]:30 [WagonTypeName]:boer]
196763 [JavaFX Application Thread] INFO  r.application.AdministrationService - Show train info
196912 [JavaFX Application Thread] INFO  r.application.AdministrationService - Show train info[Train]: test[id] b59fd9fc-708f-41da-9651-8c47567c7bac [Powersource] electric[MAXWEIGHT]:4000 [CLIMATEIMPACT]:medium [0 : car [NameOfCar] grain [Weight]:30 [WagonTypeName]:boer, 0 : car [NameOfCar] audi [Weight]:3000 [WagonTypeName]:garage]
196913 [JavaFX Application Thread] INFO  r.application.AdministrationService - All wagons from train[Train]: test[id] b59fd9fc-708f-41da-9651-8c47567c7bac [Powersource] electric[MAXWEIGHT]:4000 [CLIMATEIMPACT]:medium [0 : car [NameOfCar] grain [Weight]:30 [WagonTypeName]:boer, 0 : car [NameOfCar] audi [Weight]:3000 [WagonTypeName]:garage]
197542 [JavaFX Application Thread] INFO  r.application.AdministrationService - Show train info
197668 [JavaFX Application Thread] INFO  r.application.AdministrationService - Show train info[Train]: test[id] b59fd9fc-708f-41da-9651-8c47567c7bac [Powersource] electric[MAXWEIGHT]:4000 [CLIMATEIMPACT]:medium [0 : car [NameOfCar] grain [Weight]:30 [WagonTypeName]:boer, 0 : car [NameOfCar] audi [Weight]:3000 [WagonTypeName]:garage]
242  [JavaFX Application Thread] INFO  richrail.TrainApplication - Example log richrail.TrainApplication
1229 [JavaFX Application Thread] INFO  o.s.d.r.c.RepositoryConfigurationDelegate - Bootstrapping Spring Data JPA repositories in DEFAULT mode.
1319 [JavaFX Application Thread] INFO  o.s.d.r.c.RepositoryConfigurationDelegate - Finished Spring Data repository scanning in 81ms. Found 3 JPA repository interfaces.
1935 [JavaFX Application Thread] INFO  o.h.jpa.internal.util.LogHelper - HHH000204: Processing PersistenceUnitInfo [name: default]
1982 [JavaFX Application Thread] INFO  org.hibernate.Version - HHH000412: Hibernate ORM core version 5.4.20.Final
2102 [JavaFX Application Thread] INFO  o.h.annotations.common.Version - HCANN000001: Hibernate Commons Annotations {5.1.0.Final}
2426 [JavaFX Application Thread] INFO  com.zaxxer.hikari.HikariDataSource - HikariPool-1 - Starting...
2953 [JavaFX Application Thread] INFO  com.zaxxer.hikari.HikariDataSource - HikariPool-1 - Start completed.
2981 [JavaFX Application Thread] INFO  org.hibernate.dialect.Dialect - HHH000400: Using dialect: org.hibernate.dialect.PostgreSQL10Dialect
7208 [JavaFX Application Thread] INFO  o.h.validator.internal.util.Version - HV000001: Hibernate Validator 6.0.18.Final
8340 [JavaFX Application Thread] INFO  o.h.e.t.j.p.i.JtaPlatformInitiator - HHH000490: Using JtaPlatform implementation: [org.hibernate.engine.transaction.jta.platform.internal.NoJtaPlatform]
8346 [JavaFX Application Thread] INFO  o.s.o.j.LocalContainerEntityManagerFactoryBean - Initialized JPA EntityManagerFactory for persistence unit 'default'
55045 [JavaFX Application Thread] INFO  r.application.AdministrationService - All trains
57536 [JavaFX Application Thread] INFO  r.application.AdministrationService - Show train info
57600 [JavaFX Application Thread] INFO  r.application.AdministrationService - Show train info[Train]: gsjhsbk[id] 26ffcfcc-b84d-426b-99ba-0f460c4cc09a [Powersource] electric[MAXWEIGHT]:4000 [CLIMATEIMPACT]:medium []
57610 [JavaFX Application Thread] INFO  r.application.AdministrationService - All wagons from train[Train]: gsjhsbk[id] 26ffcfcc-b84d-426b-99ba-0f460c4cc09a [Powersource] electric[MAXWEIGHT]:4000 [CLIMATEIMPACT]:medium []
59399 [JavaFX Application Thread] INFO  r.application.AdministrationService - Show train info
59463 [JavaFX Application Thread] INFO  r.application.AdministrationService - Show train info[Train]: gsjhsbk[id] 26ffcfcc-b84d-426b-99ba-0f460c4cc09a [Powersource] electric[MAXWEIGHT]:4000 [CLIMATEIMPACT]:medium []
63446 [JavaFX Application Thread] INFO  r.application.AdministrationService - Show train info
63572 [JavaFX Application Thread] INFO  r.application.AdministrationService - Show train info[Train]: gsjhsbk[id] 26ffcfcc-b84d-426b-99ba-0f460c4cc09a [Powersource] electric[MAXWEIGHT]:4000 [CLIMATEIMPACT]:medium [1 : car [NameOfCar] grain [Weight]:30 [WagonTypeName]:boer]
68324 [JavaFX Application Thread] INFO  r.application.AdministrationService - Show train info
68443 [JavaFX Application Thread] INFO  r.application.AdministrationService - Show train info[Train]: gsjhsbk[id] 26ffcfcc-b84d-426b-99ba-0f460c4cc09a [Powersource] electric[MAXWEIGHT]:4000 [CLIMATEIMPACT]:medium [2 : car [NameOfCar] grain [Weight]:30 [WagonTypeName]:boer]
69206 [JavaFX Application Thread] INFO  r.application.AdministrationService - Show train info
69324 [JavaFX Application Thread] INFO  r.application.AdministrationService - Show train info[Train]: gsjhsbk[id] 26ffcfcc-b84d-426b-99ba-0f460c4cc09a [Powersource] electric[MAXWEIGHT]:4000 [CLIMATEIMPACT]:medium [2 : car [NameOfCar] grain [Weight]:30 [WagonTypeName]:boer]
79774 [JavaFX Application Thread] INFO  r.application.AdministrationService - Show train info
79892 [JavaFX Application Thread] INFO  r.application.AdministrationService - Show train info[Train]: gsjhsbk[id] 26ffcfcc-b84d-426b-99ba-0f460c4cc09a [Powersource] electric[MAXWEIGHT]:4000 [CLIMATEIMPACT]:medium [2 : car [NameOfCar] grain [Weight]:30 [WagonTypeName]:boer]
79893 [JavaFX Application Thread] INFO  r.application.AdministrationService - All wagons from train[Train]: gsjhsbk[id] 26ffcfcc-b84d-426b-99ba-0f460c4cc09a [Powersource] electric[MAXWEIGHT]:4000 [CLIMATEIMPACT]:medium [2 : car [NameOfCar] grain [Weight]:30 [WagonTypeName]:boer]
82232 [JavaFX Application Thread] INFO  r.application.AdministrationService - Show train info
82352 [JavaFX Application Thread] INFO  r.application.AdministrationService - Show train info[Train]: gsjhsbk[id] 26ffcfcc-b84d-426b-99ba-0f460c4cc09a [Powersource] electric[MAXWEIGHT]:4000 [CLIMATEIMPACT]:medium [2 : car [NameOfCar] grain [Weight]:30 [WagonTypeName]:boer]
103115 [JavaFX Application Thread] INFO  r.application.AdministrationService - All trains
106209 [JavaFX Application Thread] INFO  r.application.AdministrationService - Show train info
106327 [JavaFX Application Thread] INFO  r.application.AdministrationService - Show train info[Train]: test[id] b59fd9fc-708f-41da-9651-8c47567c7bac [Powersource] electric[MAXWEIGHT]:4000 [CLIMATEIMPACT]:medium [0 : car [NameOfCar] grain [Weight]:30 [WagonTypeName]:boer]
106328 [JavaFX Application Thread] INFO  r.application.AdministrationService - All wagons from train[Train]: test[id] b59fd9fc-708f-41da-9651-8c47567c7bac [Powersource] electric[MAXWEIGHT]:4000 [CLIMATEIMPACT]:medium [0 : car [NameOfCar] grain [Weight]:30 [WagonTypeName]:boer]
107219 [JavaFX Application Thread] INFO  r.application.AdministrationService - Show train info
107336 [JavaFX Application Thread] INFO  r.application.AdministrationService - Show train info[Train]: test[id] b59fd9fc-708f-41da-9651-8c47567c7bac [Powersource] electric[MAXWEIGHT]:4000 [CLIMATEIMPACT]:medium [0 : car [NameOfCar] grain [Weight]:30 [WagonTypeName]:boer]
111447 [JavaFX Application Thread] INFO  r.application.AdministrationService - Show train info
111593 [JavaFX Application Thread] INFO  r.application.AdministrationService - Show train info[Train]: test[id] b59fd9fc-708f-41da-9651-8c47567c7bac [Powersource] electric[MAXWEIGHT]:4000 [CLIMATEIMPACT]:medium [0 : car [NameOfCar] grain [Weight]:30 [WagonTypeName]:boer, 1 : car [NameOfCar] audi [Weight]:1234 [WagonTypeName]:garag]
116694 [JavaFX Application Thread] INFO  r.application.AdministrationService - Show train info
116842 [JavaFX Application Thread] INFO  r.application.AdministrationService - Show train info[Train]: test[id] b59fd9fc-708f-41da-9651-8c47567c7bac [Powersource] electric[MAXWEIGHT]:4000 [CLIMATEIMPACT]:medium [1 : car [NameOfCar] audi [Weight]:1234 [WagonTypeName]:garag, 1 : car [NameOfCar] grain [Weight]:30 [WagonTypeName]:boer]
123097 [JavaFX Application Thread] INFO  r.application.AdministrationService - Show train info
123264 [JavaFX Application Thread] INFO  r.application.AdministrationService - Show train info[Train]: test[id] b59fd9fc-708f-41da-9651-8c47567c7bac [Powersource] electric[MAXWEIGHT]:4000 [CLIMATEIMPACT]:medium [1 : car [NameOfCar] grain [Weight]:30 [WagonTypeName]:boer, 2 : car [NameOfCar] audi [Weight]:1234 [WagonTypeName]:garag]
125049 [JavaFX Application Thread] INFO  r.application.AdministrationService - Show train info
125198 [JavaFX Application Thread] INFO  r.application.AdministrationService - Show train info[Train]: test[id] b59fd9fc-708f-41da-9651-8c47567c7bac [Powersource] electric[MAXWEIGHT]:4000 [CLIMATEIMPACT]:medium [1 : car [NameOfCar] grain [Weight]:30 [WagonTypeName]:boer, 2 : car [NameOfCar] audi [Weight]:1234 [WagonTypeName]:garag]
128435 [JavaFX Application Thread] INFO  r.application.AdministrationService - Show train info
128682 [JavaFX Application Thread] INFO  r.application.AdministrationService - Show train info[Train]: test[id] b59fd9fc-708f-41da-9651-8c47567c7bac [Powersource] electric[MAXWEIGHT]:4000 [CLIMATEIMPACT]:medium [1 : car [NameOfCar] grain [Weight]:30 [WagonTypeName]:boer, 3 : car [NameOfCar] audi [Weight]:1234 [WagonTypeName]:garag]
133015 [JavaFX Application Thread] INFO  r.application.AdministrationService - Show train info
133162 [JavaFX Application Thread] INFO  r.application.AdministrationService - Show train info[Train]: test[id] b59fd9fc-708f-41da-9651-8c47567c7bac [Powersource] electric[MAXWEIGHT]:4000 [CLIMATEIMPACT]:medium [1 : car [NameOfCar] grain [Weight]:30 [WagonTypeName]:boer, 3 : car [NameOfCar] audi [Weight]:1234 [WagonTypeName]:garag]
137915 [JavaFX Application Thread] INFO  r.application.AdministrationService - Delete wagon
137916 [JavaFX Application Thread] INFO  r.application.AdministrationService - Trainwagons before delete [1 : car [NameOfCar] grain [Weight]:30 [WagonTypeName]:boer, 3 : car [NameOfCar] audi [Weight]:1234 [WagonTypeName]:garag]
138103 [JavaFX Application Thread] INFO  r.application.AdministrationService - Show train info
138259 [JavaFX Application Thread] INFO  r.application.AdministrationService - Show train info[Train]: test[id] b59fd9fc-708f-41da-9651-8c47567c7bac [Powersource] electric[MAXWEIGHT]:4000 [CLIMATEIMPACT]:medium [3 : car [NameOfCar] audi [Weight]:1234 [WagonTypeName]:garag, 0 : car [NameOfCar] grain [Weight]:30 [WagonTypeName]:boer]
141092 [JavaFX Application Thread] INFO  r.application.AdministrationService - Delete wagon
141093 [JavaFX Application Thread] INFO  r.application.AdministrationService - Trainwagons before delete [3 : car [NameOfCar] audi [Weight]:1234 [WagonTypeName]:garag, 0 : car [NameOfCar] grain [Weight]:30 [WagonTypeName]:boer]
141272 [JavaFX Application Thread] INFO  r.application.AdministrationService - Show train info
141422 [JavaFX Application Thread] INFO  r.application.AdministrationService - Show train info[Train]: test[id] b59fd9fc-708f-41da-9651-8c47567c7bac [Powersource] electric[MAXWEIGHT]:4000 [CLIMATEIMPACT]:medium [0 : car [NameOfCar] grain [Weight]:30 [WagonTypeName]:boer, 2 : car [NameOfCar] audi [Weight]:1234 [WagonTypeName]:garag]
144211 [JavaFX Application Thread] INFO  r.application.AdministrationService - Delete wagon
144212 [JavaFX Application Thread] INFO  r.application.AdministrationService - Trainwagons before delete [0 : car [NameOfCar] grain [Weight]:30 [WagonTypeName]:boer, 2 : car [NameOfCar] audi [Weight]:1234 [WagonTypeName]:garag]
144388 [JavaFX Application Thread] INFO  r.application.AdministrationService - Show train info
144542 [JavaFX Application Thread] INFO  r.application.AdministrationService - Show train info[Train]: test[id] b59fd9fc-708f-41da-9651-8c47567c7bac [Powersource] electric[MAXWEIGHT]:4000 [CLIMATEIMPACT]:medium [0 : car [NameOfCar] grain [Weight]:30 [WagonTypeName]:boer, 1 : car [NameOfCar] audi [Weight]:1234 [WagonTypeName]:garag]
147730 [JavaFX Application Thread] INFO  r.application.AdministrationService - Show train info
147890 [JavaFX Application Thread] INFO  r.application.AdministrationService - Show train info[Train]: test[id] b59fd9fc-708f-41da-9651-8c47567c7bac [Powersource] electric[MAXWEIGHT]:4000 [CLIMATEIMPACT]:medium [0 : car [NameOfCar] grain [Weight]:30 [WagonTypeName]:boer, 1 : car [NameOfCar] audi [Weight]:1234 [WagonTypeName]:garag]
147891 [JavaFX Application Thread] INFO  r.application.AdministrationService - All wagons from train[Train]: test[id] b59fd9fc-708f-41da-9651-8c47567c7bac [Powersource] electric[MAXWEIGHT]:4000 [CLIMATEIMPACT]:medium [0 : car [NameOfCar] grain [Weight]:30 [WagonTypeName]:boer, 1 : car [NameOfCar] audi [Weight]:1234 [WagonTypeName]:garag]
154162 [JavaFX Application Thread] INFO  r.application.AdministrationService - All trains
155534 [JavaFX Application Thread] INFO  r.application.AdministrationService - All trains
157234 [JavaFX Application Thread] INFO  r.application.AdministrationService - All trains
